Archive member included to satisfy reference by file (symbol)

c:/st/stm32cubeide_1.7.0/stm32cubeide/plugins/com.st.stm32cube.ide.mcu.externaltools.gnu-tools-for-stm32.10.3-2021.10.win32_1.0.0.202111181127/tools/bin/../lib/gcc/arm-none-eabi/10.3.1/../../../../arm-none-eabi/lib/thumb/v7e-m+fp/hard\libc_nano.a(lib_a-atoi.o)
                              ./Core/Src/INTERNAL_RTC.o (atoi)
c:/st/stm32cubeide_1.7.0/stm32cubeide/plugins/com.st.stm32cube.ide.mcu.externaltools.gnu-tools-for-stm32.10.3-2021.10.win32_1.0.0.202111181127/tools/bin/../lib/gcc/arm-none-eabi/10.3.1/../../../../arm-none-eabi/lib/thumb/v7e-m+fp/hard\libc_nano.a(lib_a-errno.o)
                              ./Core/Src/syscalls.o (__errno)
c:/st/stm32cubeide_1.7.0/stm32cubeide/plugins/com.st.stm32cube.ide.mcu.externaltools.gnu-tools-for-stm32.10.3-2021.10.win32_1.0.0.202111181127/tools/bin/../lib/gcc/arm-none-eabi/10.3.1/../../../../arm-none-eabi/lib/thumb/v7e-m+fp/hard\libc_nano.a(lib_a-exit.o)
                              c:/st/stm32cubeide_1.7.0/stm32cubeide/plugins/com.st.stm32cube.ide.mcu.externaltools.gnu-tools-for-stm32.10.3-2021.10.win32_1.0.0.202111181127/tools/bin/../lib/gcc/arm-none-eabi/10.3.1/../../../../arm-none-eabi/lib/thumb/v7e-m+fp/hard/crt0.o (exit)
c:/st/stm32cubeide_1.7.0/stm32cubeide/plugins/com.st.stm32cube.ide.mcu.externaltools.gnu-tools-for-stm32.10.3-2021.10.win32_1.0.0.202111181127/tools/bin/../lib/gcc/arm-none-eabi/10.3.1/../../../../arm-none-eabi/lib/thumb/v7e-m+fp/hard\libc_nano.a(lib_a-impure.o)
                              c:/st/stm32cubeide_1.7.0/stm32cubeide/plugins/com.st.stm32cube.ide.mcu.externaltools.gnu-tools-for-stm32.10.3-2021.10.win32_1.0.0.202111181127/tools/bin/../lib/gcc/arm-none-eabi/10.3.1/../../../../arm-none-eabi/lib/thumb/v7e-m+fp/hard\libc_nano.a(lib_a-exit.o) (_global_impure_ptr)
c:/st/stm32cubeide_1.7.0/stm32cubeide/plugins/com.st.stm32cube.ide.mcu.externaltools.gnu-tools-for-stm32.10.3-2021.10.win32_1.0.0.202111181127/tools/bin/../lib/gcc/arm-none-eabi/10.3.1/../../../../arm-none-eabi/lib/thumb/v7e-m+fp/hard\libc_nano.a(lib_a-init.o)
                              c:/st/stm32cubeide_1.7.0/stm32cubeide/plugins/com.st.stm32cube.ide.mcu.externaltools.gnu-tools-for-stm32.10.3-2021.10.win32_1.0.0.202111181127/tools/bin/../lib/gcc/arm-none-eabi/10.3.1/../../../../arm-none-eabi/lib/thumb/v7e-m+fp/hard/crt0.o (__libc_init_array)
c:/st/stm32cubeide_1.7.0/stm32cubeide/plugins/com.st.stm32cube.ide.mcu.externaltools.gnu-tools-for-stm32.10.3-2021.10.win32_1.0.0.202111181127/tools/bin/../lib/gcc/arm-none-eabi/10.3.1/../../../../arm-none-eabi/lib/thumb/v7e-m+fp/hard\libc_nano.a(lib_a-memset.o)
                              c:/st/stm32cubeide_1.7.0/stm32cubeide/plugins/com.st.stm32cube.ide.mcu.externaltools.gnu-tools-for-stm32.10.3-2021.10.win32_1.0.0.202111181127/tools/bin/../lib/gcc/arm-none-eabi/10.3.1/../../../../arm-none-eabi/lib/thumb/v7e-m+fp/hard/crt0.o (memset)
c:/st/stm32cubeide_1.7.0/stm32cubeide/plugins/com.st.stm32cube.ide.mcu.externaltools.gnu-tools-for-stm32.10.3-2021.10.win32_1.0.0.202111181127/tools/bin/../lib/gcc/arm-none-eabi/10.3.1/../../../../arm-none-eabi/lib/thumb/v7e-m+fp/hard\libc_nano.a(lib_a-printf.o)
                              ./Core/Src/INTERNAL_RTC.o (printf)
c:/st/stm32cubeide_1.7.0/stm32cubeide/plugins/com.st.stm32cube.ide.mcu.externaltools.gnu-tools-for-stm32.10.3-2021.10.win32_1.0.0.202111181127/tools/bin/../lib/gcc/arm-none-eabi/10.3.1/../../../../arm-none-eabi/lib/thumb/v7e-m+fp/hard\libc_nano.a(lib_a-puts.o)
                              ./Core/Src/UART0.o (puts)
c:/st/stm32cubeide_1.7.0/stm32cubeide/plugins/com.st.stm32cube.ide.mcu.externaltools.gnu-tools-for-stm32.10.3-2021.10.win32_1.0.0.202111181127/tools/bin/../lib/gcc/arm-none-eabi/10.3.1/../../../../arm-none-eabi/lib/thumb/v7e-m+fp/hard\libc_nano.a(lib_a-sprintf.o)
                              ./Core/Src/INTERNAL_RTC.o (sprintf)
c:/st/stm32cubeide_1.7.0/stm32cubeide/plugins/com.st.stm32cube.ide.mcu.externaltools.gnu-tools-for-stm32.10.3-2021.10.win32_1.0.0.202111181127/tools/bin/../lib/gcc/arm-none-eabi/10.3.1/../../../../arm-none-eabi/lib/thumb/v7e-m+fp/hard\libc_nano.a(lib_a-strncmp.o)
                              ./Core/Src/UART0.o (strncmp)
c:/st/stm32cubeide_1.7.0/stm32cubeide/plugins/com.st.stm32cube.ide.mcu.externaltools.gnu-tools-for-stm32.10.3-2021.10.win32_1.0.0.202111181127/tools/bin/../lib/gcc/arm-none-eabi/10.3.1/../../../../arm-none-eabi/lib/thumb/v7e-m+fp/hard\libc_nano.a(lib_a-strncpy.o)
                              ./Core/Src/INTERNAL_RTC.o (strncpy)
c:/st/stm32cubeide_1.7.0/stm32cubeide/plugins/com.st.stm32cube.ide.mcu.externaltools.gnu-tools-for-stm32.10.3-2021.10.win32_1.0.0.202111181127/tools/bin/../lib/gcc/arm-none-eabi/10.3.1/../../../../arm-none-eabi/lib/thumb/v7e-m+fp/hard\libc_nano.a(lib_a-strtol.o)
[...]
Memory Configuration

Name             Origin             Length             Attributes
RAM              0x0000000020000000 0x0000000000020000 xrw
FLASH            0x0000000008000000 0x0000000000080000 xr
*default*        0x0000000000000000 0xffffffffffffffff

Linker script and memory map

LOAD c:/st/stm32cubeide_1.7.0/stm32cubeide/plugins/com.st.stm32cube.ide.mcu.externaltools.gnu-tools-for-stm32.10.3-2021.10.win32_1.0.0.202111181127/tools/bin/../lib/gcc/arm-none-eabi/10.3.1/thumb/v7e-m+fp/hard/crti.o
LOAD c:/st/stm32cubeide_1.7.0/stm32cubeide/plugins/com.st.stm32cube.ide.mcu.externaltools.gnu-tools-for-stm32.10.3-2021.10.win32_1.0.0.202111181127/tools/bin/../lib/gcc/arm-none-eabi/10.3.1/thumb/v7e-m+fp/hard/crtbegin.o
LOAD c:/st/stm32cubeide_1.7.0/stm32cubeide/plugins/com.st.stm32cube.ide.mcu.externaltools.gnu-tools-for-stm32.10.3-2021.10.win32_1.0.0.202111181127/tools/bin/../lib/gcc/arm-none-eabi/10.3.1/../../../../arm-none-eabi/lib/thumb/v7e-m+fp/hard/crt0.o
LOAD ./Core/Src/BUTTON.o
LOAD ./Core/Src/INTERNAL_RTC.o
LOAD ./Core/Src/LED.o
LOAD ./Core/Src/SERVO_MOTOR.o
LOAD ./Core/Src/STEPMOTOR.o
LOAD ./Core/Src/UART0.o
LOAD ./Core/Src/buzzer.o
LOAD ./Core/Src/i2c_lcd.o
LOAD ./Core/Src/main.o
LOAD ./Core/Src/stm32f4xx_hal_msp.o
LOAD ./Core/Src/stm32f4xx_it.o
LOAD ./Core/Src/syscalls.o
LOAD ./Core/Src/sysmem.o
LOAD ./Core/Src/system_stm32f4xx.o
LOAD ./Core/Startup/startup_stm32f411retx.o
LOAD ./Drivers/STM32F4xx_HAL_Driver/Src/stm32f4xx_hal.o
LOAD ./Drivers/STM32F4xx_HAL_Driver/Src/stm32f4xx_hal_cortex.o
LOAD ./Drivers/STM32F4xx_HAL_Driver/Src/stm32f4xx_hal_dma.o
LOAD ./Drivers/STM32F4xx_HAL_Driver/Src/stm32f4xx_hal_dma_ex.o
LOAD ./Drivers/STM32F4xx_HAL_Driver/Src/stm32f4xx_hal_exti.o
LOAD ./Drivers/STM32F4xx_HAL_Driver/Src/stm32f4xx_hal_flash.o
LOAD ./Drivers/STM32F4xx_HAL_Driver/Src/stm32f4xx_hal_flash_ex.o
LOAD ./Drivers/STM32F4xx_HAL_Driver/Src/stm32f4xx_hal_flash_ramfunc.o
LOAD ./Drivers/STM32F4xx_HAL_Driver/Src/stm32f4xx_hal_gpio.o
LOAD ./Drivers/STM32F4xx_HAL_Driver/Src/stm32f4xx_hal_i2c.o
LOAD ./Drivers/STM32F4xx_HAL_Driver/Src/stm32f4xx_hal_i2c_ex.o
LOAD ./Drivers/STM32F4xx_HAL_Driver/Src/stm32f4xx_hal_pwr.o
LOAD ./Drivers/STM32F4xx_HAL_Driver/Src/stm32f4xx_hal_pwr_ex.o
LOAD ./Drivers/STM32F4xx_HAL_Driver/Src/stm32f4xx_hal_rcc.o
LOAD ./Drivers/STM32F4xx_HAL_Driver/Src/stm32f4xx_hal_rcc_ex.o
LOAD ./Drivers/STM32F4xx_HAL_Driver/Src/stm32f4xx_hal_rtc.o
LOAD ./Drivers/STM32F4xx_HAL_Driver/Src/stm32f4xx_hal_rtc_ex.o
LOAD ./Drivers/STM32F4xx_HAL_Driver/Src/stm32f4xx_hal_tim.o
LOAD ./Drivers/STM32F4xx_HAL_Driver/Src/stm32f4xx_hal_tim_ex.o
LOAD ./Drivers/STM32F4xx_HAL_Driver/Src/stm32f4xx_hal_uart.o
START GROUP
LOAD c:/st/stm32cubeide_1.7.0/stm32cubeide/plugins/com.st.stm32cube.ide.mcu.externaltools.gnu-tools-for-stm32.10.3-2021.10.win32_1.0.0.202111181127/tools/bin/../lib/gcc/arm-none-eabi/10.3.1/../../../../arm-none-eabi/lib/thumb/v7e-m+fp/hard\libc_nano.a
LOAD c:/st/stm32cubeide_1.7.0/stm32cubeide/plugins/com.st.stm32cube.ide.mcu.externaltools.gnu-tools-for-stm32.10.3-2021.10.win32_1.0.0.202111181127/tools/bin/../lib/gcc/arm-none-eabi/10.3.1/../../../../arm-none-eabi/lib/thumb/v7e-m+fp/hard\libm.a
END GROUP
START GROUP
LOAD c:/st/stm32cubeide_1.7.0/stm32cubeide/plugins/com.st.stm32cube.ide.mcu.externaltools.gnu-tools-for-stm32.10.3-2021.10.win32_1.0.0.202111181127/tools/bin/../lib/gcc/arm-none-eabi/10.3.1/thumb/v7e-m+fp/hard\libgcc.a
LOAD c:/st/stm32cubeide_1.7.0/stm32cubeide/plugins/com.st.stm32cube.ide.mcu.externaltools.gnu-tools-for-stm32.10.3-2021.10.win32_1.0.0.202111181127/tools/bin/../lib/gcc/arm-none-eabi/10.3.1/../../../../arm-none-eabi/lib/thumb/v7e-m+fp/hard\libc_nano.a
END GROUP
START GROUP
LOAD c:/st/stm32cubeide_1.7.0/stm32cubeide/plugins/com.st.stm32cube.ide.mcu.externaltools.gnu-tools-for-stm32.10.3-2021.10.win32_1.0.0.202111181127/tools/bin/../lib/gcc/arm-none-eabi/10.3.1/thumb/v7e-m+fp/hard\libgcc.a
LOAD c:/st/stm32cubeide_1.7.0/stm32cubeide/plugins/com.st.stm32cube.ide.mcu.externaltools.gnu-tools-for-stm32.10.3-2021.10.win32_1.0.0.202111181127/tools/bin/../lib/gcc/arm-none-eabi/10.3.1/../../../../arm-none-eabi/lib/thumb/v7e-m+fp/hard\libc_nano.a
LOAD c:/st/stm32cubeide_1.7.0/stm32cubeide/plugins/com.st.stm32cube.ide.mcu.externaltools.gnu-tools-for-stm32.10.3-2021.10.win32_1.0.0.202111181127/tools/bin/../lib/gcc/arm-none-eabi/10.3.1/../../../../arm-none-eabi/lib/thumb/v7e-m+fp/hard\libnosys.a
END GROUP
START GROUP
LOAD c:/st/stm32cubeide_1.7.0/stm32cubeide/plugins/com.st.stm32cube.ide.mcu.externaltools.gnu-tools-for-stm32.10.3-2021.10.win32_1.0.0.202111181127/tools/bin/../lib/gcc/arm-none-eabi/10.3.1/thumb/v7e-m+fp/hard\libgcc.a
LOAD c:/st/stm32cubeide_1.7.0/stm32cubeide/plugins/com.st.stm32cube.ide.mcu.externaltools.gnu-tools-for-stm32.10.3-2021.10.win32_1.0.0.202111181127/tools/bin/../lib/gcc/arm-none-eabi/10.3.1/../../../../arm-none-eabi/lib/thumb/v7e-m+fp/hard\libc_nano.a
LOAD c:/st/stm32cubeide_1.7.0/stm32cubeide/plugins/com.st.stm32cube.ide.mcu.externaltools.gnu-tools-for-stm32.10.3-2021.10.win32_1.0.0.202111181127/tools/bin/../lib/gcc/arm-none-eabi/10.3.1/../../../../arm-none-eabi/lib/thumb/v7e-m+fp/hard\libnosys.a
END GROUP
LOAD c:/st/stm32cubeide_1.7.0/stm32cubeide/plugins/com.st.stm32cube.ide.mcu.externaltools.gnu-tools-for-stm32.10.3-2021.10.win32_1.0.0.202111181127/tools/bin/../lib/gcc/arm-none-eabi/10.3.1/thumb/v7e-m+fp/hard/crtend.o
LOAD c:/st/stm32cubeide_1.7.0/stm32cubeide/plugins/com.st.stm32cube.ide.mcu.externaltools.gnu-tools-for-stm32.10.3-2021.10.win32_1.0.0.202111181127/tools/bin/../lib/gcc/arm-none-eabi/10.3.1/thumb/v7e-m+fp/hard/crtn.o
                0x0000000020020000                _estack = (ORIGIN (RAM) + LENGTH (RAM))
                0x0000000000000200                _Min_Heap_Size = 0x200
                0x0000000000000400                _Min_Stack_Size = 0x400

.isr_vector     0x0000000008000000      0x198
                0x0000000008000000                . = ALIGN (0x4)
 *(.isr_vector)
 .isr_vector    0x0000000008000000      0x198 ./Core/Startup/startup_stm32f411retx.o
                0x0000000008000000                g_pfnVectors
                0x0000000008000198                . = ALIGN (0x4)

.text           0x00000000080001a0     0x9244
                0x00000000080001a0                . = ALIGN (0x4)
 *(.text)
 .text          0x00000000080001a0       0x40 c:/st/stm32cubeide_1.7.0/stm32cubeide/plugins/com.st.stm32cube.ide.mcu.externaltools.gnu-tools-for-stm32.10.3-2021.10.win32_1.0.0.202111181127/tools/bin/../lib/gcc/arm-none-eabi/10.3.1/thumb/v7e-m+fp/hard/crtbegin.o
 .text          0x00000000080001e0       0xa0 c:/st/stm32cubeide_1.7.0/stm32cubeide/plugins/com.st.stm32cube.ide.mcu.externaltools.gnu-tools-for-stm32.10.3-2021.10.win32_1.0.0.202111181127/tools/bin/../lib/gcc/arm-none-eabi/10.3.1/../../../../arm-none-eabi/lib/thumb/v7e-m+fp/hard\libc_nano.a(lib_a-memchr.o)
                0x00000000080001e0                memchr
 .text          0x0000000008000280       0x30 c:/st/stm32cubeide_1.7.0/stm32cubeide/plugins/com.st.stm32cube.ide.mcu.externaltools.gnu-tools-for-stm32.10.3-2021.10.win32_1.0.0.202111181127/tools/bin/../lib/gcc/arm-none-eabi/10.3.1/thumb/v7e-m+fp/hard\libgcc.a(_aeabi_uldivmod.o)
                0x0000000008000280                __aeabi_uldivmod
 .text          0x00000000080002b0      0x2d0 c:/st/stm32cubeide_1.7.0/stm32cubeide/plugins/com.st.stm32cube.ide.mcu.externaltools.gnu-tools-for-stm32.10.3-2021.10.win32_1.0.0.202111181127/tools/bin/../lib/gcc/arm-none-eabi/10.3.1/thumb/v7e-m+fp/hard\libgcc.a(_udivmoddi4.o)
                0x00000000080002b0                __udivmoddi4
 .text          0x0000000008000580        0x4 c:/st/stm32cubeide_1.7.0/stm32cubeide/plugins/com.st.stm32cube.ide.mcu.externaltools.gnu-tools-for-stm32.10.3-2021.10.win32_1.0.0.202111181127/tools/bin/../lib/gcc/arm-none-eabi/10.3.1/thumb/v7e-m+fp/hard\libgcc.a(_dvmd_tls.o)
                0x0000000008000580                __aeabi_idiv0
                0x0000000008000580                __aeabi_ldiv0
 *(.text*)
 .text.get_button1
                0x0000000008000584       0x64 ./Core/Src/BUTTON.o
                0x0000000008000584                get_button1
 .text.get_button2
                0x00000000080005e8       0x60 ./Core/Src/BUTTON.o
                0x00000000080005e8                get_button2
 .text.get_button3
                0x0000000008000648       0x60 ./Core/Src/BUTTON.o
                0x0000000008000648                get_button3
 .text.get_button4
                0x00000000080006a8       0x60 ./Core/Src/BUTTON.o
                0x00000000080006a8                get_button4
 .text.get_button_open
                0x0000000008000708       0x60 ./Core/Src/BUTTON.o
                0x0000000008000708                get_button_open
 .text.get_button_close
                0x0000000008000768       0x60 ./Core/Src/BUTTON.o
                0x0000000008000768                get_button_close
 .text.get_button_EXT
                0x00000000080007c8       0x60 ./Core/Src/BUTTON.o
                0x00000000080007c8                get_button_EXT
 .text.bin_2_dec
                0x0000000008000828       0x36 ./Core/Src/INTERNAL_RTC.o
                0x0000000008000828                bin_2_dec
 *fill*         0x000000000800085e        0x2 
 .text.dec_2_bin
                0x0000000008000860       0x48 ./Core/Src/INTERNAL_RTC.o
                0x0000000008000860                dec_2_bin
 .text.get_rtc_time
                0x00000000080008a8      0x148 ./Core/Src/INTERNAL_RTC.o
                0x00000000080008a8                get_rtc_time
 .text.set_rtc_data_time
                0x00000000080009f0      0x13c ./Core/Src/INTERNAL_RTC.o
                0x00000000080009f0                set_rtc_data_time
 .text.elevator_led_inactive
                0x0000000008000b2c       0x88 ./Core/Src/LED.o
                0x0000000008000b2c                elevator_led_inactive
 .text.elevator_led_active
                0x0000000008000bb4       0x28 ./Core/Src/LED.o
                0x0000000008000bb4                elevator_led_active
 .text.elevator_led_up
                0x0000000008000bdc       0x14 ./Core/Src/LED.o
                0x0000000008000bdc                elevator_led_up
 .text.elevator_led_up_to_floor2
                0x0000000008000bf0       0x9c ./Core/Src/LED.o
                0x0000000008000bf0                elevator_led_up_to_floor2
 .text.elevator_led_up_to_floor3
                0x0000000008000c8c       0x9c ./Core/Src/LED.o
                0x0000000008000c8c                elevator_led_up_to_floor3
 .text.elevator_led_up_to_floor4
                0x0000000008000d28       0x9c ./Core/Src/LED.o
                0x0000000008000d28                elevator_led_up_to_floor4
 .text.elevator_led_down
                0x0000000008000dc4       0x14 ./Core/Src/LED.o
                0x0000000008000dc4                elevator_led_down
 .text.elevator_led_down_to_floor1
                0x0000000008000dd8       0x9c ./Core/Src/LED.o
                0x0000000008000dd8                elevator_led_down_to_floor1
 .text.elevator_led_down_to_floor2
                0x0000000008000e74       0x9c ./Core/Src/LED.o
                0x0000000008000e74                elevator_led_down_to_floor2
 .text.elevator_led_down_to_floor3
                0x0000000008000f10       0x9c ./Core/Src/LED.o
                0x0000000008000f10                elevator_led_down_to_floor3
 .text.set_rpm  0x0000000008000fac       0x20 ./Core/Src/STEPMOTOR.o
                0x0000000008000fac                set_rpm
 .text.stepmotor_drive
                0x0000000008000fcc      0x200 ./Core/Src/STEPMOTOR.o
                0x0000000008000fcc                stepmotor_drive
 .text.elevator_activation
                0x00000000080011cc       0x94 ./Core/Src/STEPMOTOR.o
                0x00000000080011cc                elevator_activation
 .text.elevator_EXT_motor_active
                0x0000000008001260       0x20 ./Core/Src/STEPMOTOR.o
                0x0000000008001260                elevator_EXT_motor_active
 .text.elevator_motor_call_down
                0x0000000008001280       0xb4 ./Core/Src/STEPMOTOR.o
                0x0000000008001280                elevator_motor_call_down
 .text.elevator_buzzer_on
                0x0000000008001334       0x20 ./Core/Src/STEPMOTOR.o
                0x0000000008001334                elevator_buzzer_on
 .text.elevator_door_inactive
                0x0000000008001354       0x30 ./Core/Src/STEPMOTOR.o
                0x0000000008001354                elevator_door_inactive
 .text.elevator_door_open
                0x0000000008001384       0x38 ./Core/Src/STEPMOTOR.o
                0x0000000008001384                elevator_door_open
 .text.elevator_door_close_for_active
                0x00000000080013bc       0x38 ./Core/Src/STEPMOTOR.o
                0x00000000080013bc                elevator_door_close_for_active
 .text.elevator_mode_select
                0x00000000080013f4      0x53c ./Core/Src/STEPMOTOR.o
                0x00000000080013f4                elevator_mode_select
 .text.elevator_motor_inactive
                0x0000000008001930       0x18 ./Core/Src/STEPMOTOR.o
                0x0000000008001930                elevator_motor_inactive
 .text.elevator_motor_active
                0x0000000008001948       0x28 ./Core/Src/STEPMOTOR.o
                0x0000000008001948                elevator_motor_active
 .text.elevator_motor_up
                0x0000000008001970       0x8c ./Core/Src/STEPMOTOR.o
                0x0000000008001970                elevator_motor_up
 .text.elevator_motor_down
                0x00000000080019fc       0x8c ./Core/Src/STEPMOTOR.o
                0x00000000080019fc                elevator_motor_down
 .text.elevator_motor_cancle
                0x0000000008001a88       0x28 ./Core/Src/STEPMOTOR.o
                0x0000000008001a88                elevator_motor_cancle
 .text.elevator_motor_cancle_up
                0x0000000008001ab0       0x14 ./Core/Src/STEPMOTOR.o
                0x0000000008001ab0                elevator_motor_cancle_up
 .text.elevator_motor_cancle_up_to_floor2
                0x0000000008001ac4       0x88 ./Core/Src/STEPMOTOR.o
                0x0000000008001ac4                elevator_motor_cancle_up_to_floor2
 .text.elevator_motor_cancle_up_to_floor3
                0x0000000008001b4c       0x88 ./Core/Src/STEPMOTOR.o
                0x0000000008001b4c                elevator_motor_cancle_up_to_floor3
 .text.elevator_motor_cancle_up_to_floor4
                0x0000000008001bd4       0x88 ./Core/Src/STEPMOTOR.o
                0x0000000008001bd4                elevator_motor_cancle_up_to_floor4
 .text.elevator_motor_cancle_down
                0x0000000008001c5c       0x14 ./Core/Src/STEPMOTOR.o
                0x0000000008001c5c                elevator_motor_cancle_down
 .text.elevator_motor_cancle_down_to_floor1
                0x0000000008001c70       0x88 ./Core/Src/STEPMOTOR.o
                0x0000000008001c70                elevator_motor_cancle_down_to_floor1
 .text.elevator_motor_cancle_down_to_floor2
                0x0000000008001cf8       0x88 ./Core/Src/STEPMOTOR.o
                0x0000000008001cf8                elevator_motor_cancle_down_to_floor2
 .text.elevator_motor_cancle_down_to_floor3
                0x0000000008001d80       0x88 ./Core/Src/STEPMOTOR.o
                0x0000000008001d80                elevator_motor_cancle_down_to_floor3
 .text.HAL_UART_RxCpltCallback
                0x0000000008001e08      0x160 ./Core/Src/UART0.o
                0x0000000008001e08                HAL_UART_RxCpltCallback
 .text.is_empty
                0x0000000008001f68       0x28 ./Core/Src/UART0.o
                0x0000000008001f68                is_empty
 .text.is_full  0x0000000008001f90       0x4c ./Core/Src/UART0.o
                0x0000000008001f90                is_full
 .text.pc_command_processing
                0x0000000008001fdc      0x164 ./Core/Src/UART0.o
                0x0000000008001fdc                pc_command_processing
 .text.noTone   0x0000000008002140       0x1c ./Core/Src/buzzer.o
                0x0000000008002140                noTone
 .text.buzzer_main
                0x000000000800215c       0x7c ./Core/Src/buzzer.o
                0x000000000800215c                buzzer_main
 .text.elevator_buzzer
                0x00000000080021d8       0x7c ./Core/Src/buzzer.o
                0x00000000080021d8                elevator_buzzer
 .text.lcd_command
                0x0000000008002254       0x68 ./Core/Src/i2c_lcd.o
                0x0000000008002254                lcd_command
 .text.lcd_data
                0x00000000080022bc       0x68 ./Core/Src/i2c_lcd.o
                0x00000000080022bc                lcd_data
 .text.i2c_lcd_init
                0x0000000008002324       0x32 ./Core/Src/i2c_lcd.o
                0x0000000008002324                i2c_lcd_init
 .text.lcd_string
                0x0000000008002356       0x2a ./Core/Src/i2c_lcd.o
                0x0000000008002356                lcd_string
 .text.move_cursor
                0x0000000008002380       0x30 ./Core/Src/i2c_lcd.o
                0x0000000008002380                move_cursor
 .text.__io_putchar
                0x00000000080023b0       0x24 ./Core/Src/main.o
                0x00000000080023b0                __io_putchar
 .text.HAL_SYSTICK_Callback
                0x00000000080023d4       0x38 ./Core/Src/main.o
                0x00000000080023d4                HAL_SYSTICK_Callback
 .text.HAL_TIM_PeriodElapsedCallback
                0x000000000800240c       0x4c ./Core/Src/main.o
                0x000000000800240c                HAL_TIM_PeriodElapsedCallback
 .text.HAL_GPIO_EXTI_Callback
                0x0000000008002458       0x2c ./Core/Src/main.o
                0x0000000008002458                HAL_GPIO_EXTI_Callback
 .text.delay_us
                0x0000000008002484       0x30 ./Core/Src/main.o
                0x0000000008002484                delay_us
 .text.main     0x00000000080024b4       0xa0 ./Core/Src/main.o
                0x00000000080024b4                main
 .text.SystemClock_Config
                0x0000000008002554       0xd4 ./Core/Src/main.o
                0x0000000008002554                SystemClock_Config
 .text.MX_NVIC_Init
                0x0000000008002628       0x18 ./Core/Src/main.o
 .text.MX_I2C1_Init
                0x0000000008002640       0x5c ./Core/Src/main.o
 .text.MX_RTC_Init
                0x000000000800269c       0xb4 ./Core/Src/main.o
 .text.MX_TIM1_Init
                0x0000000008002750       0xe8 ./Core/Src/main.o
 .text.MX_TIM2_Init
                0x0000000008002838       0xb4 ./Core/Src/main.o
 .text.MX_TIM3_Init
                0x00000000080028ec       0xb4 ./Core/Src/main.o
 .text.MX_TIM11_Init
                0x00000000080029a0       0x48 ./Core/Src/main.o
 .text.MX_USART1_UART_Init
                0x00000000080029e8       0x54 ./Core/Src/main.o
 .text.MX_USART2_UART_Init
                0x0000000008002a3c       0x54 ./Core/Src/main.o
 .text.MX_GPIO_Init
                0x0000000008002a90      0x16c ./Core/Src/main.o
 .text.Error_Handler
                0x0000000008002bfc        0xa ./Core/Src/main.o
                0x0000000008002bfc                Error_Handler
 *fill*         0x0000000008002c06        0x2 
 .text.HAL_MspInit
                0x0000000008002c08       0x50 ./Core/Src/stm32f4xx_hal_msp.o
                0x0000000008002c08                HAL_MspInit
 .text.HAL_I2C_MspInit
                0x0000000008002c58       0x90 ./Core/Src/stm32f4xx_hal_msp.o
                0x0000000008002c58                HAL_I2C_MspInit
 .text.HAL_RTC_MspInit
                0x0000000008002ce8       0x58 ./Core/Src/stm32f4xx_hal_msp.o
                0x0000000008002ce8                HAL_RTC_MspInit
 .text.HAL_TIM_Base_MspInit
                0x0000000008002d40       0xec ./Core/Src/stm32f4xx_hal_msp.o
                0x0000000008002d40                HAL_TIM_Base_MspInit
 .text.HAL_TIM_PWM_MspInit
                0x0000000008002e2c       0x88 ./Core/Src/stm32f4xx_hal_msp.o
                0x0000000008002e2c                HAL_TIM_PWM_MspInit
 .text.HAL_TIM_MspPostInit
                0x0000000008002eb4       0xc0 ./Core/Src/stm32f4xx_hal_msp.o
                0x0000000008002eb4                HAL_TIM_MspPostInit
 .text.HAL_UART_MspInit
                0x0000000008002f74      0x118 ./Core/Src/stm32f4xx_hal_msp.o
                0x0000000008002f74                HAL_UART_MspInit
 .text.NMI_Handler
                0x000000000800308c        0x6 ./Core/Src/stm32f4xx_it.o
                0x000000000800308c                NMI_Handler
 .text.HardFault_Handler
                0x0000000008003092        0x6 ./Core/Src/stm32f4xx_it.o
                0x0000000008003092                HardFault_Handler
 .text.MemManage_Handler
                0x0000000008003098        0x6 ./Core/Src/stm32f4xx_it.o
                0x0000000008003098                MemManage_Handler
 .text.BusFault_Handler
                0x000000000800309e        0x6 ./Core/Src/stm32f4xx_it.o
                0x000000000800309e                BusFault_Handler
 .text.UsageFault_Handler
                0x00000000080030a4        0x6 ./Core/Src/stm32f4xx_it.o
                0x00000000080030a4                UsageFault_Handler
 .text.SVC_Handler
                0x00000000080030aa        0xe ./Core/Src/stm32f4xx_it.o
                0x00000000080030aa                SVC_Handler
 .text.DebugMon_Handler
                0x00000000080030b8        0xe ./Core/Src/stm32f4xx_it.o
                0x00000000080030b8                DebugMon_Handler
 .text.PendSV_Handler
                0x00000000080030c6        0xe ./Core/Src/stm32f4xx_it.o
                0x00000000080030c6                PendSV_Handler
 .text.SysTick_Handler
                0x00000000080030d4       0x10 ./Core/Src/stm32f4xx_it.o
                0x00000000080030d4                SysTick_Handler
 .text.EXTI0_IRQHandler
                0x00000000080030e4        0xe ./Core/Src/stm32f4xx_it.o
                0x00000000080030e4                EXTI0_IRQHandler
 .text.EXTI1_IRQHandler
                0x00000000080030f2        0xe ./Core/Src/stm32f4xx_it.o
                0x00000000080030f2                EXTI1_IRQHandler
 .text.TIM1_BRK_TIM9_IRQHandler
                0x0000000008003100       0x14 ./Core/Src/stm32f4xx_it.o
                0x0000000008003100                TIM1_BRK_TIM9_IRQHandler
 .text.TIM1_UP_TIM10_IRQHandler
                0x0000000008003114       0x14 ./Core/Src/stm32f4xx_it.o
                0x0000000008003114                TIM1_UP_TIM10_IRQHandler
 .text.TIM1_TRG_COM_TIM11_IRQHandler
                0x0000000008003128       0x1c ./Core/Src/stm32f4xx_it.o
                0x0000000008003128                TIM1_TRG_COM_TIM11_IRQHandler
 .text.TIM1_CC_IRQHandler
                0x0000000008003144       0x14 ./Core/Src/stm32f4xx_it.o
                0x0000000008003144                TIM1_CC_IRQHandler
 .text.TIM2_IRQHandler
                0x0000000008003158       0x14 ./Core/Src/stm32f4xx_it.o
                0x0000000008003158                TIM2_IRQHandler
 .text.TIM3_IRQHandler
                0x000000000800316c       0x14 ./Core/Src/stm32f4xx_it.o
                0x000000000800316c                TIM3_IRQHandler
 .text.USART1_IRQHandler
                0x0000000008003180       0x14 ./Core/Src/stm32f4xx_it.o
                0x0000000008003180                USART1_IRQHandler
 .text.USART2_IRQHandler
                0x0000000008003194       0x14 ./Core/Src/stm32f4xx_it.o
                0x0000000008003194                USART2_IRQHandler
 .text._read    0x00000000080031a8       0x3a ./Core/Src/syscalls.o
                0x00000000080031a8                _read
 .text._write   0x00000000080031e2       0x38 ./Core/Src/syscalls.o
                0x00000000080031e2                _write
 .text._close   0x000000000800321a       0x18 ./Core/Src/syscalls.o
                0x000000000800321a                _close
 .text._fstat   0x0000000008003232       0x20 ./Core/Src/syscalls.o
                0x0000000008003232                _fstat
 .text._isatty  0x0000000008003252       0x16 ./Core/Src/syscalls.o
                0x0000000008003252                _isatty
 .text._lseek   0x0000000008003268       0x1a ./Core/Src/syscalls.o
                0x0000000008003268                _lseek
 *fill*         0x0000000008003282        0x2 
 .text._sbrk    0x0000000008003284       0x6c ./Core/Src/sysmem.o
                0x0000000008003284                _sbrk
 .text.SystemInit
                0x00000000080032f0       0x24 ./Core/Src/system_stm32f4xx.o
                0x00000000080032f0                SystemInit
 .text.Reset_Handler
                0x0000000008003314       0x50 ./Core/Startup/startup_stm32f411retx.o
                0x0000000008003314                Reset_Handler
 .text.Default_Handler
                0x0000000008003364        0x2 ./Core/Startup/startup_stm32f411retx.o
                0x0000000008003364                RTC_Alarm_IRQHandler
                0x0000000008003364                EXTI2_IRQHandler
                0x0000000008003364                SPI4_IRQHandler
                0x0000000008003364                DMA2_Stream5_IRQHandler
                0x0000000008003364                DMA1_Stream5_IRQHandler
                0x0000000008003364                PVD_IRQHandler
                0x0000000008003364                SDIO_IRQHandler
                0x0000000008003364                TAMP_STAMP_IRQHandler
                0x0000000008003364                EXTI3_IRQHandler
                0x0000000008003364                I2C3_ER_IRQHandler
                0x0000000008003364                I2C2_EV_IRQHandler
                0x0000000008003364                DMA1_Stream2_IRQHandler
                0x0000000008003364                FPU_IRQHandler
                0x0000000008003364                DMA2_Stream2_IRQHandler
                0x0000000008003364                SPI1_IRQHandler
                0x0000000008003364                DMA2_Stream3_IRQHandler
                0x0000000008003364                USART6_IRQHandler
                0x0000000008003364                DMA2_Stream0_IRQHandler
                0x0000000008003364                TIM4_IRQHandler
                0x0000000008003364                I2C1_EV_IRQHandler
                0x0000000008003364                DMA1_Stream6_IRQHandler
                0x0000000008003364                DMA1_Stream1_IRQHandler
                0x0000000008003364                RCC_IRQHandler
                0x0000000008003364                Default_Handler
                0x0000000008003364                EXTI15_10_IRQHandler
                0x0000000008003364                ADC_IRQHandler
                0x0000000008003364                DMA1_Stream7_IRQHandler
                0x0000000008003364                SPI5_IRQHandler
                0x0000000008003364                TIM5_IRQHandler
                0x0000000008003364                DMA2_Stream7_IRQHandler
                0x0000000008003364                I2C3_EV_IRQHandler
                0x0000000008003364                EXTI9_5_IRQHandler
                0x0000000008003364                RTC_WKUP_IRQHandler
                0x0000000008003364                SPI2_IRQHandler
                0x0000000008003364                DMA1_Stream0_IRQHandler
                0x0000000008003364                EXTI4_IRQHandler
                0x0000000008003364                WWDG_IRQHandler
                0x0000000008003364                OTG_FS_WKUP_IRQHandler
                0x0000000008003364                I2C2_ER_IRQHandler
                0x0000000008003364                DMA2_Stream1_IRQHandler
                0x0000000008003364                FLASH_IRQHandler
                0x0000000008003364                DMA2_Stream4_IRQHandler
                0x0000000008003364                OTG_FS_IRQHandler
                0x0000000008003364                SPI3_IRQHandler
                0x0000000008003364                DMA1_Stream4_IRQHandler
                0x0000000008003364                I2C1_ER_IRQHandler
                0x0000000008003364                DMA2_Stream6_IRQHandler
                0x0000000008003364                DMA1_Stream3_IRQHandler
 *fill*         0x0000000008003366        0x2 
 .text.HAL_Init
                0x0000000008003368       0x44 ./Drivers/STM32F4xx_HAL_Driver/Src/stm32f4xx_hal.o
                0x0000000008003368                HAL_Init
 .text.HAL_InitTick
                0x00000000080033ac       0x60 ./Drivers/STM32F4xx_HAL_Driver/Src/stm32f4xx_hal.o
                0x00000000080033ac                HAL_InitTick
 .text.HAL_IncTick
                0x000000000800340c       0x28 ./Drivers/STM32F4xx_HAL_Driver/Src/stm32f4xx_hal.o
                0x000000000800340c                HAL_IncTick
 .text.HAL_GetTick
                0x0000000008003434       0x18 ./Drivers/STM32F4xx_HAL_Driver/Src/stm32f4xx_hal.o
                0x0000000008003434                HAL_GetTick
 .text.HAL_Delay
                0x000000000800344c       0x48 ./Drivers/STM32F4xx_HAL_Driver/Src/stm32f4xx_hal.o
                0x000000000800344c                HAL_Delay
 .text.__NVIC_SetPriorityGrouping
                0x0000000008003494       0x48 ./Drivers/STM32F4xx_HAL_Driver/Src/stm32f4xx_hal_cortex.o
 .text.__NVIC_GetPriorityGrouping
                0x00000000080034dc       0x1c ./Drivers/STM32F4xx_HAL_Driver/Src/stm32f4xx_hal_cortex.o
 .text.__NVIC_EnableIRQ
                0x00000000080034f8       0x3c ./Drivers/STM32F4xx_HAL_Driver/Src/stm32f4xx_hal_cortex.o
 .text.__NVIC_SetPriority
                0x0000000008003534       0x54 ./Drivers/STM32F4xx_HAL_Driver/Src/stm32f4xx_hal_cortex.o
 .text.NVIC_EncodePriority
                0x0000000008003588       0x66 ./Drivers/STM32F4xx_HAL_Driver/Src/stm32f4xx_hal_cortex.o
 *fill*         0x00000000080035ee        0x2 
 .text.SysTick_Config
                0x00000000080035f0       0x44 ./Drivers/STM32F4xx_HAL_Driver/Src/stm32f4xx_hal_cortex.o
 .text.HAL_NVIC_SetPriorityGrouping
                0x0000000008003634       0x16 ./Drivers/STM32F4xx_HAL_Driver/Src/stm32f4xx_hal_cortex.o
                0x0000000008003634                HAL_NVIC_SetPriorityGrouping
 .text.HAL_NVIC_SetPriority
                0x000000000800364a       0x38 ./Drivers/STM32F4xx_HAL_Driver/Src/stm32f4xx_hal_cortex.o
                0x000000000800364a                HAL_NVIC_SetPriority
 .text.HAL_NVIC_EnableIRQ
                0x0000000008003682       0x1c ./Drivers/STM32F4xx_HAL_Driver/Src/stm32f4xx_hal_cortex.o
                0x0000000008003682                HAL_NVIC_EnableIRQ
 .text.HAL_SYSTICK_Config
                0x000000000800369e       0x18 ./Drivers/STM32F4xx_HAL_Driver/Src/stm32f4xx_hal_cortex.o
                0x000000000800369e                HAL_SYSTICK_Config
 .text.HAL_DMA_Abort
                0x00000000080036b6       0xe0 ./Drivers/STM32F4xx_HAL_Driver/Src/stm32f4xx_hal_dma.o
                0x00000000080036b6                HAL_DMA_Abort
 .text.HAL_DMA_Abort_IT
                0x0000000008003796       0x44 ./Drivers/STM32F4xx_HAL_Driver/Src/stm32f4xx_hal_dma.o
                0x0000000008003796                HAL_DMA_Abort_IT
 *fill*         0x00000000080037da        0x2 
 .text.HAL_GPIO_Init
                0x00000000080037dc      0x308 ./Drivers/STM32F4xx_HAL_Driver/Src/stm32f4xx_hal_gpio.o
                0x00000000080037dc                HAL_GPIO_Init
 .text.HAL_GPIO_ReadPin
                0x0000000008003ae4       0x30 ./Drivers/STM32F4xx_HAL_Driver/Src/stm32f4xx_hal_gpio.o
                0x0000000008003ae4                HAL_GPIO_ReadPin
 .text.HAL_GPIO_WritePin
                0x0000000008003b14       0x32 ./Drivers/STM32F4xx_HAL_Driver/Src/stm32f4xx_hal_gpio.o
                0x0000000008003b14                HAL_GPIO_WritePin
 *fill*         0x0000000008003b46        0x2 
 .text.HAL_GPIO_EXTI_IRQHandler
                0x0000000008003b48       0x30 ./Drivers/STM32F4xx_HAL_Driver/Src/stm32f4xx_hal_gpio.o
                0x0000000008003b48                HAL_GPIO_EXTI_IRQHandler
 .text.HAL_I2C_Init
                0x0000000008003b78      0x288 ./Drivers/STM32F4xx_HAL_Driver/Src/stm32f4xx_hal_i2c.o
                0x0000000008003b78                HAL_I2C_Init
 .text.HAL_I2C_Master_Transmit
                0x0000000008003e00      0x1fc ./Drivers/STM32F4xx_HAL_Driver/Src/stm32f4xx_hal_i2c.o
                0x0000000008003e00                HAL_I2C_Master_Transmit
 .text.I2C_MasterRequestWrite
                0x0000000008003ffc      0x104 ./Drivers/STM32F4xx_HAL_Driver/Src/stm32f4xx_hal_i2c.o
 .text.I2C_WaitOnFlagUntilTimeout
                0x0000000008004100       0xae ./Drivers/STM32F4xx_HAL_Driver/Src/stm32f4xx_hal_i2c.o
 .text.I2C_WaitOnMasterAddressFlagUntilTimeout
                0x00000000080041ae       0xfe ./Drivers/STM32F4xx_HAL_Driver/Src/stm32f4xx_hal_i2c.o
 .text.I2C_WaitOnTXEFlagUntilTimeout
                0x00000000080042ac       0x82 ./Drivers/STM32F4xx_HAL_Driver/Src/stm32f4xx_hal_i2c.o
 .text.I2C_WaitOnBTFFlagUntilTimeout
                0x000000000800432e       0x82 ./Drivers/STM32F4xx_HAL_Driver/Src/stm32f4xx_hal_i2c.o
 .text.I2C_IsAcknowledgeFailed
                0x00000000080043b0       0x5e ./Drivers/STM32F4xx_HAL_Driver/Src/stm32f4xx_hal_i2c.o
 *fill*         0x000000000800440e        0x2 
 .text.HAL_RCC_OscConfig
                0x0000000008004410      0x4f0 ./Drivers/STM32F4xx_HAL_Driver/Src/stm32f4xx_hal_rcc.o
                0x0000000008004410                HAL_RCC_OscConfig
 .text.HAL_RCC_ClockConfig
                0x0000000008004900      0x1cc ./Drivers/STM32F4xx_HAL_Driver/Src/stm32f4xx_hal_rcc.o
                0x0000000008004900                HAL_RCC_ClockConfig
 .text.HAL_RCC_GetSysClockFreq
                0x0000000008004acc      0x20c ./Drivers/STM32F4xx_HAL_Driver/Src/stm32f4xx_hal_rcc.o
                0x0000000008004acc                HAL_RCC_GetSysClockFreq
 .text.HAL_RCC_GetHCLKFreq
                0x0000000008004cd8       0x18 ./Drivers/STM32F4xx_HAL_Driver/Src/stm32f4xx_hal_rcc.o
                0x0000000008004cd8                HAL_RCC_GetHCLKFreq
 .text.HAL_RCC_GetPCLK1Freq
                0x0000000008004cf0       0x28 ./Drivers/STM32F4xx_HAL_Driver/Src/stm32f4xx_hal_rcc.o
                0x0000000008004cf0                HAL_RCC_GetPCLK1Freq
 .text.HAL_RCC_GetPCLK2Freq
                0x0000000008004d18       0x28 ./Drivers/STM32F4xx_HAL_Driver/Src/stm32f4xx_hal_rcc.o
                0x0000000008004d18                HAL_RCC_GetPCLK2Freq
 .text.HAL_RCCEx_PeriphCLKConfig
                0x0000000008004d40      0x1e0 ./Drivers/STM32F4xx_HAL_Driver/Src/stm32f4xx_hal_rcc_ex.o
                0x0000000008004d40                HAL_RCCEx_PeriphCLKConfig
 .text.HAL_RTC_Init
                0x0000000008004f20      0x122 ./Drivers/STM32F4xx_HAL_Driver/Src/stm32f4xx_hal_rtc.o
                0x0000000008004f20                HAL_RTC_Init
 .text.HAL_RTC_SetTime
                0x0000000008005042      0x17a ./Drivers/STM32F4xx_HAL_Driver/Src/stm32f4xx_hal_rtc.o
                0x0000000008005042                HAL_RTC_SetTime
 .text.HAL_RTC_GetTime
                0x00000000080051bc       0xbc ./Drivers/STM32F4xx_HAL_Driver/Src/stm32f4xx_hal_rtc.o
                0x00000000080051bc                HAL_RTC_GetTime
 .text.HAL_RTC_SetDate
                0x0000000008005278      0x14e ./Drivers/STM32F4xx_HAL_Driver/Src/stm32f4xx_hal_rtc.o
                0x0000000008005278                HAL_RTC_SetDate
 .text.HAL_RTC_GetDate
                0x00000000080053c6       0x9e ./Drivers/STM32F4xx_HAL_Driver/Src/stm32f4xx_hal_rtc.o
                0x00000000080053c6                HAL_RTC_GetDate
 .text.HAL_RTC_WaitForSynchro
                0x0000000008005464       0x50 ./Drivers/STM32F4xx_HAL_Driver/Src/stm32f4xx_hal_rtc.o
                0x0000000008005464                HAL_RTC_WaitForSynchro
 .text.RTC_EnterInitMode
                0x00000000080054b4       0x58 ./Drivers/STM32F4xx_HAL_Driver/Src/stm32f4xx_hal_rtc.o
                0x00000000080054b4                RTC_EnterInitMode
 .text.RTC_ByteToBcd2
                0x000000000800550c       0x3c ./Drivers/STM32F4xx_HAL_Driver/Src/stm32f4xx_hal_rtc.o
                0x000000000800550c                RTC_ByteToBcd2
 .text.RTC_Bcd2ToByte
                0x0000000008005548       0x3c ./Drivers/STM32F4xx_HAL_Driver/Src/stm32f4xx_hal_rtc.o
                0x0000000008005548                RTC_Bcd2ToByte
 .text.HAL_TIM_Base_Init
                0x0000000008005584       0x9e ./Drivers/STM32F4xx_HAL_Driver/Src/stm32f4xx_hal_tim.o
                0x0000000008005584                HAL_TIM_Base_Init
 *fill*         0x0000000008005622        0x2 
 .text.HAL_TIM_Base_Start_IT
                0x0000000008005624       0xc4 ./Drivers/STM32F4xx_HAL_Driver/Src/stm32f4xx_hal_tim.o
                0x0000000008005624                HAL_TIM_Base_Start_IT
 .text.HAL_TIM_PWM_Init
                0x00000000080056e8       0x9e ./Drivers/STM32F4xx_HAL_Driver/Src/stm32f4xx_hal_tim.o
                0x00000000080056e8                HAL_TIM_PWM_Init
 *fill*         0x0000000008005786        0x2 
 .text.HAL_TIM_PWM_Start
                0x0000000008005788      0x160 ./Drivers/STM32F4xx_HAL_Driver/Src/stm32f4xx_hal_tim.o
                0x0000000008005788                HAL_TIM_PWM_Start
 .text.HAL_TIM_PWM_Start_IT
                0x00000000080058e8      0x1fc ./Drivers/STM32F4xx_HAL_Driver/Src/stm32f4xx_hal_tim.o
                0x00000000080058e8                HAL_TIM_PWM_Start_IT
 .text.HAL_TIM_IC_Init
                0x0000000008005ae4       0x9e ./Drivers/STM32F4xx_HAL_Driver/Src/stm32f4xx_hal_tim.o
                0x0000000008005ae4                HAL_TIM_IC_Init
 .text.HAL_TIM_IC_MspInit
                0x0000000008005b82       0x14 ./Drivers/STM32F4xx_HAL_Driver/Src/stm32f4xx_hal_tim.o
                0x0000000008005b82                HAL_TIM_IC_MspInit
 *fill*         0x0000000008005b96        0x2 
 .text.HAL_TIM_IC_Start_IT
                0x0000000008005b98      0x234 ./Drivers/STM32F4xx_HAL_Driver/Src/stm32f4xx_hal_tim.o
                0x0000000008005b98                HAL_TIM_IC_Start_IT
 .text.HAL_TIM_IRQHandler
                0x0000000008005dcc      0x210 ./Drivers/STM32F4xx_HAL_Driver/Src/stm32f4xx_hal_tim.o
                0x0000000008005dcc                HAL_TIM_IRQHandler
 .text.HAL_TIM_IC_ConfigChannel
                0x0000000008005fdc      0x138 ./Drivers/STM32F4xx_HAL_Driver/Src/stm32f4xx_hal_tim.o
                0x0000000008005fdc                HAL_TIM_IC_ConfigChannel
 .text.HAL_TIM_PWM_ConfigChannel
                0x0000000008006114      0x184 ./Drivers/STM32F4xx_HAL_Driver/Src/stm32f4xx_hal_tim.o
                0x0000000008006114                HAL_TIM_PWM_ConfigChannel
 .text.HAL_TIM_ConfigClockSource
                0x0000000008006298      0x18e ./Drivers/STM32F4xx_HAL_Driver/Src/stm32f4xx_hal_tim.o
                0x0000000008006298                HAL_TIM_ConfigClockSource
 .text.HAL_TIM_OC_DelayElapsedCallback
                0x0000000008006426       0x14 ./Drivers/STM32F4xx_HAL_Driver/Src/stm32f4xx_hal_tim.o
                0x0000000008006426                HAL_TIM_OC_DelayElapsedCallback
 .text.HAL_TIM_IC_CaptureCallback
                0x000000000800643a       0x14 ./Drivers/STM32F4xx_HAL_Driver/Src/stm32f4xx_hal_tim.o
                0x000000000800643a                HAL_TIM_IC_CaptureCallback
 .text.HAL_TIM_PWM_PulseFinishedCallback
                0x000000000800644e       0x14 ./Drivers/STM32F4xx_HAL_Driver/Src/stm32f4xx_hal_tim.o
                0x000000000800644e                HAL_TIM_PWM_PulseFinishedCallback
 .text.HAL_TIM_TriggerCallback
                0x0000000008006462       0x14 ./Drivers/STM32F4xx_HAL_Driver/Src/stm32f4xx_hal_tim.o
                0x0000000008006462                HAL_TIM_TriggerCallback
 *fill*         0x0000000008006476        0x2 
 .text.TIM_Base_SetConfig
                0x0000000008006478      0x100 ./Drivers/STM32F4xx_HAL_Driver/Src/stm32f4xx_hal_tim.o
                0x0000000008006478                TIM_Base_SetConfig
 .text.TIM_OC1_SetConfig
                0x0000000008006578       0xcc ./Drivers/STM32F4xx_HAL_Driver/Src/stm32f4xx_hal_tim.o
 .text.TIM_OC2_SetConfig
                0x0000000008006644       0xd8 ./Drivers/STM32F4xx_HAL_Driver/Src/stm32f4xx_hal_tim.o
                0x0000000008006644                TIM_OC2_SetConfig
 .text.TIM_OC3_SetConfig
                0x000000000800671c       0xd4 ./Drivers/STM32F4xx_HAL_Driver/Src/stm32f4xx_hal_tim.o
 .text.TIM_OC4_SetConfig
                0x00000000080067f0       0xa0 ./Drivers/STM32F4xx_HAL_Driver/Src/stm32f4xx_hal_tim.o
 .text.TIM_TI1_SetConfig
                0x0000000008006890       0xd0 ./Drivers/STM32F4xx_HAL_Driver/Src/stm32f4xx_hal_tim.o
                0x0000000008006890                TIM_TI1_SetConfig
 .text.TIM_TI1_ConfigInputStage
                0x0000000008006960       0x5e ./Drivers/STM32F4xx_HAL_Driver/Src/stm32f4xx_hal_tim.o
 .text.TIM_TI2_SetConfig
                0x00000000080069be       0x7a ./Drivers/STM32F4xx_HAL_Driver/Src/stm32f4xx_hal_tim.o
 .text.TIM_TI2_ConfigInputStage
                0x0000000008006a38       0x60 ./Drivers/STM32F4xx_HAL_Driver/Src/stm32f4xx_hal_tim.o
 .text.TIM_TI3_SetConfig
                0x0000000008006a98       0x78 ./Drivers/STM32F4xx_HAL_Driver/Src/stm32f4xx_hal_tim.o
 .text.TIM_TI4_SetConfig
                0x0000000008006b10       0x7a ./Drivers/STM32F4xx_HAL_Driver/Src/stm32f4xx_hal_tim.o
 .text.TIM_ITRx_SetConfig
                0x0000000008006b8a       0x36 ./Drivers/STM32F4xx_HAL_Driver/Src/stm32f4xx_hal_tim.o
 .text.TIM_ETR_SetConfig
                0x0000000008006bc0       0x40 ./Drivers/STM32F4xx_HAL_Driver/Src/stm32f4xx_hal_tim.o
                0x0000000008006bc0                TIM_ETR_SetConfig
 .text.TIM_CCxChannelCmd
                0x0000000008006c00       0x4a ./Drivers/STM32F4xx_HAL_Driver/Src/stm32f4xx_hal_tim.o
                0x0000000008006c00                TIM_CCxChannelCmd
 *fill*         0x0000000008006c4a        0x2 
 .text.HAL_TIMEx_MasterConfigSynchronization
                0x0000000008006c4c       0xdc ./Drivers/STM32F4xx_HAL_Driver/Src/stm32f4xx_hal_tim_ex.o
                0x0000000008006c4c                HAL_TIMEx_MasterConfigSynchronization
 .text.HAL_TIMEx_CommutCallback
                0x0000000008006d28       0x14 ./Drivers/STM32F4xx_HAL_Driver/Src/stm32f4xx_hal_tim_ex.o
                0x0000000008006d28                HAL_TIMEx_CommutCallback
 .text.HAL_TIMEx_BreakCallback
                0x0000000008006d3c       0x14 ./Drivers/STM32F4xx_HAL_Driver/Src/stm32f4xx_hal_tim_ex.o
                0x0000000008006d3c                HAL_TIMEx_BreakCallback
 .text.HAL_UART_Init
                0x0000000008006d50       0x9a ./Drivers/STM32F4xx_HAL_Driver/Src/stm32f4xx_hal_uart.o
                0x0000000008006d50                HAL_UART_Init
 .text.HAL_UART_Transmit
                0x0000000008006dea      0x124 ./Drivers/STM32F4xx_HAL_Driver/Src/stm32f4xx_hal_uart.o
                0x0000000008006dea                HAL_UART_Transmit
 .text.HAL_UART_Receive_IT
                0x0000000008006f0e       0x60 ./Drivers/STM32F4xx_HAL_Driver/Src/stm32f4xx_hal_uart.o
                0x0000000008006f0e                HAL_UART_Receive_IT
 *fill*         0x0000000008006f6e        0x2 
 .text.HAL_UART_IRQHandler
                0x0000000008006f70      0x51c ./Drivers/STM32F4xx_HAL_Driver/Src/stm32f4xx_hal_uart.o
                0x0000000008006f70                HAL_UART_IRQHandler
 .text.HAL_UART_TxCpltCallback
                0x000000000800748c       0x14 ./Drivers/STM32F4xx_HAL_Driver/Src/stm32f4xx_hal_uart.o
                0x000000000800748c                HAL_UART_TxCpltCallback
 .text.HAL_UART_ErrorCallback
                0x00000000080074a0       0x14 ./Drivers/STM32F4xx_HAL_Driver/Src/stm32f4xx_hal_uart.o
                0x00000000080074a0                HAL_UART_ErrorCallback
 .text.HAL_UARTEx_RxEventCallback
                0x00000000080074b4       0x18 ./Drivers/STM32F4xx_HAL_Driver/Src/stm32f4xx_hal_uart.o
                0x00000000080074b4                HAL_UARTEx_RxEventCallback
 .text.UART_WaitOnFlagUntilTimeout
                0x00000000080074cc       0xdc ./Drivers/STM32F4xx_HAL_Driver/Src/stm32f4xx_hal_uart.o
 .text.UART_Start_Receive_IT
                0x00000000080075a8       0x74 ./Drivers/STM32F4xx_HAL_Driver/Src/stm32f4xx_hal_uart.o
                0x00000000080075a8                UART_Start_Receive_IT
 .text.UART_EndRxTransfer
                0x000000000800761c       0xc6 ./Drivers/STM32F4xx_HAL_Driver/Src/stm32f4xx_hal_uart.o
 .text.UART_DMAAbortOnError
                0x00000000080076e2       0x28 ./Drivers/STM32F4xx_HAL_Driver/Src/stm32f4xx_hal_uart.o
 .text.UART_Transmit_IT
                0x000000000800770a       0xa0 ./Drivers/STM32F4xx_HAL_Driver/Src/stm32f4xx_hal_uart.o
 .text.UART_EndTransmit_IT
                0x00000000080077aa       0x30 ./Drivers/STM32F4xx_HAL_Driver/Src/stm32f4xx_hal_uart.o
 .text.UART_Receive_IT
                0x00000000080077da      0x176 ./Drivers/STM32F4xx_HAL_Driver/Src/stm32f4xx_hal_uart.o
 .text.UART_SetConfig
                0x0000000008007950      0x4e8 ./Drivers/STM32F4xx_HAL_Driver/Src/stm32f4xx_hal_uart.o
 .text.atoi     0x0000000008007e38        0x8 c:/st/stm32cubeide_1.7.0/stm32cubeide/plugins/com.st.stm32cube.ide.mcu.externaltools.gnu-tools-for-stm32.10.3-2021.10.win32_1.0.0.202111181127/tools/bin/../lib/gcc/arm-none-eabi/10.3.1/../../../../arm-none-eabi/lib/thumb/v7e-m+fp/hard\libc_nano.a(lib_a-atoi.o)
                0x0000000008007e38                atoi
 .text.__errno  0x0000000008007e40        0xc c:/st/stm32cubeide_1.7.0/stm32cubeide/plugins/com.st.stm32cube.ide.mcu.externaltools.gnu-tools-for-stm32.10.3-2021.10.win32_1.0.0.202111181127/tools/bin/../lib/gcc/arm-none-eabi/10.3.1/../../../../arm-none-eabi/lib/thumb/v7e-m+fp/hard\libc_nano.a(lib_a-errno.o)
                0x0000000008007e40                __errno
 .text.__libc_init_array
                0x0000000008007e4c       0x48 c:/st/stm32cubeide_1.7.0/stm32cubeide/plugins/com.st.stm32cube.ide.mcu.externaltools.gnu-tools-for-stm32.10.3-2021.10.win32_1.0.0.202111181127/tools/bin/../lib/gcc/arm-none-eabi/10.3.1/../../../../arm-none-eabi/lib/thumb/v7e-m+fp/hard\libc_nano.a(lib_a-init.o)
                0x0000000008007e4c                __libc_init_array
 .text.memset   0x0000000008007e94       0x10 c:/st/stm32cubeide_1.7.0/stm32cubeide/plugins/com.st.stm32cube.ide.mcu.externaltools.gnu-tools-for-stm32.10.3-2021.10.win32_1.0.0.202111181127/tools/bin/../lib/gcc/arm-none-eabi/10.3.1/../../../../arm-none-eabi/lib/thumb/v7e-m+fp/hard\libc_nano.a(lib_a-memset.o)
                0x0000000008007e94                memset
 .text.printf   0x0000000008007ea4       0x30 c:/st/stm32cubeide_1.7.0/stm32cubeide/plugins/com.st.stm32cube.ide.mcu.externaltools.gnu-tools-for-stm32.10.3-2021.10.win32_1.0.0.202111181127/tools/bin/../lib/gcc/arm-none-eabi/10.3.1/../../../../arm-none-eabi/lib/thumb/v7e-m+fp/hard\libc_nano.a(lib_a-printf.o)
                0x0000000008007ea4                iprintf
                0x0000000008007ea4                printf
 .text._puts_r  0x0000000008007ed4       0xdc c:/st/stm32cubeide_1.7.0/stm32cubeide/plugins/com.st.stm32cube.ide.mcu.externaltools.gnu-tools-for-stm32.10.3-2021.10.win32_1.0.0.202111181127/tools/bin/../lib/gcc/arm-none-eabi/10.3.1/../../../../arm-none-eabi/lib/thumb/v7e-m+fp/hard\libc_nano.a(lib_a-puts.o)
                0x0000000008007ed4                _puts_r
 .text.puts     0x0000000008007fb0       0x10 c:/st/stm32cubeide_1.7.0/stm32cubeide/plugins/com.st.stm32cube.ide.mcu.externaltools.gnu-tools-for-stm32.10.3-2021.10.win32_1.0.0.202111181127/tools/bin/../lib/gcc/arm-none-eabi/10.3.1/../../../../arm-none-eabi/lib/thumb/v7e-m+fp/hard\libc_nano.a(lib_a-puts.o)
                0x0000000008007fb0                puts
 .text.sprintf  0x0000000008007fc0       0x40 c:/st/stm32cubeide_1.7.0/stm32cubeide/plugins/com.st.stm32cube.ide.mcu.externaltools.gnu-tools-for-stm32.10.3-2021.10.win32_1.0.0.202111181127/tools/bin/../lib/gcc/arm-none-eabi/10.3.1/../../../../arm-none-eabi/lib/thumb/v7e-m+fp/hard\libc_nano.a(lib_a-sprintf.o)
                0x0000000008007fc0                siprintf
                0x0000000008007fc0                sprintf
 .text.strncmp  0x0000000008008000       0x28 c:/st/stm32cubeide_1.7.0/stm32cubeide/plugins/com.st.stm32cube.ide.mcu.externaltools.gnu-tools-for-stm32.10.3-2021.10.win32_1.0.0.202111181127/tools/bin/../lib/gcc/arm-none-eabi/10.3.1/../../../../arm-none-eabi/lib/thumb/v7e-m+fp/hard\libc_nano.a(lib_a-strncmp.o)
                0x0000000008008000                strncmp
 .text.strncpy  0x0000000008008028       0x26 c:/st/stm32cubeide_1.7.0/stm32cubeide/plugins/com.st.stm32cube.ide.mcu.externaltools.gnu-tools-for-stm32.10.3-2021.10.win32_1.0.0.202111181127/tools/bin/../lib/gcc/arm-none-eabi/10.3.1/../../../../arm-none-eabi/lib/thumb/v7e-m+fp/hard\libc_nano.a(lib_a-strncpy.o)
                0x0000000008008028                strncpy
 *fill*         0x000000000800804e        0x2 
 .text._strtol_l.constprop.0
                0x0000000008008050      0x104 c:/st/stm32cubeide_1.7.0/stm32cubeide/plugins/com.st.stm32cube.ide.mcu.externaltools.gnu-tools-for-stm32.10.3-2021.10.win32_1.0.0.202111181127/tools/bin/../lib/gcc/arm-none-eabi/10.3.1/../../../../arm-none-eabi/lib/thumb/v7e-m+fp/hard\libc_nano.a(lib_a-strtol.o)
 .text.strtol   0x0000000008008154       0x14 c:/st/stm32cubeide_1.7.0/stm32cubeide/plugins/com.st.stm32cube.ide.mcu.externaltools.gnu-tools-for-stm32.10.3-2021.10.win32_1.0.0.202111181127/tools/bin/../lib/gcc/arm-none-eabi/10.3.1/../../../../arm-none-eabi/lib/thumb/v7e-m+fp/hard\libc_nano.a(lib_a-strtol.o)
                0x0000000008008154                strtol
 .text.__swbuf_r
                0x0000000008008168       0xa4 c:/st/stm32cubeide_1.7.0/stm32cubeide/plugins/com.st.stm32cube.ide.mcu.externaltools.gnu-tools-for-stm32.10.3-2021.10.win32_1.0.0.202111181127/tools/bin/../lib/gcc/arm-none-eabi/10.3.1/../../../../arm-none-eabi/lib/thumb/v7e-m+fp/hard\libc_nano.a(lib_a-wbuf.o)
                0x0000000008008168                __swbuf_r
 .text.__swsetup_r
                0x000000000800820c       0xdc c:/st/stm32cubeide_1.7.0/stm32cubeide/plugins/com.st.stm32cube.ide.mcu.externaltools.gnu-tools-for-stm32.10.3-2021.10.win32_1.0.0.202111181127/tools/bin/../lib/gcc/arm-none-eabi/10.3.1/../../../../arm-none-eabi/lib/thumb/v7e-m+fp/hard\libc_nano.a(lib_a-wsetup.o)
                0x000000000800820c                __swsetup_r
 .text.__sflush_r
                0x00000000080082e8      0x10c c:/st/stm32cubeide_1.7.0/stm32cubeide/plugins/com.st.stm32cube.ide.mcu.externaltools.gnu-tools-for-stm32.10.3-2021.10.win32_1.0.0.202111181127/tools/bin/../lib/gcc/arm-none-eabi/10.3.1/../../../../arm-none-eabi/lib/thumb/v7e-m+fp/hard\libc_nano.a(lib_a-fflush.o)
                0x00000000080082e8                __sflush_r
 .text._fflush_r
                0x00000000080083f4       0x78 c:/st/stm32cubeide_1.7.0/stm32cubeide/plugins/com.st.stm32cube.ide.mcu.externaltools.gnu-tools-for-stm32.10.3-2021.10.win32_1.0.0.202111181127/tools/bin/../lib/gcc/arm-none-eabi/10.3.1/../../../../arm-none-eabi/lib/thumb/v7e-m+fp/hard\libc_nano.a(lib_a-fflush.o)
                0x00000000080083f4                _fflush_r
 .text.std      0x000000000800846c       0x48 c:/st/stm32cubeide_1.7.0/stm32cubeide/plugins/com.st.stm32cube.ide.mcu.externaltools.gnu-tools-for-stm32.10.3-2021.10.win32_1.0.0.202111181127/tools/bin/../lib/gcc/arm-none-eabi/10.3.1/../../../../arm-none-eabi/lib/thumb/v7e-m+fp/hard\libc_nano.a(lib_a-findfp.o)
 .text._cleanup_r
                0x00000000080084b4        0xc c:/st/stm32cubeide_1.7.0/stm32cubeide/plugins/com.st.stm32cube.ide.mcu.externaltools.gnu-tools-for-stm32.10.3-2021.10.win32_1.0.0.202111181127/tools/bin/../lib/gcc/arm-none-eabi/10.3.1/../../../../arm-none-eabi/lib/thumb/v7e-m+fp/hard\libc_nano.a(lib_a-findfp.o)
                0x00000000080084b4                _cleanup_r
 .text.__sfmoreglue
                0x00000000080084c0       0x2c c:/st/stm32cubeide_1.7.0/stm32cubeide/plugins/com.st.stm32cube.ide.mcu.externaltools.gnu-tools-for-stm32.10.3-2021.10.win32_1.0.0.202111181127/tools/bin/../lib/gcc/arm-none-eabi/10.3.1/../../../../arm-none-eabi/lib/thumb/v7e-m+fp/hard\libc_nano.a(lib_a-findfp.o)
                0x00000000080084c0                __sfmoreglue
 .text.__sfp_lock_acquire
                0x00000000080084ec        0xc c:/st/stm32cubeide_1.7.0/stm32cubeide/plugins/com.st.stm32cube.ide.mcu.externaltools.gnu-tools-for-stm32.10.3-2021.10.win32_1.0.0.202111181127/tools/bin/../lib/gcc/arm-none-eabi/10.3.1/../../../../arm-none-eabi/lib/thumb/v7e-m+fp/hard\libc_nano.a(lib_a-findfp.o)
                0x00000000080084ec                __sfp_lock_acquire
 .text.__sfp_lock_release
                0x00000000080084f8        0xc c:/st/stm32cubeide_1.7.0/stm32cubeide/plugins/com.st.stm32cube.ide.mcu.externaltools.gnu-tools-for-stm32.10.3-2021.10.win32_1.0.0.202111181127/tools/bin/../lib/gcc/arm-none-eabi/10.3.1/../../../../arm-none-eabi/lib/thumb/v7e-m+fp/hard\libc_nano.a(lib_a-findfp.o)
                0x00000000080084f8                __sfp_lock_release
 .text.__sinit_lock_acquire
                0x0000000008008504        0xc c:/st/stm32cubeide_1.7.0/stm32cubeide/plugins/com.st.stm32cube.ide.mcu.externaltools.gnu-tools-for-stm32.10.3-2021.10.win32_1.0.0.202111181127/tools/bin/../lib/gcc/arm-none-eabi/10.3.1/../../../../arm-none-eabi/lib/thumb/v7e-m+fp/hard\libc_nano.a(lib_a-findfp.o)
                0x0000000008008504                __sinit_lock_acquire
 .text.__sinit_lock_release
                0x0000000008008510        0xc c:/st/stm32cubeide_1.7.0/stm32cubeide/plugins/com.st.stm32cube.ide.mcu.externaltools.gnu-tools-for-stm32.10.3-2021.10.win32_1.0.0.202111181127/tools/bin/../lib/gcc/arm-none-eabi/10.3.1/../../../../arm-none-eabi/lib/thumb/v7e-m+fp/hard\libc_nano.a(lib_a-findfp.o)
                0x0000000008008510                __sinit_lock_release
 .text.__sinit  0x000000000800851c       0x70 c:/st/stm32cubeide_1.7.0/stm32cubeide/plugins/com.st.stm32cube.ide.mcu.externaltools.gnu-tools-for-stm32.10.3-2021.10.win32_1.0.0.202111181127/tools/bin/../lib/gcc/arm-none-eabi/10.3.1/../../../../arm-none-eabi/lib/thumb/v7e-m+fp/hard\libc_nano.a(lib_a-findfp.o)
                0x000000000800851c                __sinit
 .text.__sfp    0x000000000800858c       0x8c c:/st/stm32cubeide_1.7.0/stm32cubeide/plugins/com.st.stm32cube.ide.mcu.externaltools.gnu-tools-for-stm32.10.3-2021.10.win32_1.0.0.202111181127/tools/bin/../lib/gcc/arm-none-eabi/10.3.1/../../../../arm-none-eabi/lib/thumb/v7e-m+fp/hard\libc_nano.a(lib_a-findfp.o)
                0x000000000800858c                __sfp
 .text._fwalk_reent
                0x0000000008008618       0x3e c:/st/stm32cubeide_1.7.0/stm32cubeide/plugins/com.st.stm32cube.ide.mcu.externaltools.gnu-tools-for-stm32.10.3-2021.10.win32_1.0.0.202111181127/tools/bin/../lib/gcc/arm-none-eabi/10.3.1/../../../../arm-none-eabi/lib/thumb/v7e-m+fp/hard\libc_nano.a(lib_a-fwalk.o)
                0x0000000008008618                _fwalk_reent
 .text.__retarget_lock_init_recursive
                0x0000000008008656        0x2 c:/st/stm32cubeide_1.7.0/stm32cubeide/plugins/com.st.stm32cube.ide.mcu.externaltools.gnu-tools-for-stm32.10.3-2021.10.win32_1.0.0.202111181127/tools/bin/../lib/gcc/arm-none-eabi/10.3.1/../../../../arm-none-eabi/lib/thumb/v7e-m+fp/hard\libc_nano.a(lib_a-lock.o)
                0x0000000008008656                __retarget_lock_init_recursive
 .text.__retarget_lock_acquire_recursive
                0x0000000008008658        0x2 c:/st/stm32cubeide_1.7.0/stm32cubeide/plugins/com.st.stm32cube.ide.mcu.externaltools.gnu-tools-for-stm32.10.3-2021.10.win32_1.0.0.202111181127/tools/bin/../lib/gcc/arm-none-eabi/10.3.1/../../../../arm-none-eabi/lib/thumb/v7e-m+fp/hard\libc_nano.a(lib_a-lock.o)
                0x0000000008008658                __retarget_lock_acquire_recursive
 .text.__retarget_lock_release_recursive
                0x000000000800865a        0x2 c:/st/stm32cubeide_1.7.0/stm32cubeide/plugins/com.st.stm32cube.ide.mcu.externaltools.gnu-tools-for-stm32.10.3-2021.10.win32_1.0.0.202111181127/tools/bin/../lib/gcc/arm-none-eabi/10.3.1/../../../../arm-none-eabi/lib/thumb/v7e-m+fp/hard\libc_nano.a(lib_a-lock.o)
                0x000000000800865a                __retarget_lock_release_recursive
 .text.__swhatbuf_r
                0x000000000800865c       0x4a c:/st/stm32cubeide_1.7.0/stm32cubeide/plugins/com.st.stm32cube.ide.mcu.externaltools.gnu-tools-for-stm32.10.3-2021.10.win32_1.0.0.202111181127/tools/bin/../lib/gcc/arm-none-eabi/10.3.1/../../../../arm-none-eabi/lib/thumb/v7e-m+fp/hard\libc_nano.a(lib_a-makebuf.o)
                0x000000000800865c                __swhatbuf_r
 *fill*         0x00000000080086a6        0x2 
 .text.__smakebuf_r
                0x00000000080086a8       0x80 c:/st/stm32cubeide_1.7.0/stm32cubeide/plugins/com.st.stm32cube.ide.mcu.externaltools.gnu-tools-for-stm32.10.3-2021.10.win32_1.0.0.202111181127/tools/bin/../lib/gcc/arm-none-eabi/10.3.1/../../../../arm-none-eabi/lib/thumb/v7e-m+fp/hard\libc_nano.a(lib_a-makebuf.o)
                0x00000000080086a8                __smakebuf_r
 .text._free_r  0x0000000008008728       0x98 c:/st/stm32cubeide_1.7.0/stm32cubeide/plugins/com.st.stm32cube.ide.mcu.externaltools.gnu-tools-for-stm32.10.3-2021.10.win32_1.0.0.202111181127/tools/bin/../lib/gcc/arm-none-eabi/10.3.1/../../../../arm-none-eabi/lib/thumb/v7e-m+fp/hard\libc_nano.a(lib_a-nano-freer.o)
                0x0000000008008728                _free_r
 .text.sbrk_aligned
                0x00000000080087c0       0x40 c:/st/stm32cubeide_1.7.0/stm32cubeide/plugins/com.st.stm32cube.ide.mcu.externaltools.gnu-tools-for-stm32.10.3-2021.10.win32_1.0.0.202111181127/tools/bin/../lib/gcc/arm-none-eabi/10.3.1/../../../../arm-none-eabi/lib/thumb/v7e-m+fp/hard\libc_nano.a(lib_a-nano-mallocr.o)
 .text._malloc_r
                0x0000000008008800       0xe8 c:/st/stm32cubeide_1.7.0/stm32cubeide/plugins/com.st.stm32cube.ide.mcu.externaltools.gnu-tools-for-stm32.10.3-2021.10.win32_1.0.0.202111181127/tools/bin/../lib/gcc/arm-none-eabi/10.3.1/../../../../arm-none-eabi/lib/thumb/v7e-m+fp/hard\libc_nano.a(lib_a-nano-mallocr.o)
                0x0000000008008800                _malloc_r
 .text.__ssputs_r
                0x00000000080088e8       0xb6 c:/st/stm32cubeide_1.7.0/stm32cubeide/plugins/com.st.stm32cube.ide.mcu.externaltools.gnu-tools-for-stm32.10.3-2021.10.win32_1.0.0.202111181127/tools/bin/../lib/gcc/arm-none-eabi/10.3.1/../../../../arm-none-eabi/lib/thumb/v7e-m+fp/hard\libc_nano.a(lib_a-nano-svfprintf.o)
                0x00000000080088e8                __ssputs_r
 *fill*         0x000000000800899e        0x2 
 .text._svfprintf_r
                0x00000000080089a0      0x200 c:/st/stm32cubeide_1.7.0/stm32cubeide/plugins/com.st.stm32cube.ide.mcu.externaltools.gnu-tools-for-stm32.10.3-2021.10.win32_1.0.0.202111181127/tools/bin/../lib/gcc/arm-none-eabi/10.3.1/../../../../arm-none-eabi/lib/thumb/v7e-m+fp/hard\libc_nano.a(lib_a-nano-svfprintf.o)
                0x00000000080089a0                _svfiprintf_r
                0x00000000080089a0                _svfprintf_r
 .text.__sfputc_r
                0x0000000008008ba0       0x2e c:/st/stm32cubeide_1.7.0/stm32cubeide/plugins/com.st.stm32cube.ide.mcu.externaltools.gnu-tools-for-stm32.10.3-2021.10.win32_1.0.0.202111181127/tools/bin/../lib/gcc/arm-none-eabi/10.3.1/../../../../arm-none-eabi/lib/thumb/v7e-m+fp/hard\libc_nano.a(lib_a-nano-vfprintf.o)
 .text.__sfputs_r
                0x0000000008008bce       0x24 c:/st/stm32cubeide_1.7.0/stm32cubeide/plugins/com.st.stm32cube.ide.mcu.externaltools.gnu-tools-for-stm32.10.3-2021.10.win32_1.0.0.202111181127/tools/bin/../lib/gcc/arm-none-eabi/10.3.1/../../../../arm-none-eabi/lib/thumb/v7e-m+fp/hard\libc_nano.a(lib_a-nano-vfprintf.o)
                0x0000000008008bce                __sfputs_r
 *fill*         0x0000000008008bf2        0x2 
 .text._vfprintf_r
                0x0000000008008bf4      0x260 c:/st/stm32cubeide_1.7.0/stm32cubeide/plugins/com.st.stm32cube.ide.mcu.externaltools.gnu-tools-for-stm32.10.3-2021.10.win32_1.0.0.202111181127/tools/bin/../lib/gcc/arm-none-eabi/10.3.1/../../../../arm-none-eabi/lib/thumb/v7e-m+fp/hard\libc_nano.a(lib_a-nano-vfprintf.o)
                0x0000000008008bf4                _vfprintf_r
                0x0000000008008bf4                _vfiprintf_r
 .text._printf_common
                0x0000000008008e54       0xda c:/st/stm32cubeide_1.7.0/stm32cubeide/plugins/com.st.stm32cube.ide.mcu.externaltools.gnu-tools-for-stm32.10.3-2021.10.win32_1.0.0.202111181127/tools/bin/../lib/gcc/arm-none-eabi/10.3.1/../../../../arm-none-eabi/lib/thumb/v7e-m+fp/hard\libc_nano.a(lib_a-nano-vfprintf_i.o)
                0x0000000008008e54                _printf_common
 *fill*         0x0000000008008f2e        0x2 
 .text._printf_i
                0x0000000008008f30      0x24c c:/st/stm32cubeide_1.7.0/stm32cubeide/plugins/com.st.stm32cube.ide.mcu.externaltools.gnu-tools-for-stm32.10.3-2021.10.win32_1.0.0.202111181127/tools/bin/../lib/gcc/arm-none-eabi/10.3.1/../../../../arm-none-eabi/lib/thumb/v7e-m+fp/hard\libc_nano.a(lib_a-nano-vfprintf_i.o)
                0x0000000008008f30                _printf_i
 .text._sbrk_r  0x000000000800917c       0x20 c:/st/stm32cubeide_1.7.0/stm32cubeide/plugins/com.st.stm32cube.ide.mcu.externaltools.gnu-tools-for-stm32.10.3-2021.10.win32_1.0.0.202111181127/tools/bin/../lib/gcc/arm-none-eabi/10.3.1/../../../../arm-none-eabi/lib/thumb/v7e-m+fp/hard\libc_nano.a(lib_a-sbrkr.o)
                0x000000000800917c                _sbrk_r
 .text.__sread  0x000000000800919c       0x22 c:/st/stm32cubeide_1.7.0/stm32cubeide/plugins/com.st.stm32cube.ide.mcu.externaltools.gnu-tools-for-stm32.10.3-2021.10.win32_1.0.0.202111181127/tools/bin/../lib/gcc/arm-none-eabi/10.3.1/../../../../arm-none-eabi/lib/thumb/v7e-m+fp/hard\libc_nano.a(lib_a-stdio.o)
                0x000000000800919c                __sread
 .text.__swrite
                0x00000000080091be       0x38 c:/st/stm32cubeide_1.7.0/stm32cubeide/plugins/com.st.stm32cube.ide.mcu.externaltools.gnu-tools-for-stm32.10.3-2021.10.win32_1.0.0.202111181127/tools/bin/../lib/gcc/arm-none-eabi/10.3.1/../../../../arm-none-eabi/lib/thumb/v7e-m+fp/hard\libc_nano.a(lib_a-stdio.o)
                0x00000000080091be                __swrite
 .text.__sseek  0x00000000080091f6       0x24 c:/st/stm32cubeide_1.7.0/stm32cubeide/plugins/com.st.stm32cube.ide.mcu.externaltools.gnu-tools-for-stm32.10.3-2021.10.win32_1.0.0.202111181127/tools/bin/../lib/gcc/arm-none-eabi/10.3.1/../../../../arm-none-eabi/lib/thumb/v7e-m+fp/hard\libc_nano.a(lib_a-stdio.o)
                0x00000000080091f6                __sseek
 .text.__sclose
                0x000000000800921a        0x8 c:/st/stm32cubeide_1.7.0/stm32cubeide/plugins/com.st.stm32cube.ide.mcu.externaltools.gnu-tools-for-stm32.10.3-2021.10.win32_1.0.0.202111181127/tools/bin/../lib/gcc/arm-none-eabi/10.3.1/../../../../arm-none-eabi/lib/thumb/v7e-m+fp/hard\libc_nano.a(lib_a-stdio.o)
                0x000000000800921a                __sclose
 *fill*         0x0000000008009222        0x2 
 .text._write_r
                0x0000000008009224       0x24 c:/st/stm32cubeide_1.7.0/stm32cubeide/plugins/com.st.stm32cube.ide.mcu.externaltools.gnu-tools-for-stm32.10.3-2021.10.win32_1.0.0.202111181127/tools/bin/../lib/gcc/arm-none-eabi/10.3.1/../../../../arm-none-eabi/lib/thumb/v7e-m+fp/hard\libc_nano.a(lib_a-writer.o)
                0x0000000008009224                _write_r
 .text._close_r
                0x0000000008009248       0x20 c:/st/stm32cubeide_1.7.0/stm32cubeide/plugins/com.st.stm32cube.ide.mcu.externaltools.gnu-tools-for-stm32.10.3-2021.10.win32_1.0.0.202111181127/tools/bin/../lib/gcc/arm-none-eabi/10.3.1/../../../../arm-none-eabi/lib/thumb/v7e-m+fp/hard\libc_nano.a(lib_a-closer.o)
                0x0000000008009248                _close_r
 .text._fstat_r
                0x0000000008009268       0x24 c:/st/stm32cubeide_1.7.0/stm32cubeide/plugins/com.st.stm32cube.ide.mcu.externaltools.gnu-tools-for-stm32.10.3-2021.10.win32_1.0.0.202111181127/tools/bin/../lib/gcc/arm-none-eabi/10.3.1/../../../../arm-none-eabi/lib/thumb/v7e-m+fp/hard\libc_nano.a(lib_a-fstatr.o)
                0x0000000008009268                _fstat_r
 .text._isatty_r
                0x000000000800928c       0x20 c:/st/stm32cubeide_1.7.0/stm32cubeide/plugins/com.st.stm32cube.ide.mcu.externaltools.gnu-tools-for-stm32.10.3-2021.10.win32_1.0.0.202111181127/tools/bin/../lib/gcc/arm-none-eabi/10.3.1/../../../../arm-none-eabi/lib/thumb/v7e-m+fp/hard\libc_nano.a(lib_a-isattyr.o)
                0x000000000800928c                _isatty_r
 .text._lseek_r
                0x00000000080092ac       0x24 c:/st/stm32cubeide_1.7.0/stm32cubeide/plugins/com.st.stm32cube.ide.mcu.externaltools.gnu-tools-for-stm32.10.3-2021.10.win32_1.0.0.202111181127/tools/bin/../lib/gcc/arm-none-eabi/10.3.1/../../../../arm-none-eabi/lib/thumb/v7e-m+fp/hard\libc_nano.a(lib_a-lseekr.o)
                0x00000000080092ac                _lseek_r
 .text.memcpy   0x00000000080092d0       0x1c c:/st/stm32cubeide_1.7.0/stm32cubeide/plugins/com.st.stm32cube.ide.mcu.externaltools.gnu-tools-for-stm32.10.3-2021.10.win32_1.0.0.202111181127/tools/bin/../lib/gcc/arm-none-eabi/10.3.1/../../../../arm-none-eabi/lib/thumb/v7e-m+fp/hard\libc_nano.a(lib_a-memcpy-stub.o)
                0x00000000080092d0                memcpy
 .text.memmove  0x00000000080092ec       0x34 c:/st/stm32cubeide_1.7.0/stm32cubeide/plugins/com.st.stm32cube.ide.mcu.externaltools.gnu-tools-for-stm32.10.3-2021.10.win32_1.0.0.202111181127/tools/bin/../lib/gcc/arm-none-eabi/10.3.1/../../../../arm-none-eabi/lib/thumb/v7e-m+fp/hard\libc_nano.a(lib_a-memmove.o)
                0x00000000080092ec                memmove
 .text.__malloc_lock
                0x0000000008009320        0xc c:/st/stm32cubeide_1.7.0/stm32cubeide/plugins/com.st.stm32cube.ide.mcu.externaltools.gnu-tools-for-stm32.10.3-2021.10.win32_1.0.0.202111181127/tools/bin/../lib/gcc/arm-none-eabi/10.3.1/../../../../arm-none-eabi/lib/thumb/v7e-m+fp/hard\libc_nano.a(lib_a-mlock.o)
                0x0000000008009320                __malloc_lock
 .text.__malloc_unlock
                0x000000000800932c        0xc c:/st/stm32cubeide_1.7.0/stm32cubeide/plugins/com.st.stm32cube.ide.mcu.externaltools.gnu-tools-for-stm32.10.3-2021.10.win32_1.0.0.202111181127/tools/bin/../lib/gcc/arm-none-eabi/10.3.1/../../../../arm-none-eabi/lib/thumb/v7e-m+fp/hard\libc_nano.a(lib_a-mlock.o)
                0x000000000800932c                __malloc_unlock
 .text._realloc_r
                0x0000000008009338       0x5e c:/st/stm32cubeide_1.7.0/stm32cubeide/plugins/com.st.stm32cube.ide.mcu.externaltools.gnu-tools-for-stm32.10.3-2021.10.win32_1.0.0.202111181127/tools/bin/../lib/gcc/arm-none-eabi/10.3.1/../../../../arm-none-eabi/lib/thumb/v7e-m+fp/hard\libc_nano.a(lib_a-nano-reallocr.o)
                0x0000000008009338                _realloc_r
 *fill*         0x0000000008009396        0x2 
 .text._read_r  0x0000000008009398       0x24 c:/st/stm32cubeide_1.7.0/stm32cubeide/plugins/com.st.stm32cube.ide.mcu.externaltools.gnu-tools-for-stm32.10.3-2021.10.win32_1.0.0.202111181127/tools/bin/../lib/gcc/arm-none-eabi/10.3.1/../../../../arm-none-eabi/lib/thumb/v7e-m+fp/hard\libc_nano.a(lib_a-readr.o)
                0x0000000008009398                _read_r
 .text._malloc_usable_size_r
                0x00000000080093bc       0x10 c:/st/stm32cubeide_1.7.0/stm32cubeide/plugins/com.st.stm32cube.ide.mcu.externaltools.gnu-tools-for-stm32.10.3-2021.10.win32_1.0.0.202111181127/tools/bin/../lib/gcc/arm-none-eabi/10.3.1/../../../../arm-none-eabi/lib/thumb/v7e-m+fp/hard\libc_nano.a(lib_a-nano-msizer.o)
                0x00000000080093bc                _malloc_usable_size_r
 *(.glue_7)
 .glue_7        0x00000000080093cc        0x0 linker stubs
 *(.glue_7t)
 .glue_7t       0x00000000080093cc        0x0 linker stubs
 *(.eh_frame)
 .eh_frame      0x00000000080093cc        0x0 c:/st/stm32cubeide_1.7.0/stm32cubeide/plugins/com.st.stm32cube.ide.mcu.externaltools.gnu-tools-for-stm32.10.3-2021.10.win32_1.0.0.202111181127/tools/bin/../lib/gcc/arm-none-eabi/10.3.1/thumb/v7e-m+fp/hard/crtbegin.o
 *(.init)
 .init          0x00000000080093cc        0x4 c:/st/stm32cubeide_1.7.0/stm32cubeide/plugins/com.st.stm32cube.ide.mcu.externaltools.gnu-tools-for-stm32.10.3-2021.10.win32_1.0.0.202111181127/tools/bin/../lib/gcc/arm-none-eabi/10.3.1/thumb/v7e-m+fp/hard/crti.o
                0x00000000080093cc                _init
 .init          0x00000000080093d0        0x8 c:/st/stm32cubeide_1.7.0/stm32cubeide/plugins/com.st.stm32cube.ide.mcu.externaltools.gnu-tools-for-stm32.10.3-2021.10.win32_1.0.0.202111181127/tools/bin/../lib/gcc/arm-none-eabi/10.3.1/thumb/v7e-m+fp/hard/crtn.o
 *(.fini)
 .fini          0x00000000080093d8        0x4 c:/st/stm32cubeide_1.7.0/stm32cubeide/plugins/com.st.stm32cube.ide.mcu.externaltools.gnu-tools-for-stm32.10.3-2021.10.win32_1.0.0.202111181127/tools/bin/../lib/gcc/arm-none-eabi/10.3.1/thumb/v7e-m+fp/hard/crti.o
                0x00000000080093d8                _fini
 .fini          0x00000000080093dc        0x8 c:/st/stm32cubeide_1.7.0/stm32cubeide/plugins/com.st.stm32cube.ide.mcu.externaltools.gnu-tools-for-stm32.10.3-2021.10.win32_1.0.0.202111181127/tools/bin/../lib/gcc/arm-none-eabi/10.3.1/thumb/v7e-m+fp/hard/crtn.o
                0x00000000080093e4                . = ALIGN (0x4)
                0x00000000080093e4                _etext = .

.vfp11_veneer   0x00000000080093e4        0x0
 .vfp11_veneer  0x00000000080093e4        0x0 linker stubs

.v4_bx          0x00000000080093e4        0x0
 .v4_bx         0x00000000080093e4        0x0 linker stubs

.iplt           0x00000000080093e4        0x0
 .iplt          0x00000000080093e4        0x0 c:/st/stm32cubeide_1.7.0/stm32cubeide/plugins/com.st.stm32cube.ide.mcu.externaltools.gnu-tools-for-stm32.10.3-2021.10.win32_1.0.0.202111181127/tools/bin/../lib/gcc/arm-none-eabi/10.3.1/thumb/v7e-m+fp/hard/crtbegin.o

.rodata         0x00000000080093e4      0x240
                0x00000000080093e4                . = ALIGN (0x4)
 *(.rodata)
 .rodata        0x00000000080093e4       0x4e ./Core/Src/INTERNAL_RTC.o
 *fill*         0x0000000008009432        0x2 
 .rodata        0x0000000008009434       0x3c ./Core/Src/UART0.o
 *(.rodata*)
 .rodata.AHBPrescTable
                0x0000000008009470       0x10 ./Core/Src/system_stm32f4xx.o
                0x0000000008009470                AHBPrescTable
 .rodata.APBPrescTable
                0x0000000008009480        0x8 ./Core/Src/system_stm32f4xx.o
                0x0000000008009480                APBPrescTable
 .rodata._global_impure_ptr
                0x0000000008009488        0x4 c:/st/stm32cubeide_1.7.0/stm32cubeide/plugins/com.st.stm32cube.ide.mcu.externaltools.gnu-tools-for-stm32.10.3-2021.10.win32_1.0.0.202111181127/tools/bin/../lib/gcc/arm-none-eabi/10.3.1/../../../../arm-none-eabi/lib/thumb/v7e-m+fp/hard\libc_nano.a(lib_a-impure.o)
                0x0000000008009488                _global_impure_ptr
 .rodata._ctype_
                0x000000000800948c      0x101 c:/st/stm32cubeide_1.7.0/stm32cubeide/plugins/com.st.stm32cube.ide.mcu.externaltools.gnu-tools-for-stm32.10.3-2021.10.win32_1.0.0.202111181127/tools/bin/../lib/gcc/arm-none-eabi/10.3.1/../../../../arm-none-eabi/lib/thumb/v7e-m+fp/hard\libc_nano.a(lib_a-ctype_.o)
                0x000000000800948c                _ctype_
 *fill*         0x000000000800958d        0x3 
 .rodata.__sf_fake_stderr
                0x0000000008009590       0x20 c:/st/stm32cubeide_1.7.0/stm32cubeide/plugins/com.st.stm32cube.ide.mcu.externaltools.gnu-tools-for-stm32.10.3-2021.10.win32_1.0.0.202111181127/tools/bin/../lib/gcc/arm-none-eabi/10.3.1/../../../../arm-none-eabi/lib/thumb/v7e-m+fp/hard\libc_nano.a(lib_a-findfp.o)
                0x0000000008009590                __sf_fake_stderr
 .rodata.__sf_fake_stdin
                0x00000000080095b0       0x20 c:/st/stm32cubeide_1.7.0/stm32cubeide/plugins/com.st.stm32cube.ide.mcu.externaltools.gnu-tools-for-stm32.10.3-2021.10.win32_1.0.0.202111181127/tools/bin/../lib/gcc/arm-none-eabi/10.3.1/../../../../arm-none-eabi/lib/thumb/v7e-m+fp/hard\libc_nano.a(lib_a-findfp.o)
                0x00000000080095b0                __sf_fake_stdin
 .rodata.__sf_fake_stdout
                0x00000000080095d0       0x20 c:/st/stm32cubeide_1.7.0/stm32cubeide/plugins/com.st.stm32cube.ide.mcu.externaltools.gnu-tools-for-stm32.10.3-2021.10.win32_1.0.0.202111181127/tools/bin/../lib/gcc/arm-none-eabi/10.3.1/../../../../arm-none-eabi/lib/thumb/v7e-m+fp/hard\libc_nano.a(lib_a-findfp.o)
                0x00000000080095d0                __sf_fake_stdout
 .rodata._svfprintf_r.str1.1
                0x00000000080095f0       0x11 c:/st/stm32cubeide_1.7.0/stm32cubeide/plugins/com.st.stm32cube.ide.mcu.externaltools.gnu-tools-for-stm32.10.3-2021.10.win32_1.0.0.202111181127/tools/bin/../lib/gcc/arm-none-eabi/10.3.1/../../../../arm-none-eabi/lib/thumb/v7e-m+fp/hard\libc_nano.a(lib_a-nano-svfprintf.o)
 .rodata._vfprintf_r.str1.1
                0x0000000008009601       0x11 c:/st/stm32cubeide_1.7.0/stm32cubeide/plugins/com.st.stm32cube.ide.mcu.externaltools.gnu-tools-for-stm32.10.3-2021.10.win32_1.0.0.202111181127/tools/bin/../lib/gcc/arm-none-eabi/10.3.1/../../../../arm-none-eabi/lib/thumb/v7e-m+fp/hard\libc_nano.a(lib_a-nano-vfprintf.o)
 .rodata._printf_i.str1.1
                0x0000000008009601       0x22 c:/st/stm32cubeide_1.7.0/stm32cubeide/plugins/com.st.stm32cube.ide.mcu.externaltools.gnu-tools-for-stm32.10.3-2021.10.win32_1.0.0.202111181127/tools/bin/../lib/gcc/arm-none-eabi/10.3.1/../../../../arm-none-eabi/lib/thumb/v7e-m+fp/hard\libc_nano.a(lib_a-nano-vfprintf_i.o)
                0x0000000008009624                . = ALIGN (0x4)
 *fill*         0x0000000008009623        0x1 

.ARM.extab      0x0000000008009624        0x0
                0x0000000008009624                . = ALIGN (0x4)
 *(.ARM.extab* .gnu.linkonce.armextab.*)
                0x0000000008009624                . = ALIGN (0x4)

.ARM            0x0000000008009624        0x8
                0x0000000008009624                . = ALIGN (0x4)
                0x0000000008009624                __exidx_start = .
 *(.ARM.exidx*)
 .ARM.exidx     0x0000000008009624        0x8 c:/st/stm32cubeide_1.7.0/stm32cubeide/plugins/com.st.stm32cube.ide.mcu.externaltools.gnu-tools-for-stm32.10.3-2021.10.win32_1.0.0.202111181127/tools/bin/../lib/gcc/arm-none-eabi/10.3.1/thumb/v7e-m+fp/hard\libgcc.a(_udivmoddi4.o)
                0x000000000800962c                __exidx_end = .
                0x000000000800962c                . = ALIGN (0x4)

.rel.dyn        0x000000000800962c        0x0
 .rel.iplt      0x000000000800962c        0x0 c:/st/stm32cubeide_1.7.0/stm32cubeide/plugins/com.st.stm32cube.ide.mcu.externaltools.gnu-tools-for-stm32.10.3-2021.10.win32_1.0.0.202111181127/tools/bin/../lib/gcc/arm-none-eabi/10.3.1/thumb/v7e-m+fp/hard/crtbegin.o

.preinit_array  0x000000000800962c        0x0
                0x000000000800962c                . = ALIGN (0x4)
                0x000000000800962c                PROVIDE (__preinit_array_start = .)
 *(.preinit_array*)
                0x000000000800962c                PROVIDE (__preinit_array_end = .)
                0x000000000800962c                . = ALIGN (0x4)

.init_array     0x000000000800962c        0x4
                0x000000000800962c                . = ALIGN (0x4)
                0x000000000800962c                PROVIDE (__init_array_start = .)
 *(SORT_BY_NAME(.init_array.*))
 *(.init_array*)
 .init_array    0x000000000800962c        0x4 c:/st/stm32cubeide_1.7.0/stm32cubeide/plugins/com.st.stm32cube.ide.mcu.externaltools.gnu-tools-for-stm32.10.3-2021.10.win32_1.0.0.202111181127/tools/bin/../lib/gcc/arm-none-eabi/10.3.1/thumb/v7e-m+fp/hard/crtbegin.o
                0x0000000008009630                PROVIDE (__init_array_end = .)
                0x0000000008009630                . = ALIGN (0x4)

.fini_array     0x0000000008009630        0x4
                0x0000000008009630                . = ALIGN (0x4)
                [!provide]                        PROVIDE (__fini_array_start = .)
 *(SORT_BY_NAME(.fini_array.*))
 *(.fini_array*)
 .fini_array    0x0000000008009630        0x4 c:/st/stm32cubeide_1.7.0/stm32cubeide/plugins/com.st.stm32cube.ide.mcu.externaltools.gnu-tools-for-stm32.10.3-2021.10.win32_1.0.0.202111181127/tools/bin/../lib/gcc/arm-none-eabi/10.3.1/thumb/v7e-m+fp/hard/crtbegin.o
                [!provide]                        PROVIDE (__fini_array_end = .)
                0x0000000008009634                . = ALIGN (0x4)
                0x0000000008009634                _sidata = LOADADDR (.data)

.data           0x0000000020000000       0x84 load address 0x0000000008009634
                0x0000000020000000                . = ALIGN (0x4)
                0x0000000020000000                _sdata = .
 *(.data)
 *(.data*)
 .data.prev_button1_state
                0x0000000020000000        0x1 ./Core/Src/BUTTON.o
                0x0000000020000000                prev_button1_state
 .data.prev_button2_state
                0x0000000020000001        0x1 ./Core/Src/BUTTON.o
                0x0000000020000001                prev_button2_state
 .data.prev_button3_state
                0x0000000020000002        0x1 ./Core/Src/BUTTON.o
                0x0000000020000002                prev_button3_state
 .data.prev_button4_state
                0x0000000020000003        0x1 ./Core/Src/BUTTON.o
                0x0000000020000003                prev_button4_state
 .data.prev_button_open_state
                0x0000000020000004        0x1 ./Core/Src/BUTTON.o
                0x0000000020000004                prev_button_open_state
 .data.prev_button_close_state
                0x0000000020000005        0x1 ./Core/Src/BUTTON.o
                0x0000000020000005                prev_button_close_state
 .data.prev_button_EXT_state
                0x0000000020000006        0x1 ./Core/Src/BUTTON.o
                0x0000000020000006                prev_button_EXT_state
 *fill*         0x0000000020000007        0x1 
 .data.floor_count
                0x0000000020000008        0x4 ./Core/Src/STEPMOTOR.o
                0x0000000020000008                floor_count
 .data.floor    0x000000002000000c        0x4 ./Core/Src/STEPMOTOR.o
                0x000000002000000c                floor
 .data.school_bell
                0x0000000020000010        0x4 ./Core/Src/buzzer.o
                0x0000000020000010                school_bell
 .data.SystemCoreClock
                0x0000000020000014        0x4 ./Core/Src/system_stm32f4xx.o
                0x0000000020000014                SystemCoreClock
 .data.uwTickPrio
                0x0000000020000018        0x4 ./Drivers/STM32F4xx_HAL_Driver/Src/stm32f4xx_hal.o
                0x0000000020000018                uwTickPrio
 .data.uwTickFreq
                0x000000002000001c        0x1 ./Drivers/STM32F4xx_HAL_Driver/Src/stm32f4xx_hal.o
                0x000000002000001c                uwTickFreq
 *fill*         0x000000002000001d        0x3 
 .data._impure_ptr
                0x0000000020000020        0x4 c:/st/stm32cubeide_1.7.0/stm32cubeide/plugins/com.st.stm32cube.ide.mcu.externaltools.gnu-tools-for-stm32.10.3-2021.10.win32_1.0.0.202111181127/tools/bin/../lib/gcc/arm-none-eabi/10.3.1/../../../../arm-none-eabi/lib/thumb/v7e-m+fp/hard\libc_nano.a(lib_a-impure.o)
                0x0000000020000020                _impure_ptr
 .data.impure_data
                0x0000000020000024       0x60 c:/st/stm32cubeide_1.7.0/stm32cubeide/plugins/com.st.stm32cube.ide.mcu.externaltools.gnu-tools-for-stm32.10.3-2021.10.win32_1.0.0.202111181127/tools/bin/../lib/gcc/arm-none-eabi/10.3.1/../../../../arm-none-eabi/lib/thumb/v7e-m+fp/hard\libc_nano.a(lib_a-impure.o)
 *(.RamFunc)
 *(.RamFunc*)
                0x0000000020000084                . = ALIGN (0x4)
                0x0000000020000084                _edata = .

.igot.plt       0x0000000020000084        0x0 load address 0x00000000080096b8
 .igot.plt      0x0000000020000084        0x0 c:/st/stm32cubeide_1.7.0/stm32cubeide/plugins/com.st.stm32cube.ide.mcu.externaltools.gnu-tools-for-stm32.10.3-2021.10.win32_1.0.0.202111181127/tools/bin/../lib/gcc/arm-none-eabi/10.3.1/thumb/v7e-m+fp/hard/crtbegin.o
                0x0000000020000084                . = ALIGN (0x4)

.bss            0x0000000020000084      0x8d4 load address 0x00000000080096b8
                0x0000000020000084                _sbss = .
                0x0000000020000084                __bss_start__ = _sbss
 *(.bss)
 .bss           0x0000000020000084       0x1c c:/st/stm32cubeide_1.7.0/stm32cubeide/plugins/com.st.stm32cube.ide.mcu.externaltools.gnu-tools-for-stm32.10.3-2021.10.win32_1.0.0.202111181127/tools/bin/../lib/gcc/arm-none-eabi/10.3.1/thumb/v7e-m+fp/hard/crtbegin.o
 *(.bss*)
 .bss.sTime     0x00000000200000a0       0x14 ./Core/Src/INTERNAL_RTC.o
                0x00000000200000a0                sTime
 .bss.sDate     0x00000000200000b4        0x4 ./Core/Src/INTERNAL_RTC.o
                0x00000000200000b4                sDate
 .bss.sbuff     0x00000000200000b8       0x28 ./Core/Src/INTERNAL_RTC.o
                0x00000000200000b8                sbuff
 .bss.oTime.0   0x00000000200000e0       0x14 ./Core/Src/INTERNAL_RTC.o
 .bss.led_state.5
                0x00000000200000f4        0x1 ./Core/Src/LED.o
 .bss.led_state.4
                0x00000000200000f5        0x1 ./Core/Src/LED.o
 .bss.led_state.3
                0x00000000200000f6        0x1 ./Core/Src/LED.o
 .bss.led_state.2
                0x00000000200000f7        0x1 ./Core/Src/LED.o
 .bss.led_state.1
                0x00000000200000f8        0x1 ./Core/Src/LED.o
 .bss.led_state.0
                0x00000000200000f9        0x1 ./Core/Src/LED.o
 *fill*         0x00000000200000fa        0x2 
 .bss.ext_floor
                0x00000000200000fc        0x4 ./Core/Src/STEPMOTOR.o
                0x00000000200000fc                ext_floor
 .bss.EXT_state
                0x0000000020000100        0x4 ./Core/Src/STEPMOTOR.o
                0x0000000020000100                EXT_state
 .bss.INT_state
                0x0000000020000104        0x4 ./Core/Src/STEPMOTOR.o
                0x0000000020000104                INT_state
 .bss.DOOR_state
                0x0000000020000108        0x4 ./Core/Src/STEPMOTOR.o
                0x0000000020000108                DOOR_state
 .bss.motor_state
                0x000000002000010c        0x4 ./Core/Src/STEPMOTOR.o
                0x000000002000010c                motor_state
 .bss.motor_ext_state
                0x0000000020000110        0x4 ./Core/Src/STEPMOTOR.o
                0x0000000020000110                motor_ext_state
 .bss.buzzer_state
                0x0000000020000114        0x4 ./Core/Src/STEPMOTOR.o
                0x0000000020000114                buzzer_state
 .bss.step.0    0x0000000020000118        0x4 ./Core/Src/STEPMOTOR.o
 .bss.input_pointer
                0x000000002000011c        0x4 ./Core/Src/UART0.o
                0x000000002000011c                input_pointer
 .bss.output_pointer
                0x0000000020000120        0x4 ./Core/Src/UART0.o
                0x0000000020000120                output_pointer
 .bss.rx_buff   0x0000000020000124      0x5dc ./Core/Src/UART0.o
                0x0000000020000124                rx_buff
 .bss.rx_data   0x0000000020000700        0x1 ./Core/Src/UART0.o
                0x0000000020000700                rx_data
 *fill*         0x0000000020000701        0x3 
 .bss.rx_index  0x0000000020000704        0x4 ./Core/Src/UART0.o
                0x0000000020000704                rx_index
 .bss.hi2c1     0x0000000020000708       0x54 ./Core/Src/main.o
                0x0000000020000708                hi2c1
 .bss.hrtc      0x000000002000075c       0x20 ./Core/Src/main.o
                0x000000002000075c                hrtc
 .bss.htim1     0x000000002000077c       0x48 ./Core/Src/main.o
                0x000000002000077c                htim1
 .bss.htim2     0x00000000200007c4       0x48 ./Core/Src/main.o
                0x00000000200007c4                htim2
 .bss.htim3     0x000000002000080c       0x48 ./Core/Src/main.o
                0x000000002000080c                htim3
 .bss.htim11    0x0000000020000854       0x48 ./Core/Src/main.o
                0x0000000020000854                htim11
 .bss.huart1    0x000000002000089c       0x44 ./Core/Src/main.o
                0x000000002000089c                huart1
 .bss.huart2    0x00000000200008e0       0x44 ./Core/Src/main.o
                0x00000000200008e0                huart2
 .bss.t1ms_counter
                0x0000000020000924        0x4 ./Core/Src/main.o
                0x0000000020000924                t1ms_counter
 .bss.t500ms_counter
                0x0000000020000928        0x4 ./Core/Src/main.o
                0x0000000020000928                t500ms_counter
 .bss.elevator_led_counter
                0x000000002000092c        0x4 ./Core/Src/main.o
                0x000000002000092c                elevator_led_counter
 .bss.TIM11_10ms_counter
                0x0000000020000930        0x4 ./Core/Src/main.o
                0x0000000020000930                TIM11_10ms_counter
 .bss.TIM11_10ms_door_counter
                0x0000000020000934        0x4 ./Core/Src/main.o
                0x0000000020000934                TIM11_10ms_door_counter
 .bss.TIM11_10ms_buzzer_counter
                0x0000000020000938        0x4 ./Core/Src/main.o
                0x0000000020000938                TIM11_10ms_buzzer_counter
 .bss.VIP_on_off
                0x000000002000093c        0x4 ./Core/Src/main.o
                0x000000002000093c                VIP_on_off
 .bss.__sbrk_heap_end
                0x0000000020000940        0x4 ./Core/Src/sysmem.o
 .bss.uwTick    0x0000000020000944        0x4 ./Drivers/STM32F4xx_HAL_Driver/Src/stm32f4xx_hal.o
                0x0000000020000944                uwTick
 .bss.__lock___malloc_recursive_mutex
                0x0000000020000948        0x1 c:/st/stm32cubeide_1.7.0/stm32cubeide/plugins/com.st.stm32cube.ide.mcu.externaltools.gnu-tools-for-stm32.10.3-2021.10.win32_1.0.0.202111181127/tools/bin/../lib/gcc/arm-none-eabi/10.3.1/../../../../arm-none-eabi/lib/thumb/v7e-m+fp/hard\libc_nano.a(lib_a-lock.o)
                0x0000000020000948                __lock___malloc_recursive_mutex
 .bss.__lock___sfp_recursive_mutex
                0x0000000020000949        0x1 c:/st/stm32cubeide_1.7.0/stm32cubeide/plugins/com.st.stm32cube.ide.mcu.externaltools.gnu-tools-for-stm32.10.3-2021.10.win32_1.0.0.202111181127/tools/bin/../lib/gcc/arm-none-eabi/10.3.1/../../../../arm-none-eabi/lib/thumb/v7e-m+fp/hard\libc_nano.a(lib_a-lock.o)
                0x0000000020000949                __lock___sfp_recursive_mutex
 .bss.__lock___sinit_recursive_mutex
                0x000000002000094a        0x1 c:/st/stm32cubeide_1.7.0/stm32cubeide/plugins/com.st.stm32cube.ide.mcu.externaltools.gnu-tools-for-stm32.10.3-2021.10.win32_1.0.0.202111181127/tools/bin/../lib/gcc/arm-none-eabi/10.3.1/../../../../arm-none-eabi/lib/thumb/v7e-m+fp/hard\libc_nano.a(lib_a-lock.o)
                0x000000002000094a                __lock___sinit_recursive_mutex
 *fill*         0x000000002000094b        0x1 
 .bss.__malloc_free_list
                0x000000002000094c        0x4 c:/st/stm32cubeide_1.7.0/stm32cubeide/plugins/com.st.stm32cube.ide.mcu.externaltools.gnu-tools-for-stm32.10.3-2021.10.win32_1.0.0.202111181127/tools/bin/../lib/gcc/arm-none-eabi/10.3.1/../../../../arm-none-eabi/lib/thumb/v7e-m+fp/hard\libc_nano.a(lib_a-nano-mallocr.o)
                0x000000002000094c                __malloc_free_list
 .bss.__malloc_sbrk_start
                0x0000000020000950        0x4 c:/st/stm32cubeide_1.7.0/stm32cubeide/plugins/com.st.stm32cube.ide.mcu.externaltools.gnu-tools-for-stm32.10.3-2021.10.win32_1.0.0.202111181127/tools/bin/../lib/gcc/arm-none-eabi/10.3.1/../../../../arm-none-eabi/lib/thumb/v7e-m+fp/hard\libc_nano.a(lib_a-nano-mallocr.o)
                0x0000000020000950                __malloc_sbrk_start
 .bss.errno     0x0000000020000954        0x4 c:/st/stm32cubeide_1.7.0/stm32cubeide/plugins/com.st.stm32cube.ide.mcu.externaltools.gnu-tools-for-stm32.10.3-2021.10.win32_1.0.0.202111181127/tools/bin/../lib/gcc/arm-none-eabi/10.3.1/../../../../arm-none-eabi/lib/thumb/v7e-m+fp/hard\libc_nano.a(lib_a-reent.o)
                0x0000000020000954                errno
 *(COMMON)
                0x0000000020000958                . = ALIGN (0x4)
                0x0000000020000958                _ebss = .
                0x0000000020000958                __bss_end__ = _ebss

._user_heap_stack
                0x0000000020000958      0x600 load address 0x00000000080096b8
                0x0000000020000958                . = ALIGN (0x8)
                [!provide]                        PROVIDE (end = .)
                0x0000000020000958                PROVIDE (_end = .)
                0x0000000020000b58                . = (. + _Min_Heap_Size)
 *fill*         0x0000000020000958      0x200 
                0x0000000020000f58                . = (. + _Min_Stack_Size)
 *fill*         0x0000000020000b58      0x400 
                0x0000000020000f58                . = ALIGN (0x8)

/DISCARD/
 libc.a(*)
 libm.a(*)
 libgcc.a(*)

.ARM.attributes
                0x0000000000000000       0x30
 *(.ARM.attributes)
 .ARM.attributes
                0x0000000000000000       0x1e c:/st/stm32cubeide_1.7.0/stm32cubeide/plugins/com.st.stm32cube.ide.mcu.externaltools.gnu-tools-for-stm32.10.3-2021.10.win32_1.0.0.202111181127/tools/bin/../lib/gcc/arm-none-eabi/10.3.1/thumb/v7e-m+fp/hard/crti.o
 .ARM.attributes
                0x000000000000001e       0x34 c:/st/stm32cubeide_1.7.0/stm32cubeide/plugins/com.st.stm32cube.ide.mcu.externaltools.gnu-tools-for-stm32.10.3-2021.10.win32_1.0.0.202111181127/tools/bin/../lib/gcc/arm-none-eabi/10.3.1/thumb/v7e-m+fp/hard/crtbegin.o
 .ARM.attributes
                0x0000000000000052       0x34 ./Core/Src/BUTTON.o
 .ARM.attributes
                0x0000000000000086       0x34 ./Core/Src/INTERNAL_RTC.o
 .ARM.attributes
                0x00000000000000ba       0x34 ./Core/Src/LED.o
 .ARM.attributes
                0x00000000000000ee       0x34 ./Core/Src/STEPMOTOR.o
 .ARM.attributes
                0x0000000000000122       0x34 ./Core/Src/UART0.o
 .ARM.attributes
                0x0000000000000156       0x34 ./Core/Src/buzzer.o
 .ARM.attributes
                0x000000000000018a       0x34 ./Core/Src/i2c_lcd.o
 .ARM.attributes
                0x00000000000001be       0x34 ./Core/Src/main.o
 .ARM.attributes
                0x00000000000001f2       0x34 ./Core/Src/stm32f4xx_hal_msp.o
 .ARM.attributes
                0x0000000000000226       0x34 ./Core/Src/stm32f4xx_it.o
 .ARM.attributes
                0x000000000000025a       0x34 ./Core/Src/syscalls.o
 .ARM.attributes
                0x000000000000028e       0x34 ./Core/Src/sysmem.o
 .ARM.attributes
                0x00000000000002c2       0x34 ./Core/Src/system_stm32f4xx.o
 .ARM.attributes
                0x00000000000002f6       0x21 ./Core/Startup/startup_stm32f411retx.o
 .ARM.attributes
                0x0000000000000317       0x34 ./Drivers/STM32F4xx_HAL_Driver/Src/stm32f4xx_hal.o
 .ARM.attributes
                0x000000000000034b       0x34 ./Drivers/STM32F4xx_HAL_Driver/Src/stm32f4xx_hal_cortex.o
 .ARM.attributes
                0x000000000000037f       0x34 ./Drivers/STM32F4xx_HAL_Driver/Src/stm32f4xx_hal_dma.o
 .ARM.attributes
                0x00000000000003b3       0x34 ./Drivers/STM32F4xx_HAL_Driver/Src/stm32f4xx_hal_gpio.o
 .ARM.attributes
                0x00000000000003e7       0x34 ./Drivers/STM32F4xx_HAL_Driver/Src/stm32f4xx_hal_i2c.o
 .ARM.attributes
                0x000000000000041b       0x34 ./Drivers/STM32F4xx_HAL_Driver/Src/stm32f4xx_hal_rcc.o
 .ARM.attributes
                0x000000000000044f       0x34 ./Drivers/STM32F4xx_HAL_Driver/Src/stm32f4xx_hal_rcc_ex.o
 .ARM.attributes
                0x0000000000000483       0x34 ./Drivers/STM32F4xx_HAL_Driver/Src/stm32f4xx_hal_rtc.o
 .ARM.attributes
                0x00000000000004b7       0x34 ./Drivers/STM32F4xx_HAL_Driver/Src/stm32f4xx_hal_tim.o
 .ARM.attributes
                0x00000000000004eb       0x34 ./Drivers/STM32F4xx_HAL_Driver/Src/stm32f4xx_hal_tim_ex.o
 .ARM.attributes
                0x000000000000051f       0x34 ./Drivers/STM32F4xx_HAL_Driver/Src/stm32f4xx_hal_uart.o
 .ARM.attributes
                0x0000000000000553       0x34 c:/st/stm32cubeide_1.7.0/stm32cubeide/plugins/com.st.stm32cube.ide.mcu.externaltools.gnu-tools-for-stm32.10.3-2021.10.win32_1.0.0.202111181127/tools/bin/../lib/gcc/arm-none-eabi/10.3.1/../../../../arm-none-eabi/lib/thumb/v7e-m+fp/hard\libc_nano.a(lib_a-atoi.o)
 .ARM.attributes
                0x0000000000000587       0x34 c:/st/stm32cubeide_1.7.0/stm32cubeide/plugins/com.st.stm32cube.ide.mcu.externaltools.gnu-tools-for-stm32.10.3-2021.10.win32_1.0.0.202111181127/tools/bin/../lib/gcc/arm-none-eabi/10.3.1/../../../../arm-none-eabi/lib/thumb/v7e-m+fp/hard\libc_nano.a(lib_a-errno.o)
 .ARM.attributes
                0x00000000000005bb       0x34 c:/st/stm32cubeide_1.7.0/stm32cubeide/plugins/com.st.stm32cube.ide.mcu.externaltools.gnu-tools-for-stm32.10.3-2021.10.win32_1.0.0.202111181127/tools/bin/../lib/gcc/arm-none-eabi/10.3.1/../../../../arm-none-eabi/lib/thumb/v7e-m+fp/hard\libc_nano.a(lib_a-impure.o)
 .ARM.attributes
                0x00000000000005ef       0x34 c:/st/stm32cubeide_1.7.0/stm32cubeide/plugins/com.st.stm32cube.ide.mcu.externaltools.gnu-tools-for-stm32.10.3-2021.10.win32_1.0.0.202111181127/tools/bin/../lib/gcc/arm-none-eabi/10.3.1/../../../../arm-none-eabi/lib/thumb/v7e-m+fp/hard\libc_nano.a(lib_a-init.o)
 .ARM.attributes
                0x0000000000000623       0x34 c:/st/stm32cubeide_1.7.0/stm32cubeide/plugins/com.st.stm32cube.ide.mcu.externaltools.gnu-tools-for-stm32.10.3-2021.10.win32_1.0.0.202111181127/tools/bin/../lib/gcc/arm-none-eabi/10.3.1/../../../../arm-none-eabi/lib/thumb/v7e-m+fp/hard\libc_nano.a(lib_a-memset.o)
 .ARM.attributes
                0x0000000000000657       0x34 c:/st/stm32cubeide_1.7.0/stm32cubeide/plugins/com.st.stm32cube.ide.mcu.externaltools.gnu-tools-for-stm32.10.3-2021.10.win32_1.0.0.202111181127/tools/bin/../lib/gcc/arm-none-eabi/10.3.1/../../../../arm-none-eabi/lib/thumb/v7e-m+fp/hard\libc_nano.a(lib_a-printf.o)
 .ARM.attributes