../Core/Src/main.c:111:1:__io_putchar	16	static
../Core/Src/main.c:128:6:HAL_SYSTICK_Callback	4	static
../Core/Src/main.c:142:6:HAL_TIM_PeriodElapsedCallback	16	static
../Core/Src/main.c:160:6:HAL_GPIO_EXTI_Callback	16	static
../Core/Src/main.c:182:6:delay_us	16	static
../Core/Src/main.c:195:5:main	8	static
../Core/Src/main.c:263:6:SystemClock_Config	88	static
../Core/Src/main.c:308:13:MX_NVIC_Init	8	static
../Core/Src/main.c:320:13:MX_I2C1_Init	8	static
../Core/Src/main.c:354:13:MX_RTC_Init	32	static
../Core/Src/main.c:416:13:MX_TIM1_Init	48	static
../Core/Src/main.c:475:13:MX_TIM2_Init	48	static
../Core/Src/main.c:524:13:MX_TIM3_Init	48	static
../Core/Src/main.c:573:13:MX_TIM11_Init	8	static
../Core/Src/main.c:604:13:MX_USART1_UART_Init	8	static
../Core/Src/main.c:637:13:MX_USART2_UART_Init	8	static
../Core/Src/main.c:670:13:MX_GPIO_Init	48	static
../Core/Src/main.c:750:6:Error_Handler	4	static,ignoring_inline_asm
