../Core/Src/STEPMOTOR.c:55:6:set_rpm	16	static
../Core/Src/STEPMOTOR.c:61:6:stepmotor_drive	16	static
../Core/Src/STEPMOTOR.c:136:6:elevator_activation	8	static
../Core/Src/STEPMOTOR.c:170:6:elevator_EXT_motor_active	8	static
../Core/Src/STEPMOTOR.c:182:6:elevator_motor_call_down	8	static
../Core/Src/STEPMOTOR.c:207:6:buzzer_init	4	static
../Core/Src/STEPMOTOR.c:213:6:elevator_buzzer_on	8	static
../Core/Src/STEPMOTOR.c:223:6:elevator_door_inactive	8	static
../Core/Src/STEPMOTOR.c:238:6:elevator_door_open	4	static
../Core/Src/STEPMOTOR.c:251:6:elevator_door_close_for_active	4	static
../Core/Src/STEPMOTOR.c:271:6:elevator_mode_select	8	static
../Core/Src/STEPMOTOR.c:467:6:elevator_motor_inactive	4	static
../Core/Src/STEPMOTOR.c:472:6:elevator_motor_active	8	static
../Core/Src/STEPMOTOR.c:487:6:elevator_motor_up	8	static
../Core/Src/STEPMOTOR.c:508:6:elevator_motor_down	8	static
../Core/Src/STEPMOTOR.c:528:6:elevator_motor_cancle	8	static
../Core/Src/STEPMOTOR.c:543:6:elevator_motor_cancle_up	8	static
../Core/Src/STEPMOTOR.c:551:6:elevator_motor_cancle_up_to_floor2	8	static
../Core/Src/STEPMOTOR.c:572:6:elevator_motor_cancle_up_to_floor3	8	static
../Core/Src/STEPMOTOR.c:593:6:elevator_motor_cancle_up_to_floor4	8	static
../Core/Src/STEPMOTOR.c:614:6:elevator_motor_cancle_down	8	static
../Core/Src/STEPMOTOR.c:622:6:elevator_motor_cancle_down_to_floor1	8	static
../Core/Src/STEPMOTOR.c:643:6:elevator_motor_cancle_down_to_floor2	8	static
../Core/Src/STEPMOTOR.c:664:6:elevator_motor_cancle_down_to_floor3	8	static
