10:49:46 **** Build of configuration Debug for project 07.ELEVATOR ****
make -j4 all 
arm-none-eabi-gcc "../Drivers/STM32F4xx_HAL_Driver/Src/stm32f4xx_hal.c" -mcpu=cortex-m4 -std=gnu11 -g3 -DDEBUG -DUSE_HAL_DRIVER -DSTM32F411xE -c -I../Core/Inc -I../Drivers/STM32F4xx_HAL_Driver/Inc -I../Drivers/STM32F4xx_HAL_Driver/Inc/Legacy -I../Drivers/CMSIS/Device/ST/STM32F4xx/Include -I../Drivers/CMSIS/Include -O0 -ffunction-sections -fdata-sections -Wall -fstack-usage -MMD -MP -MF"Drivers/STM32F4xx_HAL_Driver/Src/stm32f4xx_hal.d" -MT"Drivers/STM32F4xx_HAL_Driver/Src/stm32f4xx_hal.o" --specs=nano.specs -mfpu=fpv4-sp-d16 -mfloat-abi=hard -mthumb -o "Drivers/STM32F4xx_HAL_Driver/Src/stm32f4xx_hal.o"
arm-none-eabi-gcc "../Drivers/STM32F4xx_HAL_Driver/Src/stm32f4xx_hal_cortex.c" -mcpu=cortex-m4 -std=gnu11 -g3 -DDEBUG -DUSE_HAL_DRIVER -DSTM32F411xE -c -I../Core/Inc -I../Drivers/STM32F4xx_HAL_Driver/Inc -I../Drivers/STM32F4xx_HAL_Driver/Inc/Legacy -I../Drivers/CMSIS/Device/ST/STM32F4xx/Include -I../Drivers/CMSIS/Include -O0 -ffunction-sections -fdata-sections -Wall -fstack-usage -MMD -MP -MF"Drivers/STM32F4xx_HAL_Driver/Src/stm32f4xx_hal_cortex.d" -MT"Drivers/STM32F4xx_HAL_Driver/Src/stm32f4xx_hal_cortex.o" --specs=nano.specs -mfpu=fpv4-sp-d16 -mfloat-abi=hard -mthumb -o "Drivers/STM32F4xx_HAL_Driver/Src/stm32f4xx_hal_cortex.o"
arm-none-eabi-gcc "../Drivers/STM32F4xx_HAL_Driver/Src/stm32f4xx_hal_dma.c" -mcpu=cortex-m4 -std=gnu11 -g3 -DDEBUG -DUSE_HAL_DRIVER -DSTM32F411xE -c -I../Core/Inc -I../Drivers/STM32F4xx_HAL_Driver/Inc -I../Drivers/STM32F4xx_HAL_Driver/Inc/Legacy -I../Drivers/CMSIS/Device/ST/STM32F4xx/Include -I../Drivers/CMSIS/Include -O0 -ffunction-sections -fdata-sections -Wall -fstack-usage -MMD -MP -MF"Drivers/STM32F4xx_HAL_Driver/Src/stm32f4xx_hal_dma.d" -MT"Drivers/STM32F4xx_HAL_Driver/Src/stm32f4xx_hal_dma.o" --specs=nano.specs -mfpu=fpv4-sp-d16 -mfloat-abi=hard -mthumb -o "Drivers/STM32F4xx_HAL_Driver/Src/stm32f4xx_hal_dma.o"
arm-none-eabi-gcc "../Drivers/STM32F4xx_HAL_Driver/Src/stm32f4xx_hal_dma_ex.c" -mcpu=cortex-m4 -std=gnu11 -g3 -DDEBUG -DUSE_HAL_DRIVER -DSTM32F411xE -c -I../Core/Inc -I../Drivers/STM32F4xx_HAL_Driver/Inc -I../Drivers/STM32F4xx_HAL_Driver/Inc/Legacy -I../Drivers/CMSIS/Device/ST/STM32F4xx/Include -I../Drivers/CMSIS/Include -O0 -ffunction-sections -fdata-sections -Wall -fstack-usage -MMD -MP -MF"Drivers/STM32F4xx_HAL_Driver/Src/stm32f4xx_hal_dma_ex.d" -MT"Drivers/STM32F4xx_HAL_Driver/Src/stm32f4xx_hal_dma_ex.o" --specs=nano.specs -mfpu=fpv4-sp-d16 -mfloat-abi=hard -mthumb -o "Drivers/STM32F4xx_HAL_Driver/Src/stm32f4xx_hal_dma_ex.o"
arm-none-eabi-gcc "../Drivers/STM32F4xx_HAL_Driver/Src/stm32f4xx_hal_exti.c" -mcpu=cortex-m4 -std=gnu11 -g3 -DDEBUG -DUSE_HAL_DRIVER -DSTM32F411xE -c -I../Core/Inc -I../Drivers/STM32F4xx_HAL_Driver/Inc -I../Drivers/STM32F4xx_HAL_Driver/Inc/Legacy -I../Drivers/CMSIS/Device/ST/STM32F4xx/Include -I../Drivers/CMSIS/Include -O0 -ffunction-sections -fdata-sections -Wall -fstack-usage -MMD -MP -MF"Drivers/STM32F4xx_HAL_Driver/Src/stm32f4xx_hal_exti.d" -MT"Drivers/STM32F4xx_HAL_Driver/Src/stm32f4xx_hal_exti.o" --specs=nano.specs -mfpu=fpv4-sp-d16 -mfloat-abi=hard -mthumb -o "Drivers/STM32F4xx_HAL_Driver/Src/stm32f4xx_hal_exti.o"
arm-none-eabi-gcc "../Drivers/STM32F4xx_HAL_Driver/Src/stm32f4xx_hal_flash.c" -mcpu=cortex-m4 -std=gnu11 -g3 -DDEBUG -DUSE_HAL_DRIVER -DSTM32F411xE -c -I../Core/Inc -I../Drivers/STM32F4xx_HAL_Driver/Inc -I../Drivers/STM32F4xx_HAL_Driver/Inc/Legacy -I../Drivers/CMSIS/Device/ST/STM32F4xx/Include -I../Drivers/CMSIS/Include -O0 -ffunction-sections -fdata-sections -Wall -fstack-usage -MMD -MP -MF"Drivers/STM32F4xx_HAL_Driver/Src/stm32f4xx_hal_flash.d" -MT"Drivers/STM32F4xx_HAL_Driver/Src/stm32f4xx_hal_flash.o" --specs=nano.specs -mfpu=fpv4-sp-d16 -mfloat-abi=hard -mthumb -o "Drivers/STM32F4xx_HAL_Driver/Src/stm32f4xx_hal_flash.o"
arm-none-eabi-gcc "../Drivers/STM32F4xx_HAL_Driver/Src/stm32f4xx_hal_flash_ex.c" -mcpu=cortex-m4 -std=gnu11 -g3 -DDEBUG -DUSE_HAL_DRIVER -DSTM32F411xE -c -I../Core/Inc -I../Drivers/STM32F4xx_HAL_Driver/Inc -I../Drivers/STM32F4xx_HAL_Driver/Inc/Legacy -I../Drivers/CMSIS/Device/ST/STM32F4xx/Include -I../Drivers/CMSIS/Include -O0 -ffunction-sections -fdata-sections -Wall -fstack-usage -MMD -MP -MF"Drivers/STM32F4xx_HAL_Driver/Src/stm32f4xx_hal_flash_ex.d" -MT"Drivers/STM32F4xx_HAL_Driver/Src/stm32f4xx_hal_flash_ex.o" --specs=nano.specs -mfpu=fpv4-sp-d16 -mfloat-abi=hard -mthumb -o "Drivers/STM32F4xx_HAL_Driver/Src/stm32f4xx_hal_flash_ex.o"
arm-none-eabi-gcc "../Drivers/STM32F4xx_HAL_Driver/Src/stm32f4xx_hal_flash_ramfunc.c" -mcpu=cortex-m4 -std=gnu11 -g3 -DDEBUG -DUSE_HAL_DRIVER -DSTM32F411xE -c -I../Core/Inc -I../Drivers/STM32F4xx_HAL_Driver/Inc -I../Drivers/STM32F4xx_HAL_Driver/Inc/Legacy -I../Drivers/CMSIS/Device/ST/STM32F4xx/Include -I../Drivers/CMSIS/Include -O0 -ffunction-sections -fdata-sections -Wall -fstack-usage -MMD -MP -MF"Drivers/STM32F4xx_HAL_Driver/Src/stm32f4xx_hal_flash_ramfunc.d" -MT"Drivers/STM32F4xx_HAL_Driver/Src/stm32f4xx_hal_flash_ramfunc.o" --specs=nano.specs -mfpu=fpv4-sp-d16 -mfloat-abi=hard -mthumb -o "Drivers/STM32F4xx_HAL_Driver/Src/stm32f4xx_hal_flash_ramfunc.o"
arm-none-eabi-gcc "../Drivers/STM32F4xx_HAL_Driver/Src/stm32f4xx_hal_gpio.c" -mcpu=cortex-m4 -std=gnu11 -g3 -DDEBUG -DUSE_HAL_DRIVER -DSTM32F411xE -c -I../Core/Inc -I../Drivers/STM32F4xx_HAL_Driver/Inc -I../Drivers/STM32F4xx_HAL_Driver/Inc/Legacy -I../Drivers/CMSIS/Device/ST/STM32F4xx/Include -I../Drivers/CMSIS/Include -O0 -ffunction-sections -fdata-sections -Wall -fstack-usage -MMD -MP -MF"Drivers/STM32F4xx_HAL_Driver/Src/stm32f4xx_hal_gpio.d" -MT"Drivers/STM32F4xx_HAL_Driver/Src/stm32f4xx_hal_gpio.o" --specs=nano.specs -mfpu=fpv4-sp-d16 -mfloat-abi=hard -mthumb -o "Drivers/STM32F4xx_HAL_Driver/Src/stm32f4xx_hal_gpio.o"
arm-none-eabi-gcc "../Drivers/STM32F4xx_HAL_Driver/Src/stm32f4xx_hal_i2c.c" -mcpu=cortex-m4 -std=gnu11 -g3 -DDEBUG -DUSE_HAL_DRIVER -DSTM32F411xE -c -I../Core/Inc -I../Drivers/STM32F4xx_HAL_Driver/Inc -I../Drivers/STM32F4xx_HAL_Driver/Inc/Legacy -I../Drivers/CMSIS/Device/ST/STM32F4xx/Include -I../Drivers/CMSIS/Include -O0 -ffunction-sections -fdata-sections -Wall -fstack-usage -MMD -MP -MF"Drivers/STM32F4xx_HAL_Driver/Src/stm32f4xx_hal_i2c.d" -MT"Drivers/STM32F4xx_HAL_Driver/Src/stm32f4xx_hal_i2c.o" --specs=nano.specs -mfpu=fpv4-sp-d16 -mfloat-abi=hard -mthumb -o "Drivers/STM32F4xx_HAL_Driver/Src/stm32f4xx_hal_i2c.o"
arm-none-eabi-gcc "../Drivers/STM32F4xx_HAL_Driver/Src/stm32f4xx_hal_i2c_ex.c" -mcpu=cortex-m4 -std=gnu11 -g3 -DDEBUG -DUSE_HAL_DRIVER -DSTM32F411xE -c -I../Core/Inc -I../Drivers/STM32F4xx_HAL_Driver/Inc -I../Drivers/STM32F4xx_HAL_Driver/Inc/Legacy -I../Drivers/CMSIS/Device/ST/STM32F4xx/Include -I../Drivers/CMSIS/Include -O0 -ffunction-sections -fdata-sections -Wall -fstack-usage -MMD -MP -MF"Drivers/STM32F4xx_HAL_Driver/Src/stm32f4xx_hal_i2c_ex.d" -MT"Drivers/STM32F4xx_HAL_Driver/Src/stm32f4xx_hal_i2c_ex.o" --specs=nano.specs -mfpu=fpv4-sp-d16 -mfloat-abi=hard -mthumb -o "Drivers/STM32F4xx_HAL_Driver/Src/stm32f4xx_hal_i2c_ex.o"
arm-none-eabi-gcc "../Drivers/STM32F4xx_HAL_Driver/Src/stm32f4xx_hal_pwr.c" -mcpu=cortex-m4 -std=gnu11 -g3 -DDEBUG -DUSE_HAL_DRIVER -DSTM32F411xE -c -I../Core/Inc -I../Drivers/STM32F4xx_HAL_Driver/Inc -I../Drivers/STM32F4xx_HAL_Driver/Inc/Legacy -I../Drivers/CMSIS/Device/ST/STM32F4xx/Include -I../Drivers/CMSIS/Include -O0 -ffunction-sections -fdata-sections -Wall -fstack-usage -MMD -MP -MF"Drivers/STM32F4xx_HAL_Driver/Src/stm32f4xx_hal_pwr.d" -MT"Drivers/STM32F4xx_HAL_Driver/Src/stm32f4xx_hal_pwr.o" --specs=nano.specs -mfpu=fpv4-sp-d16 -mfloat-abi=hard -mthumb -o "Drivers/STM32F4xx_HAL_Driver/Src/stm32f4xx_hal_pwr.o"
arm-none-eabi-gcc "../Drivers/STM32F4xx_HAL_Driver/Src/stm32f4xx_hal_pwr_ex.c" -mcpu=cortex-m4 -std=gnu11 -g3 -DDEBUG -DUSE_HAL_DRIVER -DSTM32F411xE -c -I../Core/Inc -I../Drivers/STM32F4xx_HAL_Driver/Inc -I../Drivers/STM32F4xx_HAL_Driver/Inc/Legacy -I../Drivers/CMSIS/Device/ST/STM32F4xx/Include -I../Drivers/CMSIS/Include -O0 -ffunction-sections -fdata-sections -Wall -fstack-usage -MMD -MP -MF"Drivers/STM32F4xx_HAL_Driver/Src/stm32f4xx_hal_pwr_ex.d" -MT"Drivers/STM32F4xx_HAL_Driver/Src/stm32f4xx_hal_pwr_ex.o" --specs=nano.specs -mfpu=fpv4-sp-d16 -mfloat-abi=hard -mthumb -o "Drivers/STM32F4xx_HAL_Driver/Src/stm32f4xx_hal_pwr_ex.o"
arm-none-eabi-gcc "../Drivers/STM32F4xx_HAL_Driver/Src/stm32f4xx_hal_rcc.c" -mcpu=cortex-m4 -std=gnu11 -g3 -DDEBUG -DUSE_HAL_DRIVER -DSTM32F411xE -c -I../Core/Inc -I../Drivers/STM32F4xx_HAL_Driver/Inc -I../Drivers/STM32F4xx_HAL_Driver/Inc/Legacy -I../Drivers/CMSIS/Device/ST/STM32F4xx/Include -I../Drivers/CMSIS/Include -O0 -ffunction-sections -fdata-sections -Wall -fstack-usage -MMD -MP -MF"Drivers/STM32F4xx_HAL_Driver/Src/stm32f4xx_hal_rcc.d" -MT"Drivers/STM32F4xx_HAL_Driver/Src/stm32f4xx_hal_rcc.o" --specs=nano.specs -mfpu=fpv4-sp-d16 -mfloat-abi=hard -mthumb -o "Drivers/STM32F4xx_HAL_Driver/Src/stm32f4xx_hal_rcc.o"
arm-none-eabi-gcc "../Drivers/STM32F4xx_HAL_Driver/Src/stm32f4xx_hal_rcc_ex.c" -mcpu=cortex-m4 -std=gnu11 -g3 -DDEBUG -DUSE_HAL_DRIVER -DSTM32F411xE -c -I../Core/Inc -I../Drivers/STM32F4xx_HAL_Driver/Inc -I../Drivers/STM32F4xx_HAL_Driver/Inc/Legacy -I../Drivers/CMSIS/Device/ST/STM32F4xx/Include -I../Drivers/CMSIS/Include -O0 -ffunction-sections -fdata-sections -Wall -fstack-usage -MMD -MP -MF"Drivers/STM32F4xx_HAL_Driver/Src/stm32f4xx_hal_rcc_ex.d" -MT"Drivers/STM32F4xx_HAL_Driver/Src/stm32f4xx_hal_rcc_ex.o" --specs=nano.specs -mfpu=fpv4-sp-d16 -mfloat-abi=hard -mthumb -o "Drivers/STM32F4xx_HAL_Driver/Src/stm32f4xx_hal_rcc_ex.o"
arm-none-eabi-gcc "../Drivers/STM32F4xx_HAL_Driver/Src/stm32f4xx_hal_rtc.c" -mcpu=cortex-m4 -std=gnu11 -g3 -DDEBUG -DUSE_HAL_DRIVER -DSTM32F411xE -c -I../Core/Inc -I../Drivers/STM32F4xx_HAL_Driver/Inc -I../Drivers/STM32F4xx_HAL_Driver/Inc/Legacy -I../Drivers/CMSIS/Device/ST/STM32F4xx/Include -I../Drivers/CMSIS/Include -O0 -ffunction-sections -fdata-sections -Wall -fstack-usage -MMD -MP -MF"Drivers/STM32F4xx_HAL_Driver/Src/stm32f4xx_hal_rtc.d" -MT"Drivers/STM32F4xx_HAL_Driver/Src/stm32f4xx_hal_rtc.o" --specs=nano.specs -mfpu=fpv4-sp-d16 -mfloat-abi=hard -mthumb -o "Drivers/STM32F4xx_HAL_Driver/Src/stm32f4xx_hal_rtc.o"
arm-none-eabi-gcc "../Drivers/STM32F4xx_HAL_Driver/Src/stm32f4xx_hal_rtc_ex.c" -mcpu=cortex-m4 -std=gnu11 -g3 -DDEBUG -DUSE_HAL_DRIVER -DSTM32F411xE -c -I../Core/Inc -I../Drivers/STM32F4xx_HAL_Driver/Inc -I../Drivers/STM32F4xx_HAL_Driver/Inc/Legacy -I../Drivers/CMSIS/Device/ST/STM32F4xx/Include -I../Drivers/CMSIS/Include -O0 -ffunction-sections -fdata-sections -Wall -fstack-usage -MMD -MP -MF"Drivers/STM32F4xx_HAL_Driver/Src/stm32f4xx_hal_rtc_ex.d" -MT"Drivers/STM32F4xx_HAL_Driver/Src/stm32f4xx_hal_rtc_ex.o" --specs=nano.specs -mfpu=fpv4-sp-d16 -mfloat-abi=hard -mthumb -o "Drivers/STM32F4xx_HAL_Driver/Src/stm32f4xx_hal_rtc_ex.o"
arm-none-eabi-gcc "../Drivers/STM32F4xx_HAL_Driver/Src/stm32f4xx_hal_tim.c" -mcpu=cortex-m4 -std=gnu11 -g3 -DDEBUG -DUSE_HAL_DRIVER -DSTM32F411xE -c -I../Core/Inc -I../Drivers/STM32F4xx_HAL_Driver/Inc -I../Drivers/STM32F4xx_HAL_Driver/Inc/Legacy -I../Drivers/CMSIS/Device/ST/STM32F4xx/Include -I../Drivers/CMSIS/Include -O0 -ffunction-sections -fdata-sections -Wall -fstack-usage -MMD -MP -MF"Drivers/STM32F4xx_HAL_Driver/Src/stm32f4xx_hal_tim.d" -MT"Drivers/STM32F4xx_HAL_Driver/Src/stm32f4xx_hal_tim.o" --specs=nano.specs -mfpu=fpv4-sp-d16 -mfloat-abi=hard -mthumb -o "Drivers/STM32F4xx_HAL_Driver/Src/stm32f4xx_hal_tim.o"
arm-none-eabi-gcc "../Drivers/STM32F4xx_HAL_Driver/Src/stm32f4xx_hal_tim_ex.c" -mcpu=cortex-m4 -std=gnu11 -g3 -DDEBUG -DUSE_HAL_DRIVER -DSTM32F411xE -c -I../Core/Inc -I../Drivers/STM32F4xx_HAL_Driver/Inc -I../Drivers/STM32F4xx_HAL_Driver/Inc/Legacy -I../Drivers/CMSIS/Device/ST/STM32F4xx/Include -I../Drivers/CMSIS/Include -O0 -ffunction-sections -fdata-sections -Wall -fstack-usage -MMD -MP -MF"Drivers/STM32F4xx_HAL_Driver/Src/stm32f4xx_hal_tim_ex.d" -MT"Drivers/STM32F4xx_HAL_Driver/Src/stm32f4xx_hal_tim_ex.o" --specs=nano.specs -mfpu=fpv4-sp-d16 -mfloat-abi=hard -mthumb -o "Drivers/STM32F4xx_HAL_Driver/Src/stm32f4xx_hal_tim_ex.o"
arm-none-eabi-gcc "../Drivers/STM32F4xx_HAL_Driver/Src/stm32f4xx_hal_uart.c" -mcpu=cortex-m4 -std=gnu11 -g3 -DDEBUG -DUSE_HAL_DRIVER -DSTM32F411xE -c -I../Core/Inc -I../Drivers/STM32F4xx_HAL_Driver/Inc -I../Drivers/STM32F4xx_HAL_Driver/Inc/Legacy -I../Drivers/CMSIS/Device/ST/STM32F4xx/Include -I../Drivers/CMSIS/Include -O0 -ffunction-sections -fdata-sections -Wall -fstack-usage -MMD -MP -MF"Drivers/STM32F4xx_HAL_Driver/Src/stm32f4xx_hal_uart.d" -MT"Drivers/STM32F4xx_HAL_Driver/Src/stm32f4xx_hal_uart.o" --specs=nano.specs -mfpu=fpv4-sp-d16 -mfloat-abi=hard -mthumb -o "Drivers/STM32F4xx_HAL_Driver/Src/stm32f4xx_hal_uart.o"
arm-none-eabi-gcc -mcpu=cortex-m4 -g3 -DDEBUG -c -x assembler-with-cpp -MMD -MP -MF"Core/Startup/startup_stm32f411retx.d" -MT"Core/Startup/startup_stm32f411retx.o" --specs=nano.specs -mfpu=fpv4-sp-d16 -mfloat-abi=hard -mthumb -o "Core/Startup/startup_stm32f411retx.o" "../Core/Startup/startup_stm32f411retx.s"
arm-none-eabi-gcc "../Core/Src/BUTTON.c" -mcpu=cortex-m4 -std=gnu11 -g3 -DDEBUG -DUSE_HAL_DRIVER -DSTM32F411xE -c -I../Core/Inc -I../Drivers/STM32F4xx_HAL_Driver/Inc -I../Drivers/STM32F4xx_HAL_Driver/Inc/Legacy -I../Drivers/CMSIS/Device/ST/STM32F4xx/Include -I../Drivers/CMSIS/Include -O0 -ffunction-sections -fdata-sections -Wall -fstack-usage -MMD -MP -MF"Core/Src/BUTTON.d" -MT"Core/Src/BUTTON.o" --specs=nano.specs -mfpu=fpv4-sp-d16 -mfloat-abi=hard -mthumb -o "Core/Src/BUTTON.o"
arm-none-eabi-gcc "../Core/Src/DHT11.c" -mcpu=cortex-m4 -std=gnu11 -g3 -DDEBUG -DUSE_HAL_DRIVER -DSTM32F411xE -c -I../Core/Inc -I../Drivers/STM32F4xx_HAL_Driver/Inc -I../Drivers/STM32F4xx_HAL_Driver/Inc/Legacy -I../Drivers/CMSIS/Device/ST/STM32F4xx/Include -I../Drivers/CMSIS/Include -O0 -ffunction-sections -fdata-sections -Wall -fstack-usage -MMD -MP -MF"Core/Src/DHT11.d" -MT"Core/Src/DHT11.o" --specs=nano.specs -mfpu=fpv4-sp-d16 -mfloat-abi=hard -mthumb -o "Core/Src/DHT11.o"
arm-none-eabi-gcc "../Core/Src/INTERNAL_RTC.c" -mcpu=cortex-m4 -std=gnu11 -g3 -DDEBUG -DUSE_HAL_DRIVER -DSTM32F411xE -c -I../Core/Inc -I../Drivers/STM32F4xx_HAL_Driver/Inc -I../Drivers/STM32F4xx_HAL_Driver/Inc/Legacy -I../Drivers/CMSIS/Device/ST/STM32F4xx/Include -I../Drivers/CMSIS/Include -O0 -ffunction-sections -fdata-sections -Wall -fstack-usage -MMD -MP -MF"Core/Src/INTERNAL_RTC.d" -MT"Core/Src/INTERNAL_RTC.o" --specs=nano.specs -mfpu=fpv4-sp-d16 -mfloat-abi=hard -mthumb -o "Core/Src/INTERNAL_RTC.o"
../Core/Src/DHT11.c: In function 'DHT11_main':
../Core/Src/DHT11.c:18:29: warning: variable 'd_Tmp' set but not used [-Wunused-but-set-variable]
   18 |  uint8_t i_RH, d_RH, i_Tmp, d_Tmp;
      |                             ^~~~~
../Core/Src/DHT11.c:18:16: warning: variable 'd_RH' set but not used [-Wunused-but-set-variable]
   18 |  uint8_t i_RH, d_RH, i_Tmp, d_Tmp;
      |                ^~~~
../Core/Src/DHT11.c: In function 'DHT11_processing':
../Core/Src/DHT11.c:46:29: warning: variable 'd_Tmp' set but not used [-Wunused-but-set-variable]
   46 |  uint8_t i_RH, d_RH, i_Tmp, d_Tmp;
      |                             ^~~~~
../Core/Src/DHT11.c:46:16: warning: variable 'd_RH' set but not used [-Wunused-but-set-variable]
   46 |  uint8_t i_RH, d_RH, i_Tmp, d_Tmp;
      |                ^~~~
arm-none-eabi-gcc "../Core/Src/LED.c" -mcpu=cortex-m4 -std=gnu11 -g3 -DDEBUG -DUSE_HAL_DRIVER -DSTM32F411xE -c -I../Core/Inc -I../Drivers/STM32F4xx_HAL_Driver/Inc -I../Drivers/STM32F4xx_HAL_Driver/Inc/Legacy -I../Drivers/CMSIS/Device/ST/STM32F4xx/Include -I../Drivers/CMSIS/Include -O0 -ffunction-sections -fdata-sections -Wall -fstack-usage -MMD -MP -MF"Core/Src/LED.d" -MT"Core/Src/LED.o" --specs=nano.specs -mfpu=fpv4-sp-d16 -mfloat-abi=hard -mthumb -o "Core/Src/LED.o"
../Core/Src/INTERNAL_RTC.c: In function 'get_rtc_time':
../Core/Src/INTERNAL_RTC.c:45:3: warning: implicit declaration of function 'printf' [-Wimplicit-function-declaration]
   45 |   printf("%04d-%02d-%02d %02d:%02d:%02d\n",
      |   ^~~~~~
../Core/Src/INTERNAL_RTC.c:45:3: warning: incompatible implicit declaration of built-in function 'printf'
../Core/Src/INTERNAL_RTC.c:2:1: note: include '<stdio.h>' or provide a declaration of 'printf'
    1 | #include "main.h" // for GPIO HAL
  +++ |+#include <stdio.h>
    2 | 
../Core/Src/INTERNAL_RTC.c:52:3: warning: implicit declaration of function 'sprintf' [-Wimplicit-function-declaration]
   52 |   sprintf(sbuff, "TIME : %02d:%02d:%02d", bin_2_dec(sTime.Hours), bin_2_dec(sTime.Minutes), bin_2_dec(sTime.Seconds));
      |   ^~~~~~~
../Core/Src/INTERNAL_RTC.c:52:3: warning: incompatible implicit declaration of built-in function 'sprintf'
../Core/Src/INTERNAL_RTC.c:52:3: note: include '<stdio.h>' or provide a declaration of 'sprintf'
../Core/Src/INTERNAL_RTC.c:53:3: warning: implicit declaration of function 'move_cursor' [-Wimplicit-function-declaration]
   53 |   move_cursor(0,0);
      |   ^~~~~~~~~~~
../Core/Src/INTERNAL_RTC.c:54:3: warning: implicit declaration of function 'lcd_string' [-Wimplicit-function-declaration]
   54 |   lcd_string(sbuff);
      |   ^~~~~~~~~~
../Core/Src/INTERNAL_RTC.c: In function 'set_rtc_data_time':
../Core/Src/INTERNAL_RTC.c:70:2: warning: implicit declaration of function 'strncpy' [-Wimplicit-function-declaration]
   70 |  strncpy(YY, data_time, 2);   // ?ó∞
      |  ^~~~~~~
../Core/Src/INTERNAL_RTC.c:70:2: warning: incompatible implicit declaration of built-in function 'strncpy'
../Core/Src/INTERNAL_RTC.c:2:1: note: include '<string.h>' or provide a declaration of 'strncpy'
    1 | #include "main.h" // for GPIO HAL
  +++ |+#include <string.h>
    2 | 
../Core/Src/INTERNAL_RTC.c:79:25: warning: implicit declaration of function 'atoi' [-Wimplicit-function-declaration]
   79 |  sDate.Year = dec_2_bin(atoi((char *)YY));
      |                         ^~~~
arm-none-eabi-gcc "../Core/Src/SERVO_MOTOR.c" -mcpu=cortex-m4 -std=gnu11 -g3 -DDEBUG -DUSE_HAL_DRIVER -DSTM32F411xE -c -I../Core/Inc -I../Drivers/STM32F4xx_HAL_Driver/Inc -I../Drivers/STM32F4xx_HAL_Driver/Inc/Legacy -I../Drivers/CMSIS/Device/ST/STM32F4xx/Include -I../Drivers/CMSIS/Include -O0 -ffunction-sections -fdata-sections -Wall -fstack-usage -MMD -MP -MF"Core/Src/SERVO_MOTOR.d" -MT"Core/Src/SERVO_MOTOR.o" --specs=nano.specs -mfpu=fpv4-sp-d16 -mfloat-abi=hard -mthumb -o "Core/Src/SERVO_MOTOR.o"
arm-none-eabi-gcc "../Core/Src/STEPMOTOR.c" -mcpu=cortex-m4 -std=gnu11 -g3 -DDEBUG -DUSE_HAL_DRIVER -DSTM32F411xE -c -I../Core/Inc -I../Drivers/STM32F4xx_HAL_Driver/Inc -I../Drivers/STM32F4xx_HAL_Driver/Inc/Legacy -I../Drivers/CMSIS/Device/ST/STM32F4xx/Include -I../Drivers/CMSIS/Include -O0 -ffunction-sections -fdata-sections -Wall -fstack-usage -MMD -MP -MF"Core/Src/STEPMOTOR.d" -MT"Core/Src/STEPMOTOR.o" --specs=nano.specs -mfpu=fpv4-sp-d16 -mfloat-abi=hard -mthumb -o "Core/Src/STEPMOTOR.o"
../Core/Src/LED.c: In function 'elevator_led_active':
../Core/Src/LED.c:44:5: warning: implicit declaration of function 'elevator_led_up'; did you mean 'elevator_motor_up'? [-Wimplicit-function-declaration]
   44 |     elevator_led_up();
      |     ^~~~~~~~~~~~~~~
      |     elevator_motor_up
../Core/Src/LED.c:48:5: warning: implicit declaration of function 'elevator_led_down'; did you mean 'elevator_motor_down'? [-Wimplicit-function-declaration]
   48 |     elevator_led_down();
      |     ^~~~~~~~~~~~~~~~~
      |     elevator_motor_down
../Core/Src/LED.c: At top level:
../Core/Src/LED.c:54:6: warning: conflicting types for 'elevator_led_up'
   54 | void elevator_led_up()
      |      ^~~~~~~~~~~~~~~
../Core/Src/LED.c:44:5: note: previous implicit declaration of 'elevator_led_up' was here
   44 |     elevator_led_up();
      |     ^~~~~~~~~~~~~~~
../Core/Src/LED.c: In function 'elevator_led_up':
../Core/Src/LED.c:56:2: warning: implicit declaration of function 'elevator_led_up_to_floor2' [-Wimplicit-function-declaration]
   56 |  elevator_led_up_to_floor2();
      |  ^~~~~~~~~~~~~~~~~~~~~~~~~
../Core/Src/LED.c:57:2: warning: implicit declaration of function 'elevator_led_up_to_floor3' [-Wimplicit-function-declaration]
   57 |  elevator_led_up_to_floor3();
      |  ^~~~~~~~~~~~~~~~~~~~~~~~~
../Core/Src/LED.c:58:2: warning: implicit declaration of function 'elevator_led_up_to_floor4' [-Wimplicit-function-declaration]
   58 |  elevator_led_up_to_floor4();
      |  ^~~~~~~~~~~~~~~~~~~~~~~~~
../Core/Src/LED.c: At top level:
../Core/Src/LED.c:61:6: warning: conflicting types for 'elevator_led_up_to_floor2'
   61 | void elevator_led_up_to_floor2()
      |      ^~~~~~~~~~~~~~~~~~~~~~~~~
../Core/Src/LED.c:56:2: note: previous implicit declaration of 'elevator_led_up_to_floor2' was here
   56 |  elevator_led_up_to_floor2();
      |  ^~~~~~~~~~~~~~~~~~~~~~~~~
../Core/Src/LED.c:86:6: warning: conflicting types for 'elevator_led_up_to_floor3'
   86 | void elevator_led_up_to_floor3()
      |      ^~~~~~~~~~~~~~~~~~~~~~~~~
../Core/Src/LED.c:57:2: note: previous implicit declaration of 'elevator_led_up_to_floor3' was here
   57 |  elevator_led_up_to_floor3();
      |  ^~~~~~~~~~~~~~~~~~~~~~~~~
../Core/Src/LED.c:111:6: warning: conflicting types for 'elevator_led_up_to_floor4'
  111 | void elevator_led_up_to_floor4()
      |      ^~~~~~~~~~~~~~~~~~~~~~~~~
../Core/Src/LED.c:58:2: note: previous implicit declaration of 'elevator_led_up_to_floor4' was here
   58 |  elevator_led_up_to_floor4();
      |  ^~~~~~~~~~~~~~~~~~~~~~~~~
../Core/Src/LED.c:137:6: warning: conflicting types for 'elevator_led_down'
  137 | void elevator_led_down()
      |      ^~~~~~~~~~~~~~~~~
../Core/Src/LED.c:48:5: note: previous implicit declaration of 'elevator_led_down' was here
   48 |     elevator_led_down();
      |     ^~~~~~~~~~~~~~~~~
../Core/Src/LED.c: In function 'elevator_led_down':
../Core/Src/LED.c:139:2: warning: implicit declaration of function 'elevator_led_down_to_floor1'; did you mean 'elevator_led_up_to_floor4'? [-Wimplicit-function-declaration]
  139 |  elevator_led_down_to_floor1();
      |  ^~~~~~~~~~~~~~~~~~~~~~~~~~~
      |  elevator_led_up_to_floor4
../Core/Src/STEPMOTOR.c:12:5: warning: built-in function 'floor' declared as non-function [-Wbuiltin-declaration-mismatch]
   12 | int floor = FLOOR1;         // 1Ï∏?(FLOOR1), 2Ï∏?(FLOOR2), 3Ï∏?(FLOOR3), 4Ï∏?(FLOOR4)
      |     ^~~~~
../Core/Src/LED.c:140:2: warning: implicit declaration of function 'elevator_led_down_to_floor2'; did you mean 'elevator_led_up_to_floor2'? [-Wimplicit-function-declaration]
  140 |  elevator_led_down_to_floor2();
      |  ^~~~~~~~~~~~~~~~~~~~~~~~~~~
      |  elevator_led_up_to_floor2
../Core/Src/STEPMOTOR.c: In function 'elevator_activation':
../Core/Src/STEPMOTOR.c:130:3: warning: implicit declaration of function 'elevator_door_inactive'; did you mean 'elevator_motor_inactive'? [-Wimplicit-function-declaration]
  130 |   elevator_door_inactive();
      |   ^~~~~~~~~~~~~~~~~~~~~~
      |   elevator_motor_inactive
../Core/Src/STEPMOTOR.c: At top level:
../Core/Src/STEPMOTOR.c:147:6: warning: conflicting types for 'elevator_door_inactive'
  147 | void elevator_door_inactive()
      |      ^~~~~~~~~~~~~~~~~~~~~~
../Core/Src/STEPMOTOR.c:130:3: note: previous implicit declaration of 'elevator_door_inactive' was here
  130 |   elevator_door_inactive();
      |   ^~~~~~~~~~~~~~~~~~~~~~
../Core/Src/LED.c:141:2: warning: implicit declaration of function 'elevator_led_down_to_floor3'; did you mean 'elevator_led_up_to_floor3'? [-Wimplicit-function-declaration]
  141 |  elevator_led_down_to_floor3();
      |  ^~~~~~~~~~~~~~~~~~~~~~~~~~~
      |  elevator_led_up_to_floor3
../Core/Src/LED.c: At top level:
../Core/Src/LED.c:144:6: warning: conflicting types for 'elevator_led_down_to_floor1'
  144 | void elevator_led_down_to_floor1()
      |      ^~~~~~~~~~~~~~~~~~~~~~~~~~~
../Core/Src/LED.c:139:2: note: previous implicit declaration of 'elevator_led_down_to_floor1' was here
  139 |  elevator_led_down_to_floor1();
      |  ^~~~~~~~~~~~~~~~~~~~~~~~~~~
../Core/Src/LED.c:169:6: warning: conflicting types for 'elevator_led_down_to_floor2'
  169 | void elevator_led_down_to_floor2()
      |      ^~~~~~~~~~~~~~~~~~~~~~~~~~~
../Core/Src/LED.c:140:2: note: previous implicit declaration of 'elevator_led_down_to_floor2' was here
  140 |  elevator_led_down_to_floor2();
      |  ^~~~~~~~~~~~~~~~~~~~~~~~~~~
../Core/Src/LED.c:194:6: warning: conflicting types for 'elevator_led_down_to_floor3'
  194 | void elevator_led_down_to_floor3()
      |      ^~~~~~~~~~~~~~~~~~~~~~~~~~~
../Core/Src/LED.c:141:2: note: previous implicit declaration of 'elevator_led_down_to_floor3' was here
  141 |  elevator_led_down_to_floor3();
      |  ^~~~~~~~~~~~~~~~~~~~~~~~~~~
../Core/Src/STEPMOTOR.c: In function 'elevator_door_inactive':
../Core/Src/STEPMOTOR.c:157:4: warning: implicit declaration of function 'elevator_door_open'; did you mean 'elevator_motor_down'? [-Wimplicit-function-declaration]
  157 |    elevator_door_open();
      |    ^~~~~~~~~~~~~~~~~~
      |    elevator_motor_down
../Core/Src/STEPMOTOR.c: At top level:
../Core/Src/STEPMOTOR.c:162:6: warning: conflicting types for 'elevator_door_open'
  162 | void elevator_door_open()
      |      ^~~~~~~~~~~~~~~~~~
../Core/Src/STEPMOTOR.c:157:4: note: previous implicit declaration of 'elevator_door_open' was here
  157 |    elevator_door_open();
      |    ^~~~~~~~~~~~~~~~~~
arm-none-eabi-gcc "../Core/Src/UART0.c" -mcpu=cortex-m4 -std=gnu11 -g3 -DDEBUG -DUSE_HAL_DRIVER -DSTM32F411xE -c -I../Core/Inc -I../Drivers/STM32F4xx_HAL_Driver/Inc -I../Drivers/STM32F4xx_HAL_Driver/Inc/Legacy -I../Drivers/CMSIS/Device/ST/STM32F4xx/Include -I../Drivers/CMSIS/Include -O0 -ffunction-sections -fdata-sections -Wall -fstack-usage -MMD -MP -MF"Core/Src/UART0.d" -MT"Core/Src/UART0.o" --specs=nano.specs -mfpu=fpv4-sp-d16 -mfloat-abi=hard -mthumb -o "Core/Src/UART0.o"
arm-none-eabi-gcc "../Core/Src/ULTRASONIC.c" -mcpu=cortex-m4 -std=gnu11 -g3 -DDEBUG -DUSE_HAL_DRIVER -DSTM32F411xE -c -I../Core/Inc -I../Drivers/STM32F4xx_HAL_Driver/Inc -I../Drivers/STM32F4xx_HAL_Driver/Inc/Legacy -I../Drivers/CMSIS/Device/ST/STM32F4xx/Include -I../Drivers/CMSIS/Include -O0 -ffunction-sections -fdata-sections -Wall -fstack-usage -MMD -MP -MF"Core/Src/ULTRASONIC.d" -MT"Core/Src/ULTRASONIC.o" --specs=nano.specs -mfpu=fpv4-sp-d16 -mfloat-abi=hard -mthumb -o "Core/Src/ULTRASONIC.o"
../Core/Src/UART0.c: In function 'HAL_UART_RxCpltCallback':
../Core/Src/UART0.c:60:32: warning: passing argument 2 of 'HAL_UART_Receive_IT' discards 'volatile' qualifier from pointer target type [-Wdiscarded-qualifiers]
   60 |   HAL_UART_Receive_IT(&huart2, &rx_data, 1);
      |                                ^~~~~~~~
In file included from ../Core/Inc/stm32f4xx_hal_conf.h:406,
                 from ../Drivers/STM32F4xx_HAL_Driver/Inc/stm32f4xx_hal.h:30,
                 from ../Core/Inc/main.h:31,
                 from ../Core/Src/UART0.c:8:
../Drivers/STM32F4xx_HAL_Driver/Inc/stm32f4xx_hal_uart.h:726:75: note: expected 'uint8_t *' {aka 'unsigned char *'} but argument is of type 'volatile uint8_t *' {aka 'volatile unsigned char *'}
  726 | HAL_StatusTypeDef HAL_UART_Receive_IT(UART_HandleTypeDef *huart, uint8_t *pData, uint16_t Size);
      |                                                                  ~~~~~~~~~^~~~~
../Core/Src/UART0.c:90:32: warning: passing argument 2 of 'HAL_UART_Receive_IT' discards 'volatile' qualifier from pointer target type [-Wdiscarded-qualifiers]
   90 |   HAL_UART_Receive_IT(&huart1, &rx_data, 1);
      |                                ^~~~~~~~
In file included from ../Core/Inc/stm32f4xx_hal_conf.h:406,
                 from ../Drivers/STM32F4xx_HAL_Driver/Inc/stm32f4xx_hal.h:30,
                 from ../Core/Inc/main.h:31,
                 from ../Core/Src/UART0.c:8:
../Drivers/STM32F4xx_HAL_Driver/Inc/stm32f4xx_hal_uart.h:726:75: note: expected 'uint8_t *' {aka 'unsigned char *'} but argument is of type 'volatile uint8_t *' {aka 'volatile unsigned char *'}
  726 | HAL_StatusTypeDef HAL_UART_Receive_IT(UART_HandleTypeDef *huart, uint8_t *pData, uint16_t Size);
      |                                                                  ~~~~~~~~~^~~~~
../Core/Src/UART0.c: In function 'pc_command_processing':
../Core/Src/UART0.c:129:6: warning: implicit declaration of function 'strncmp' [-Wimplicit-function-declaration]
  129 |   if(strncmp((const char *)rx_buff[output_pointer], "dht11time", strlen("dht11time")-1) == 0)
      |      ^~~~~~~
../Core/Src/UART0.c:129:66: warning: implicit declaration of function 'strlen' [-Wimplicit-function-declaration]
  129 |   if(strncmp((const char *)rx_buff[output_pointer], "dht11time", strlen("dht11time")-1) == 0)
      |                                                                  ^~~~~~
../Core/Src/UART0.c:129:66: warning: incompatible implicit declaration of built-in function 'strlen'
../Core/Src/UART0.c:10:1: note: include '<string.h>' or provide a declaration of 'strlen'
    9 | #include "UART0.h"
  +++ |+#include <string.h>
   10 | 
../Core/Src/UART0.c:131:19: warning: passing argument 1 of 'digit_check' discards 'volatile' qualifier from pointer target type [-Wdiscarded-qualifiers]
  131 |    if(digit_check(&rx_buff[output_pointer][9], 4))
      |                   ^~~~~~~~~~~~~~~~~~~~~~~~~~~
../Core/Src/UART0.c:22:23: note: expected 'char *' but argument is of type 'volatile unsigned char *'
   22 | int digit_check(char *d, int len);
      |                 ~~~~~~^
../Core/Src/UART0.c:133:17: warning: implicit declaration of function 'atoi' [-Wimplicit-function-declaration]
  133 |     dht11time = atoi((char *)&rx_buff[output_pointer][9]);
      |                 ^~~~
../Core/Src/UART0.c:134:5: warning: implicit declaration of function 'printf' [-Wimplicit-function-declaration]
  134 |     printf("dht11time : %d\n", dht11time);
      |     ^~~~~~
../Core/Src/UART0.c:134:5: warning: incompatible implicit declaration of built-in function 'printf'
../Core/Src/UART0.c:10:1: note: include '<stdio.h>' or provide a declaration of 'printf'
    9 | #include "UART0.h"
  +++ |+#include <stdio.h>
   10 | 
../Core/Src/UART0.c:140:5: warning: incompatible implicit declaration of built-in function 'printf'
  140 |     printf("invalid number : %s\n", &rx_buff[output_pointer][9]);
      |     ^~~~~~
../Core/Src/UART0.c:140:5: note: include '<stdio.h>' or provide a declaration of 'printf'
../Core/Src/UART0.c:153:4: warning: implicit declaration of function 'led_all_on' [-Wimplicit-function-declaration]
  153 |    led_all_on();
      |    ^~~~~~~~~~
arm-none-eabi-gcc "../Core/Src/buzzer.c" -mcpu=cortex-m4 -std=gnu11 -g3 -DDEBUG -DUSE_HAL_DRIVER -DSTM32F411xE -c -I../Core/Inc -I../Drivers/STM32F4xx_HAL_Driver/Inc -I../Drivers/STM32F4xx_HAL_Driver/Inc/Legacy -I../Drivers/CMSIS/Device/ST/STM32F4xx/Include -I../Drivers/CMSIS/Include -O0 -ffunction-sections -fdata-sections -Wall -fstack-usage -MMD -MP -MF"Core/Src/buzzer.d" -MT"Core/Src/buzzer.o" --specs=nano.specs -mfpu=fpv4-sp-d16 -mfloat-abi=hard -mthumb -o "Core/Src/buzzer.o"
../Core/Src/UART0.c:157:4: warning: implicit declaration of function 'led_all_off' [-Wimplicit-function-declaration]
  157 |    led_all_off();
      |    ^~~~~~~~~~~
../Core/Src/UART0.c:163:4: warning: incompatible implicit declaration of built-in function 'printf'
  163 |    printf("Update Clock!!!\n");
      |    ^~~~~~
../Core/Src/UART0.c:163:4: note: include '<stdio.h>' or provide a declaration of 'printf'
../Core/Src/UART0.c:164:22: warning: passing argument 1 of 'set_rtc_data_time' discards 'volatile' qualifier from pointer target type [-Wdiscarded-qualifiers]
  164 |    set_rtc_data_time(&rx_buff[output_pointer][6]);  //220830111500?ù¥ ?ì§?ñ¥?ûà?äî Ï£ºÏÜåÍ∞íÏùÑ ?ÑòÍ≤? set_rtc_data_time ?ï®?àòÎ•? call
      |                      ^~~~~~~~~~~~~~~~~~~~~~~~~~~
../Core/Src/UART0.c:24:37: note: expected 'char *' but argument is of type 'volatile unsigned char *'
   24 | extern void set_rtc_data_time(char *data_time);
      |                               ~~~~~~^~~~~~~~~
arm-none-eabi-gcc "../Core/Src/i2c_lcd.c" -mcpu=cortex-m4 -std=gnu11 -g3 -DDEBUG -DUSE_HAL_DRIVER -DSTM32F411xE -c -I../Core/Inc -I../Drivers/STM32F4xx_HAL_Driver/Inc -I../Drivers/STM32F4xx_HAL_Driver/Inc/Legacy -I../Drivers/CMSIS/Device/ST/STM32F4xx/Include -I../Drivers/CMSIS/Include -O0 -ffunction-sections -fdata-sections -Wall -fstack-usage -MMD -MP -MF"Core/Src/i2c_lcd.d" -MT"Core/Src/i2c_lcd.o" --specs=nano.specs -mfpu=fpv4-sp-d16 -mfloat-abi=hard -mthumb -o "Core/Src/i2c_lcd.o"
../Core/Src/ULTRASONIC.c: In function 'make_trigger':
../Core/Src/ULTRASONIC.c:47:2: warning: implicit declaration of function 'delay_us' [-Wimplicit-function-declaration]
   47 |  delay_us(2);
      |  ^~~~~~~~
../Core/Src/ULTRASONIC.c: In function 'ultrasonic_processing':
../Core/Src/ULTRASONIC.c:65:4: warning: implicit declaration of function 'printf' [-Wimplicit-function-declaration]
   65 |    printf("distance : %d\n", real_distance);
      |    ^~~~~~
../Core/Src/ULTRASONIC.c:65:4: warning: incompatible implicit declaration of built-in function 'printf'
../Core/Src/ULTRASONIC.c:2:1: note: include '<stdio.h>' or provide a declaration of 'printf'
    1 | #include "main.h"  // GPIO HAL
  +++ |+#include <stdio.h>
    2 | 
../Core/Src/i2c_lcd.c: In function 'i2c_lcd_main':
../Core/Src/i2c_lcd.c:28:14: warning: pointer targets in passing argument 1 of 'lcd_string' differ in signedness [-Wpointer-sign]
   28 |   lcd_string("Hello World!!!");
      |              ^~~~~~~~~~~~~~~~
      |              |
      |              char *
In file included from ../Core/Src/i2c_lcd.c:8:
../Core/Inc/i2c_lcd.h:23:26: note: expected 'uint8_t *' {aka 'unsigned char *'} but argument is of type 'char *'
   23 | void lcd_string(uint8_t *str);
      |                 ~~~~~~~~~^~~
arm-none-eabi-gcc "../Core/Src/main.c" -mcpu=cortex-m4 -std=gnu11 -g3 -DDEBUG -DUSE_HAL_DRIVER -DSTM32F411xE -c -I../Core/Inc -I../Drivers/STM32F4xx_HAL_Driver/Inc -I../Drivers/STM32F4xx_HAL_Driver/Inc/Legacy -I../Drivers/CMSIS/Device/ST/STM32F4xx/Include -I../Drivers/CMSIS/Include -O0 -ffunction-sections -fdata-sections -Wall -fstack-usage -MMD -MP -MF"Core/Src/main.d" -MT"Core/Src/main.o" --specs=nano.specs -mfpu=fpv4-sp-d16 -mfloat-abi=hard -mthumb -o "Core/Src/main.o"
arm-none-eabi-gcc "../Core/Src/stm32f4xx_hal_msp.c" -mcpu=cortex-m4 -std=gnu11 -g3 -DDEBUG -DUSE_HAL_DRIVER -DSTM32F411xE -c -I../Core/Inc -I../Drivers/STM32F4xx_HAL_Driver/Inc -I../Drivers/STM32F4xx_HAL_Driver/Inc/Legacy -I../Drivers/CMSIS/Device/ST/STM32F4xx/Include -I../Drivers/CMSIS/Include -O0 -ffunction-sections -fdata-sections -Wall -fstack-usage -MMD -MP -MF"Core/Src/stm32f4xx_hal_msp.d" -MT"Core/Src/stm32f4xx_hal_msp.o" --specs=nano.specs -mfpu=fpv4-sp-d16 -mfloat-abi=hard -mthumb -o "Core/Src/stm32f4xx_hal_msp.o"
arm-none-eabi-gcc "../Core/Src/stm32f4xx_it.c" -mcpu=cortex-m4 -std=gnu11 -g3 -DDEBUG -DUSE_HAL_DRIVER -DSTM32F411xE -c -I../Core/Inc -I../Drivers/STM32F4xx_HAL_Driver/Inc -I../Drivers/STM32F4xx_HAL_Driver/Inc/Legacy -I../Drivers/CMSIS/Device/ST/STM32F4xx/Include -I../Drivers/CMSIS/Include -O0 -ffunction-sections -fdata-sections -Wall -fstack-usage -MMD -MP -MF"Core/Src/stm32f4xx_it.d" -MT"Core/Src/stm32f4xx_it.o" --specs=nano.specs -mfpu=fpv4-sp-d16 -mfloat-abi=hard -mthumb -o "Core/Src/stm32f4xx_it.o"
../Core/Src/main.c: In function 'main':
../Core/Src/main.c:232:32: warning: passing argument 2 of 'HAL_UART_Receive_IT' discards 'volatile' qualifier from pointer target type [-Wdiscarded-qualifiers]
  232 |   HAL_UART_Receive_IT(&huart2, &rx_data, 1); // PC UART enable
      |                                ^~~~~~~~
In file included from ../Core/Inc/stm32f4xx_hal_conf.h:406,
                 from ../Drivers/STM32F4xx_HAL_Driver/Inc/stm32f4xx_hal.h:30,
                 from ../Core/Inc/main.h:31,
                 from ../Core/Src/main.c:21:
../Drivers/STM32F4xx_HAL_Driver/Inc/stm32f4xx_hal_uart.h:726:75: note: expected 'uint8_t *' {aka 'unsigned char *'} but argument is of type 'volatile uint8_t *' {aka 'volatile unsigned char *'}
  726 | HAL_StatusTypeDef HAL_UART_Receive_IT(UART_HandleTypeDef *huart, uint8_t *pData, uint16_t Size);
      |                                                                  ~~~~~~~~~^~~~~
../Core/Src/main.c:233:32: warning: passing argument 2 of 'HAL_UART_Receive_IT' discards 'volatile' qualifier from pointer target type [-Wdiscarded-qualifiers]
  233 |   HAL_UART_Receive_IT(&huart1, &rx_data, 1); // BT UART enable -> warning : rx_data change -> PC & BT enable
      |                                ^~~~~~~~
In file included from ../Core/Inc/stm32f4xx_hal_conf.h:406,
                 from ../Drivers/STM32F4xx_HAL_Driver/Inc/stm32f4xx_hal.h:30,
                 from ../Core/Inc/main.h:31,
                 from ../Core/Src/main.c:21:
../Drivers/STM32F4xx_HAL_Driver/Inc/stm32f4xx_hal_uart.h:726:75: note: expected 'uint8_t *' {aka 'unsigned char *'} but argument is of type 'volatile uint8_t *' {aka 'volatile unsigned char *'}
  726 | HAL_StatusTypeDef HAL_UART_Receive_IT(UART_HandleTypeDef *huart, uint8_t *pData, uint16_t Size);
      |                                                                  ~~~~~~~~~^~~~~
arm-none-eabi-gcc "../Core/Src/syscalls.c" -mcpu=cortex-m4 -std=gnu11 -g3 -DDEBUG -DUSE_HAL_DRIVER -DSTM32F411xE -c -I../Core/Inc -I../Drivers/STM32F4xx_HAL_Driver/Inc -I../Drivers/STM32F4xx_HAL_Driver/Inc/Legacy -I../Drivers/CMSIS/Device/ST/STM32F4xx/Include -I../Drivers/CMSIS/Include -O0 -ffunction-sections -fdata-sections -Wall -fstack-usage -MMD -MP -MF"Core/Src/syscalls.d" -MT"Core/Src/syscalls.o" --specs=nano.specs -mfpu=fpv4-sp-d16 -mfloat-abi=hard -mthumb -o "Core/Src/syscalls.o"
arm-none-eabi-gcc "../Core/Src/sysmem.c" -mcpu=cortex-m4 -std=gnu11 -g3 -DDEBUG -DUSE_HAL_DRIVER -DSTM32F411xE -c -I../Core/Inc -I../Drivers/STM32F4xx_HAL_Driver/Inc -I../Drivers/STM32F4xx_HAL_Driver/Inc/Legacy -I../Drivers/CMSIS/Device/ST/STM32F4xx/Include -I../Drivers/CMSIS/Include -O0 -ffunction-sections -fdata-sections -Wall -fstack-usage -MMD -MP -MF"Core/Src/sysmem.d" -MT"Core/Src/sysmem.o" --specs=nano.specs -mfpu=fpv4-sp-d16 -mfloat-abi=hard -mthumb -o "Core/Src/sysmem.o"
arm-none-eabi-gcc "../Core/Src/system_stm32f4xx.c" -mcpu=cortex-m4 -std=gnu11 -g3 -DDEBUG -DUSE_HAL_DRIVER -DSTM32F411xE -c -I../Core/Inc -I../Drivers/STM32F4xx_HAL_Driver/Inc -I../Drivers/STM32F4xx_HAL_Driver/Inc/Legacy -I../Drivers/CMSIS/Device/ST/STM32F4xx/Include -I../Drivers/CMSIS/Include -O0 -ffunction-sections -fdata-sections -Wall -fstack-usage -MMD -MP -MF"Core/Src/system_stm32f4xx.d" -MT"Core/Src/system_stm32f4xx.o" --specs=nano.specs -mfpu=fpv4-sp-d16 -mfloat-abi=hard -mthumb -o "Core/Src/system_stm32f4xx.o"
arm-none-eabi-gcc -o "07.ELEVATOR.elf" @"objects.list"   -mcpu=cortex-m4 -T"C:\Users\kccistc\Desktop\kimjunghoon\07.ELEVATOR\STM32F411RETX_FLASH.ld" --specs=nosys.specs -Wl,-Map="07.ELEVATOR.map" -Wl,--gc-sections -static --specs=nano.specs -mfpu=fpv4-sp-d16 -mfloat-abi=hard -mthumb -Wl,--start-group -lc -lm -Wl,--end-group
Finished building target: 07.ELEVATOR.elf
 
arm-none-eabi-size   07.ELEVATOR.elf 
arm-none-eabi-objdump -h -S  07.ELEVATOR.elf  > "07.ELEVATOR.list"
arm-none-eabi-objcopy  -O binary  07.ELEVATOR.elf  "07.ELEVATOR.bin"
   text	   data	    bss	    dec	    hex	filename
  27824	     36	   3692	  31552	   7b40	07.ELEVATOR.elf
Finished building: default.size.stdout
 
Finished building: 07.ELEVATOR.bin
 
Finished building: 07.ELEVATOR.list
 
10:50:08 **** Incremental Build of configuration Debug for project 07.ELEVATOR ****
make -j4 all 
arm-none-eabi-gcc "../Core/Src/main.c" -mcpu=cortex-m4 -std=gnu11 -g3 -DDEBUG -DUSE_HAL_DRIVER -DSTM32F411xE -c -I../Core/Inc -I../Drivers/STM32F4xx_HAL_Driver/Inc -I../Drivers/STM32F4xx_HAL_Driver/Inc/Legacy -I../Drivers/CMSIS/Device/ST/STM32F4xx/Include -I../Drivers/CMSIS/Include -O0 -ffunction-sections -fdata-sections -Wall -fstack-usage -MMD -MP -MF"Core/Src/main.d" -MT"Core/Src/main.o" --specs=nano.specs -mfpu=fpv4-sp-d16 -mfloat-abi=hard -mthumb -o "Core/Src/main.o"
../Core/Src/main.c: In function 'main':
../Core/Src/main.c:232:32: warning: passing argument 2 of 'HAL_UART_Receive_IT' discards 'volatile' qualifier from pointer target type [-Wdiscarded-qualifiers]
  232 |   HAL_UART_Receive_IT(&huart2, &rx_data, 1); // PC UART enable
      |                                ^~~~~~~~
In file included from ../Core/Inc/stm32f4xx_hal_conf.h:406,
                 from ../Drivers/STM32F4xx_HAL_Driver/Inc/stm32f4xx_hal.h:30,
                 from ../Core/Inc/main.h:31,
                 from ../Core/Src/main.c:21:
../Drivers/STM32F4xx_HAL_Driver/Inc/stm32f4xx_hal_uart.h:726:75: note: expected 'uint8_t *' {aka 'unsigned char *'} but argument is of type 'volatile uint8_t *' {aka 'volatile unsigned char *'}
  726 | HAL_StatusTypeDef HAL_UART_Receive_IT(UART_HandleTypeDef *huart, uint8_t *pData, uint16_t Size);
      |                                                                  ~~~~~~~~~^~~~~
../Core/Src/main.c:233:32: warning: passing argument 2 of 'HAL_UART_Receive_IT' discards 'volatile' qualifier from pointer target type [-Wdiscarded-qualifiers]
  233 |   HAL_UART_Receive_IT(&huart1, &rx_data, 1); // BT UART enable -> warning : rx_data change -> PC & BT enable
      |                                ^~~~~~~~
In file included from ../Core/Inc/stm32f4xx_hal_conf.h:406,
                 from ../Drivers/STM32F4xx_HAL_Driver/Inc/stm32f4xx_hal.h:30,
                 from ../Core/Inc/main.h:31,
                 from ../Core/Src/main.c:21:
../Drivers/STM32F4xx_HAL_Driver/Inc/stm32f4xx_hal_uart.h:726:75: note: expected 'uint8_t *' {aka 'unsigned char *'} but argument is of type 'volatile uint8_t *' {aka 'volatile unsigned char *'}
  726 | HAL_StatusTypeDef HAL_UART_Receive_IT(UART_HandleTypeDef *huart, uint8_t *pData, uint16_t Size);
      |                                                                  ~~~~~~~~~^~~~~
arm-none-eabi-gcc -o "07.ELEVATOR.elf" @"objects.list"   -mcpu=cortex-m4 -T"C:\Users\kccistc\Desktop\kimjunghoon\07.ELEVATOR\STM32F411RETX_FLASH.ld" --specs=nosys.specs -Wl,-Map="07.ELEVATOR.map" -Wl,--gc-sections -static --specs=nano.specs -mfpu=fpv4-sp-d16 -mfloat-abi=hard -mthumb -Wl,--start-group -lc -lm -Wl,--end-group
Finished building target: 07.ELEVATOR.elf
 
arm-none-eabi-size   07.ELEVATOR.elf 
arm-none-eabi-objdump -h -S  07.ELEVATOR.elf  > "07.ELEVATOR.list"
arm-none-eabi-objcopy  -O binary  07.ELEVATOR.elf  "07.ELEVATOR.bin"
   text	   data	    bss	    dec	    hex	filename
  34780	    136	   3808	  38724	   9744	07.ELEVATOR.elf
Finished building: default.size.stdout
 
Finished building: 07.ELEVATOR.bin
 
Finished building: 07.ELEVATOR.list
 
12:32:54 **** Incremental Build of configuration Debug for project 07.ELEVATOR ****
make -j4 all 
arm-none-eabi-gcc "../Core/Src/STEPMOTOR.c" -mcpu=cortex-m4 -std=gnu11 -g3 -DDEBUG -DUSE_HAL_DRIVER -DSTM32F411xE -c -I../Core/Inc -I../Drivers/STM32F4xx_HAL_Driver/Inc -I../Drivers/STM32F4xx_HAL_Driver/Inc/Legacy -I../Drivers/CMSIS/Device/ST/STM32F4xx/Include -I../Drivers/CMSIS/Include -O0 -ffunction-sections -fdata-sections -Wall -fstack-usage -MMD -MP -MF"Core/Src/STEPMOTOR.d" -MT"Core/Src/STEPMOTOR.o" --specs=nano.specs -mfpu=fpv4-sp-d16 -mfloat-abi=hard -mthumb -o "Core/Src/STEPMOTOR.o"
../Core/Src/STEPMOTOR.c:12:5: warning: built-in function 'floor' declared as non-function [-Wbuiltin-declaration-mismatch]
   12 | int floor = FLOOR1;         // 1Ï∏?(FLOOR1), 2Ï∏?(FLOOR2), 3Ï∏?(FLOOR3), 4Ï∏?(FLOOR4)
      |     ^~~~~
../Core/Src/STEPMOTOR.c: In function 'elevator_activation':
../Core/Src/STEPMOTOR.c:130:3: warning: implicit declaration of function 'elevator_door_inactive'; did you mean 'elevator_motor_inactive'? [-Wimplicit-function-declaration]
  130 |   elevator_door_inactive();
      |   ^~~~~~~~~~~~~~~~~~~~~~
      |   elevator_motor_inactive
../Core/Src/STEPMOTOR.c: At top level:
../Core/Src/STEPMOTOR.c:148:6: warning: conflicting types for 'elevator_door_inactive'
  148 | void elevator_door_inactive()
      |      ^~~~~~~~~~~~~~~~~~~~~~
../Core/Src/STEPMOTOR.c:130:3: note: previous implicit declaration of 'elevator_door_inactive' was here
  130 |   elevator_door_inactive();
      |   ^~~~~~~~~~~~~~~~~~~~~~
../Core/Src/STEPMOTOR.c: In function 'elevator_door_inactive':
../Core/Src/STEPMOTOR.c:158:4: warning: implicit declaration of function 'elevator_door_open'; did you mean 'elevator_motor_down'? [-Wimplicit-function-declaration]
  158 |    elevator_door_open();
      |    ^~~~~~~~~~~~~~~~~~
      |    elevator_motor_down
../Core/Src/STEPMOTOR.c: At top level:
../Core/Src/STEPMOTOR.c:163:6: warning: conflicting types for 'elevator_door_open'
  163 | void elevator_door_open()
      |      ^~~~~~~~~~~~~~~~~~
../Core/Src/STEPMOTOR.c:158:4: note: previous implicit declaration of 'elevator_door_open' was here
  158 |    elevator_door_open();
      |    ^~~~~~~~~~~~~~~~~~
arm-none-eabi-gcc -o "07.ELEVATOR.elf" @"objects.list"   -mcpu=cortex-m4 -T"C:\Users\kccistc\Desktop\kimjunghoon\07.ELEVATOR\STM32F411RETX_FLASH.ld" --specs=nosys.specs -Wl,-Map="07.ELEVATOR.map" -Wl,--gc-sections -static --specs=nano.specs -mfpu=fpv4-sp-d16 -mfloat-abi=hard -mthumb -Wl,--start-group -lc -lm -Wl,--end-group
Finished building target: 07.ELEVATOR.elf
 
arm-none-eabi-size   07.ELEVATOR.elf 
arm-none-eabi-objdump -h -S  07.ELEVATOR.elf  > "07.ELEVATOR.list"
arm-none-eabi-objcopy  -O binary  07.ELEVATOR.elf  "07.ELEVATOR.bin"
   text	   data	    bss	    dec	    hex	filename
  34856	    136	   3808	  38800	   9790	07.ELEVATOR.elf
Finished building: default.size.stdout
 
Finished building: 07.ELEVATOR.bin
 
Finished building: 07.ELEVATOR.list
 
12:35:29 **** Incremental Build of configuration Debug for project 07.ELEVATOR ****
make -j4 all 
arm-none-eabi-gcc "../Core/Src/STEPMOTOR.c" -mcpu=cortex-m4 -std=gnu11 -g3 -DDEBUG -DUSE_HAL_DRIVER -DSTM32F411xE -c -I../Core/Inc -I../Drivers/STM32F4xx_HAL_Driver/Inc -I../Drivers/STM32F4xx_HAL_Driver/Inc/Legacy -I../Drivers/CMSIS/Device/ST/STM32F4xx/Include -I../Drivers/CMSIS/Include -O0 -ffunction-sections -fdata-sections -Wall -fstack-usage -MMD -MP -MF"Core/Src/STEPMOTOR.d" -MT"Core/Src/STEPMOTOR.o" --specs=nano.specs -mfpu=fpv4-sp-d16 -mfloat-abi=hard -mthumb -o "Core/Src/STEPMOTOR.o"
../Core/Src/STEPMOTOR.c:12:5: warning: built-in function 'floor' declared as non-function [-Wbuiltin-declaration-mismatch]
   12 | int floor = FLOOR1;         // 1Ï∏?(FLOOR1), 2Ï∏?(FLOOR2), 3Ï∏?(FLOOR3), 4Ï∏?(FLOOR4)
      |     ^~~~~
../Core/Src/STEPMOTOR.c: In function 'elevator_activation':
../Core/Src/STEPMOTOR.c:130:3: warning: implicit declaration of function 'elevator_door_inactive'; did you mean 'elevator_motor_inactive'? [-Wimplicit-function-declaration]
  130 |   elevator_door_inactive();
      |   ^~~~~~~~~~~~~~~~~~~~~~
      |   elevator_motor_inactive
../Core/Src/STEPMOTOR.c: At top level:
../Core/Src/STEPMOTOR.c:148:6: warning: conflicting types for 'elevator_door_inactive'
  148 | void elevator_door_inactive()
      |      ^~~~~~~~~~~~~~~~~~~~~~
../Core/Src/STEPMOTOR.c:130:3: note: previous implicit declaration of 'elevator_door_inactive' was here
  130 |   elevator_door_inactive();
      |   ^~~~~~~~~~~~~~~~~~~~~~
../Core/Src/STEPMOTOR.c: In function 'elevator_door_inactive':
../Core/Src/STEPMOTOR.c:158:4: warning: implicit declaration of function 'elevator_door_open'; did you mean 'elevator_motor_down'? [-Wimplicit-function-declaration]
  158 |    elevator_door_open();
      |    ^~~~~~~~~~~~~~~~~~
      |    elevator_motor_down
../Core/Src/STEPMOTOR.c: At top level:
../Core/Src/STEPMOTOR.c:163:6: warning: conflicting types for 'elevator_door_open'
  163 | void elevator_door_open()
      |      ^~~~~~~~~~~~~~~~~~
../Core/Src/STEPMOTOR.c:158:4: note: previous implicit declaration of 'elevator_door_open' was here
  158 |    elevator_door_open();
      |    ^~~~~~~~~~~~~~~~~~
arm-none-eabi-gcc -o "07.ELEVATOR.elf" @"objects.list"   -mcpu=cortex-m4 -T"C:\Users\kccistc\Desktop\kimjunghoon\07.ELEVATOR\STM32F411RETX_FLASH.ld" --specs=nosys.specs -Wl,-Map="07.ELEVATOR.map" -Wl,--gc-sections -static --specs=nano.specs -mfpu=fpv4-sp-d16 -mfloat-abi=hard -mthumb -Wl,--start-group -lc -lm -Wl,--end-group
Finished building target: 07.ELEVATOR.elf
 
arm-none-eabi-size   07.ELEVATOR.elf 
arm-none-eabi-objdump -h -S  07.ELEVATOR.elf  > "07.ELEVATOR.list"
arm-none-eabi-objcopy  -O binary  07.ELEVATOR.elf  "07.ELEVATOR.bin"
   text	   data	    bss	    dec	    hex	filename
  34928	    136	   3808	  38872	   97d8	07.ELEVATOR.elf
Finished building: default.size.stdout
 
Finished building: 07.ELEVATOR.bin
 
Finished building: 07.ELEVATOR.list
 
12:37:40 **** Incremental Build of configuration Debug for project 07.ELEVATOR ****
make -j4 all 
arm-none-eabi-gcc "../Core/Src/STEPMOTOR.c" -mcpu=cortex-m4 -std=gnu11 -g3 -DDEBUG -DUSE_HAL_DRIVER -DSTM32F411xE -c -I../Core/Inc -I../Drivers/STM32F4xx_HAL_Driver/Inc -I../Drivers/STM32F4xx_HAL_Driver/Inc/Legacy -I../Drivers/CMSIS/Device/ST/STM32F4xx/Include -I../Drivers/CMSIS/Include -O0 -ffunction-sections -fdata-sections -Wall -fstack-usage -MMD -MP -MF"Core/Src/STEPMOTOR.d" -MT"Core/Src/STEPMOTOR.o" --specs=nano.specs -mfpu=fpv4-sp-d16 -mfloat-abi=hard -mthumb -o "Core/Src/STEPMOTOR.o"
../Core/Src/STEPMOTOR.c:12:5: warning: built-in function 'floor' declared as non-function [-Wbuiltin-declaration-mismatch]
   12 | int floor = FLOOR1;         // 1Ï∏?(FLOOR1), 2Ï∏?(FLOOR2), 3Ï∏?(FLOOR3), 4Ï∏?(FLOOR4)
      |     ^~~~~
../Core/Src/STEPMOTOR.c: In function 'elevator_activation':
../Core/Src/STEPMOTOR.c:130:3: warning: implicit declaration of function 'elevator_door_inactive'; did you mean 'elevator_motor_inactive'? [-Wimplicit-function-declaration]
  130 |   elevator_door_inactive();
      |   ^~~~~~~~~~~~~~~~~~~~~~
      |   elevator_motor_inactive
../Core/Src/STEPMOTOR.c: At top level:
../Core/Src/STEPMOTOR.c:148:6: warning: conflicting types for 'elevator_door_inactive'
  148 | void elevator_door_inactive()
      |      ^~~~~~~~~~~~~~~~~~~~~~
../Core/Src/STEPMOTOR.c:130:3: note: previous implicit declaration of 'elevator_door_inactive' was here
  130 |   elevator_door_inactive();
      |   ^~~~~~~~~~~~~~~~~~~~~~
../Core/Src/STEPMOTOR.c: In function 'elevator_door_inactive':
../Core/Src/STEPMOTOR.c:158:4: warning: implicit declaration of function 'elevator_door_open'; did you mean 'elevator_motor_down'? [-Wimplicit-function-declaration]
  158 |    elevator_door_open();
      |    ^~~~~~~~~~~~~~~~~~
      |    elevator_motor_down
../Core/Src/STEPMOTOR.c: At top level:
../Core/Src/STEPMOTOR.c:163:6: warning: conflicting types for 'elevator_door_open'
  163 | void elevator_door_open()
      |      ^~~~~~~~~~~~~~~~~~
../Core/Src/STEPMOTOR.c:158:4: note: previous implicit declaration of 'elevator_door_open' was here
  158 |    elevator_door_open();
      |    ^~~~~~~~~~~~~~~~~~
arm-none-eabi-gcc -o "07.ELEVATOR.elf" @"objects.list"   -mcpu=cortex-m4 -T"C:\Users\kccistc\Desktop\kimjunghoon\07.ELEVATOR\STM32F411RETX_FLASH.ld" --specs=nosys.specs -Wl,-Map="07.ELEVATOR.map" -Wl,--gc-sections -static --specs=nano.specs -mfpu=fpv4-sp-d16 -mfloat-abi=hard -mthumb -Wl,--start-group -lc -lm -Wl,--end-group
Finished building target: 07.ELEVATOR.elf
 
arm-none-eabi-size   07.ELEVATOR.elf 
arm-none-eabi-objdump -h -S  07.ELEVATOR.elf  > "07.ELEVATOR.list"
arm-none-eabi-objcopy  -O binary  07.ELEVATOR.elf  "07.ELEVATOR.bin"
   text	   data	    bss	    dec	    hex	filename
  34952	    136	   3808	  38896	   97f0	07.ELEVATOR.elf
Finished building: default.size.stdout
 
Finished building: 07.ELEVATOR.bin
 
Finished building: 07.ELEVATOR.list
 
12:41:04 **** Incremental Build of configuration Debug for project 07.ELEVATOR ****
make -j4 all 
arm-none-eabi-gcc "../Core/Src/STEPMOTOR.c" -mcpu=cortex-m4 -std=gnu11 -g3 -DDEBUG -DUSE_HAL_DRIVER -DSTM32F411xE -c -I../Core/Inc -I../Drivers/STM32F4xx_HAL_Driver/Inc -I../Drivers/STM32F4xx_HAL_Driver/Inc/Legacy -I../Drivers/CMSIS/Device/ST/STM32F4xx/Include -I../Drivers/CMSIS/Include -O0 -ffunction-sections -fdata-sections -Wall -fstack-usage -MMD -MP -MF"Core/Src/STEPMOTOR.d" -MT"Core/Src/STEPMOTOR.o" --specs=nano.specs -mfpu=fpv4-sp-d16 -mfloat-abi=hard -mthumb -o "Core/Src/STEPMOTOR.o"
../Core/Src/STEPMOTOR.c:12:5: warning: built-in function 'floor' declared as non-function [-Wbuiltin-declaration-mismatch]
   12 | int floor = FLOOR1;         // 1Ï∏?(FLOOR1), 2Ï∏?(FLOOR2), 3Ï∏?(FLOOR3), 4Ï∏?(FLOOR4)
      |     ^~~~~
../Core/Src/STEPMOTOR.c: In function 'elevator_activation':
../Core/Src/STEPMOTOR.c:130:3: warning: implicit declaration of function 'elevator_door_inactive'; did you mean 'elevator_motor_inactive'? [-Wimplicit-function-declaration]
  130 |   elevator_door_inactive();
      |   ^~~~~~~~~~~~~~~~~~~~~~
      |   elevator_motor_inactive
../Core/Src/STEPMOTOR.c: At top level:
../Core/Src/STEPMOTOR.c:148:6: warning: conflicting types for 'elevator_door_inactive'
  148 | void elevator_door_inactive()
      |      ^~~~~~~~~~~~~~~~~~~~~~
../Core/Src/STEPMOTOR.c:130:3: note: previous implicit declaration of 'elevator_door_inactive' was here
  130 |   elevator_door_inactive();
      |   ^~~~~~~~~~~~~~~~~~~~~~
../Core/Src/STEPMOTOR.c: In function 'elevator_door_inactive':
../Core/Src/STEPMOTOR.c:158:4: warning: implicit declaration of function 'elevator_door_open'; did you mean 'elevator_motor_down'? [-Wimplicit-function-declaration]
  158 |    elevator_door_open();
      |    ^~~~~~~~~~~~~~~~~~
      |    elevator_motor_down
../Core/Src/STEPMOTOR.c: At top level:
../Core/Src/STEPMOTOR.c:163:6: warning: conflicting types for 'elevator_door_open'
  163 | void elevator_door_open()
      |      ^~~~~~~~~~~~~~~~~~
../Core/Src/STEPMOTOR.c:158:4: note: previous implicit declaration of 'elevator_door_open' was here
  158 |    elevator_door_open();
      |    ^~~~~~~~~~~~~~~~~~
arm-none-eabi-gcc -o "07.ELEVATOR.elf" @"objects.list"   -mcpu=cortex-m4 -T"C:\Users\kccistc\Desktop\kimjunghoon\07.ELEVATOR\STM32F411RETX_FLASH.ld" --specs=nosys.specs -Wl,-Map="07.ELEVATOR.map" -Wl,--gc-sections -static --specs=nano.specs -mfpu=fpv4-sp-d16 -mfloat-abi=hard -mthumb -Wl,--start-group -lc -lm -Wl,--end-group
Finished building target: 07.ELEVATOR.elf
 
arm-none-eabi-size   07.ELEVATOR.elf 
arm-none-eabi-objdump -h -S  07.ELEVATOR.elf  > "07.ELEVATOR.list"
arm-none-eabi-objcopy  -O binary  07.ELEVATOR.elf  "07.ELEVATOR.bin"
   text	   data	    bss	    dec	    hex	filename
  35040	    136	   3808	  38984	   9848	07.ELEVATOR.elf
Finished building: default.size.stdout
 
Finished building: 07.ELEVATOR.bin
 
Finished building: 07.ELEVATOR.list
 
13:01:48 **** Incremental Build of configuration Debug for project 07.ELEVATOR ****
make -j4 all 
arm-none-eabi-gcc "../Core/Src/STEPMOTOR.c" -mcpu=cortex-m4 -std=gnu11 -g3 -DDEBUG -DUSE_HAL_DRIVER -DSTM32F411xE -c -I../Core/Inc -I../Drivers/STM32F4xx_HAL_Driver/Inc -I../Drivers/STM32F4xx_HAL_Driver/Inc/Legacy -I../Drivers/CMSIS/Device/ST/STM32F4xx/Include -I../Drivers/CMSIS/Include -O0 -ffunction-sections -fdata-sections -Wall -fstack-usage -MMD -MP -MF"Core/Src/STEPMOTOR.d" -MT"Core/Src/STEPMOTOR.o" --specs=nano.specs -mfpu=fpv4-sp-d16 -mfloat-abi=hard -mthumb -o "Core/Src/STEPMOTOR.o"
../Core/Src/STEPMOTOR.c:12:5: warning: built-in function 'floor' declared as non-function [-Wbuiltin-declaration-mismatch]
   12 | int floor = FLOOR1;         // 1Ï∏?(FLOOR1), 2Ï∏?(FLOOR2), 3Ï∏?(FLOOR3), 4Ï∏?(FLOOR4)
      |     ^~~~~
../Core/Src/STEPMOTOR.c: In function 'elevator_activation':
../Core/Src/STEPMOTOR.c:130:3: warning: implicit declaration of function 'elevator_door_inactive'; did you mean 'elevator_motor_inactive'? [-Wimplicit-function-declaration]
  130 |   elevator_door_inactive();
      |   ^~~~~~~~~~~~~~~~~~~~~~
      |   elevator_motor_inactive
../Core/Src/STEPMOTOR.c:140:4: warning: implicit declaration of function 'elevator_door_close_for_active' [-Wimplicit-function-declaration]
  140 |    elevator_door_close_for_active();
      |    ^~~~~~~~~~~~~~~~~~~~~~~~~~~~~~
../Core/Src/STEPMOTOR.c: At top level:
../Core/Src/STEPMOTOR.c:150:6: warning: conflicting types for 'elevator_door_inactive'
  150 | void elevator_door_inactive()
      |      ^~~~~~~~~~~~~~~~~~~~~~
../Core/Src/STEPMOTOR.c:130:3: note: previous implicit declaration of 'elevator_door_inactive' was here
  130 |   elevator_door_inactive();
      |   ^~~~~~~~~~~~~~~~~~~~~~
../Core/Src/STEPMOTOR.c: In function 'elevator_door_inactive':
../Core/Src/STEPMOTOR.c:160:4: warning: implicit declaration of function 'elevator_door_open'; did you mean 'elevator_motor_down'? [-Wimplicit-function-declaration]
  160 |    elevator_door_open();
      |    ^~~~~~~~~~~~~~~~~~
      |    elevator_motor_down
../Core/Src/STEPMOTOR.c: At top level:
../Core/Src/STEPMOTOR.c:165:6: warning: conflicting types for 'elevator_door_open'
  165 | void elevator_door_open()
      |      ^~~~~~~~~~~~~~~~~~
../Core/Src/STEPMOTOR.c:160:4: note: previous implicit declaration of 'elevator_door_open' was here
  160 |    elevator_door_open();
      |    ^~~~~~~~~~~~~~~~~~
../Core/Src/STEPMOTOR.c:178:6: warning: conflicting types for 'elevator_door_close_for_active'
  178 | void elevator_door_close_for_active()
      |      ^~~~~~~~~~~~~~~~~~~~~~~~~~~~~~
../Core/Src/STEPMOTOR.c:140:4: note: previous implicit declaration of 'elevator_door_close_for_active' was here
  140 |    elevator_door_close_for_active();
      |    ^~~~~~~~~~~~~~~~~~~~~~~~~~~~~~
arm-none-eabi-gcc -o "07.ELEVATOR.elf" @"objects.list"   -mcpu=cortex-m4 -T"C:\Users\kccistc\Desktop\kimjunghoon\07.ELEVATOR\STM32F411RETX_FLASH.ld" --specs=nosys.specs -Wl,-Map="07.ELEVATOR.map" -Wl,--gc-sections -static --specs=nano.specs -mfpu=fpv4-sp-d16 -mfloat-abi=hard -mthumb -Wl,--start-group -lc -lm -Wl,--end-group
Finished building target: 07.ELEVATOR.elf
 
arm-none-eabi-size   07.ELEVATOR.elf 
arm-none-eabi-objdump -h -S  07.ELEVATOR.elf  > "07.ELEVATOR.list"
arm-none-eabi-objcopy  -O binary  07.ELEVATOR.elf  "07.ELEVATOR.bin"
   text	   data	    bss	    dec	    hex	filename
  35100	    136	   3808	  39044	   9884	07.ELEVATOR.elf
Finished building: default.size.stdout
 
Finished building: 07.ELEVATOR.bin
 
Finished building: 07.ELEVATOR.list
 
13:04:46 **** Incremental Build of configuration Debug for project 07.ELEVATOR ****
make -j4 all 
arm-none-eabi-gcc "../Core/Src/STEPMOTOR.c" -mcpu=cortex-m4 -std=gnu11 -g3 -DDEBUG -DUSE_HAL_DRIVER -DSTM32F411xE -c -I../Core/Inc -I../Drivers/STM32F4xx_HAL_Driver/Inc -I../Drivers/STM32F4xx_HAL_Driver/Inc/Legacy -I../Drivers/CMSIS/Device/ST/STM32F4xx/Include -I../Drivers/CMSIS/Include -O0 -ffunction-sections -fdata-sections -Wall -fstack-usage -MMD -MP -MF"Core/Src/STEPMOTOR.d" -MT"Core/Src/STEPMOTOR.o" --specs=nano.specs -mfpu=fpv4-sp-d16 -mfloat-abi=hard -mthumb -o "Core/Src/STEPMOTOR.o"
../Core/Src/STEPMOTOR.c:12:5: warning: built-in function 'floor' declared as non-function [-Wbuiltin-declaration-mismatch]
   12 | int floor = FLOOR1;         // 1Ï∏?(FLOOR1), 2Ï∏?(FLOOR2), 3Ï∏?(FLOOR3), 4Ï∏?(FLOOR4)
      |     ^~~~~
../Core/Src/STEPMOTOR.c: In function 'elevator_activation':
../Core/Src/STEPMOTOR.c:130:3: warning: implicit declaration of function 'elevator_door_inactive'; did you mean 'elevator_motor_inactive'? [-Wimplicit-function-declaration]
  130 |   elevator_door_inactive();
      |   ^~~~~~~~~~~~~~~~~~~~~~
      |   elevator_motor_inactive
../Core/Src/STEPMOTOR.c:140:4: warning: implicit declaration of function 'elevator_door_close_for_active' [-Wimplicit-function-declaration]
  140 |    elevator_door_close_for_active();
      |    ^~~~~~~~~~~~~~~~~~~~~~~~~~~~~~
../Core/Src/STEPMOTOR.c: At top level:
../Core/Src/STEPMOTOR.c:150:6: warning: conflicting types for 'elevator_door_inactive'
  150 | void elevator_door_inactive()
      |      ^~~~~~~~~~~~~~~~~~~~~~
../Core/Src/STEPMOTOR.c:130:3: note: previous implicit declaration of 'elevator_door_inactive' was here
  130 |   elevator_door_inactive();
      |   ^~~~~~~~~~~~~~~~~~~~~~
../Core/Src/STEPMOTOR.c: In function 'elevator_door_inactive':
../Core/Src/STEPMOTOR.c:160:4: warning: implicit declaration of function 'elevator_door_open'; did you mean 'elevator_motor_down'? [-Wimplicit-function-declaration]
  160 |    elevator_door_open();
      |    ^~~~~~~~~~~~~~~~~~
      |    elevator_motor_down
../Core/Src/STEPMOTOR.c: At top level:
../Core/Src/STEPMOTOR.c:165:6: warning: conflicting types for 'elevator_door_open'
  165 | void elevator_door_open()
      |      ^~~~~~~~~~~~~~~~~~
../Core/Src/STEPMOTOR.c:160:4: note: previous implicit declaration of 'elevator_door_open' was here
  160 |    elevator_door_open();
      |    ^~~~~~~~~~~~~~~~~~
../Core/Src/STEPMOTOR.c:179:6: warning: conflicting types for 'elevator_door_close_for_active'
  179 | void elevator_door_close_for_active()
      |      ^~~~~~~~~~~~~~~~~~~~~~~~~~~~~~
../Core/Src/STEPMOTOR.c:140:4: note: previous implicit declaration of 'elevator_door_close_for_active' was here
  140 |    elevator_door_close_for_active();
      |    ^~~~~~~~~~~~~~~~~~~~~~~~~~~~~~
arm-none-eabi-gcc -o "07.ELEVATOR.elf" @"objects.list"   -mcpu=cortex-m4 -T"C:\Users\kccistc\Desktop\kimjunghoon\07.ELEVATOR\STM32F411RETX_FLASH.ld" --specs=nosys.specs -Wl,-Map="07.ELEVATOR.map" -Wl,--gc-sections -static --specs=nano.specs -mfpu=fpv4-sp-d16 -mfloat-abi=hard -mthumb -Wl,--start-group -lc -lm -Wl,--end-group
Finished building target: 07.ELEVATOR.elf
 
arm-none-eabi-size   07.ELEVATOR.elf 
arm-none-eabi-objdump -h -S  07.ELEVATOR.elf  > "07.ELEVATOR.list"
arm-none-eabi-objcopy  -O binary  07.ELEVATOR.elf  "07.ELEVATOR.bin"
   text	   data	    bss	    dec	    hex	filename
  35108	    136	   3808	  39052	   988c	07.ELEVATOR.elf
Finished building: default.size.stdout
 
Finished building: 07.ELEVATOR.bin
 
Finished building: 07.ELEVATOR.list
 
13:05:54 **** Incremental Build of configuration Debug for project 07.ELEVATOR ****
make -j4 all 
arm-none-eabi-gcc "../Core/Src/STEPMOTOR.c" -mcpu=cortex-m4 -std=gnu11 -g3 -DDEBUG -DUSE_HAL_DRIVER -DSTM32F411xE -c -I../Core/Inc -I../Drivers/STM32F4xx_HAL_Driver/Inc -I../Drivers/STM32F4xx_HAL_Driver/Inc/Legacy -I../Drivers/CMSIS/Device/ST/STM32F4xx/Include -I../Drivers/CMSIS/Include -O0 -ffunction-sections -fdata-sections -Wall -fstack-usage -MMD -MP -MF"Core/Src/STEPMOTOR.d" -MT"Core/Src/STEPMOTOR.o" --specs=nano.specs -mfpu=fpv4-sp-d16 -mfloat-abi=hard -mthumb -o "Core/Src/STEPMOTOR.o"
../Core/Src/STEPMOTOR.c:12:5: warning: built-in function 'floor' declared as non-function [-Wbuiltin-declaration-mismatch]
   12 | int floor = FLOOR1;         // 1Ï∏?(FLOOR1), 2Ï∏?(FLOOR2), 3Ï∏?(FLOOR3), 4Ï∏?(FLOOR4)
      |     ^~~~~
../Core/Src/STEPMOTOR.c: In function 'elevator_activation':
../Core/Src/STEPMOTOR.c:130:3: warning: implicit declaration of function 'elevator_door_inactive'; did you mean 'elevator_motor_inactive'? [-Wimplicit-function-declaration]
  130 |   elevator_door_inactive();
      |   ^~~~~~~~~~~~~~~~~~~~~~
      |   elevator_motor_inactive
../Core/Src/STEPMOTOR.c:140:4: warning: implicit declaration of function 'elevator_door_close_for_active' [-Wimplicit-function-declaration]
  140 |    elevator_door_close_for_active();
      |    ^~~~~~~~~~~~~~~~~~~~~~~~~~~~~~
../Core/Src/STEPMOTOR.c: At top level:
../Core/Src/STEPMOTOR.c:150:6: warning: conflicting types for 'elevator_door_inactive'
  150 | void elevator_door_inactive()
      |      ^~~~~~~~~~~~~~~~~~~~~~
../Core/Src/STEPMOTOR.c:130:3: note: previous implicit declaration of 'elevator_door_inactive' was here
  130 |   elevator_door_inactive();
      |   ^~~~~~~~~~~~~~~~~~~~~~
../Core/Src/STEPMOTOR.c: In function 'elevator_door_inactive':
../Core/Src/STEPMOTOR.c:160:4: warning: implicit declaration of function 'elevator_door_open'; did you mean 'elevator_motor_down'? [-Wimplicit-function-declaration]
  160 |    elevator_door_open();
      |    ^~~~~~~~~~~~~~~~~~
      |    elevator_motor_down
../Core/Src/STEPMOTOR.c: At top level:
../Core/Src/STEPMOTOR.c:165:6: warning: conflicting types for 'elevator_door_open'
  165 | void elevator_door_open()
      |      ^~~~~~~~~~~~~~~~~~
../Core/Src/STEPMOTOR.c:160:4: note: previous implicit declaration of 'elevator_door_open' was here
  160 |    elevator_door_open();
      |    ^~~~~~~~~~~~~~~~~~
../Core/Src/STEPMOTOR.c:178:6: warning: conflicting types for 'elevator_door_close_for_active'
  178 | void elevator_door_close_for_active()
      |      ^~~~~~~~~~~~~~~~~~~~~~~~~~~~~~
../Core/Src/STEPMOTOR.c:140:4: note: previous implicit declaration of 'elevator_door_close_for_active' was here
  140 |    elevator_door_close_for_active();
      |    ^~~~~~~~~~~~~~~~~~~~~~~~~~~~~~
arm-none-eabi-gcc -o "07.ELEVATOR.elf" @"objects.list"   -mcpu=cortex-m4 -T"C:\Users\kccistc\Desktop\kimjunghoon\07.ELEVATOR\STM32F411RETX_FLASH.ld" --specs=nosys.specs -Wl,-Map="07.ELEVATOR.map" -Wl,--gc-sections -static --specs=nano.specs -mfpu=fpv4-sp-d16 -mfloat-abi=hard -mthumb -Wl,--start-group -lc -lm -Wl,--end-group
Finished building target: 07.ELEVATOR.elf
 
arm-none-eabi-size   07.ELEVATOR.elf 
arm-none-eabi-objdump -h -S  07.ELEVATOR.elf  > "07.ELEVATOR.list"
arm-none-eabi-objcopy  -O binary  07.ELEVATOR.elf  "07.ELEVATOR.bin"
   text	   data	    bss	    dec	    hex	filename
  35112	    136	   3808	  39056	   9890	07.ELEVATOR.elf
Finished building: default.size.stdout
 
Finished building: 07.ELEVATOR.bin
 
Finished building: 07.ELEVATOR.list
 
13:15:30 **** Incremental Build of configuration Debug for project 07.ELEVATOR ****
make -j4 all 
arm-none-eabi-gcc "../Core/Src/STEPMOTOR.c" -mcpu=cortex-m4 -std=gnu11 -g3 -DDEBUG -DUSE_HAL_DRIVER -DSTM32F411xE -c -I../Core/Inc -I../Drivers/STM32F4xx_HAL_Driver/Inc -I../Drivers/STM32F4xx_HAL_Driver/Inc/Legacy -I../Drivers/CMSIS/Device/ST/STM32F4xx/Include -I../Drivers/CMSIS/Include -O0 -ffunction-sections -fdata-sections -Wall -fstack-usage -MMD -MP -MF"Core/Src/STEPMOTOR.d" -MT"Core/Src/STEPMOTOR.o" --specs=nano.specs -mfpu=fpv4-sp-d16 -mfloat-abi=hard -mthumb -o "Core/Src/STEPMOTOR.o"
../Core/Src/STEPMOTOR.c:12:5: warning: built-in function 'floor' declared as non-function [-Wbuiltin-declaration-mismatch]
   12 | int floor = FLOOR1;         // 1Ï∏?(FLOOR1), 2Ï∏?(FLOOR2), 3Ï∏?(FLOOR3), 4Ï∏?(FLOOR4)
      |     ^~~~~
../Core/Src/STEPMOTOR.c: In function 'elevator_activation':
../Core/Src/STEPMOTOR.c:130:3: warning: implicit declaration of function 'elevator_door_inactive'; did you mean 'elevator_motor_inactive'? [-Wimplicit-function-declaration]
  130 |   elevator_door_inactive();
      |   ^~~~~~~~~~~~~~~~~~~~~~
      |   elevator_motor_inactive
../Core/Src/STEPMOTOR.c:140:4: warning: implicit declaration of function 'elevator_door_close_for_active' [-Wimplicit-function-declaration]
  140 |    elevator_door_close_for_active();
      |    ^~~~~~~~~~~~~~~~~~~~~~~~~~~~~~
../Core/Src/STEPMOTOR.c: At top level:
../Core/Src/STEPMOTOR.c:150:6: warning: conflicting types for 'elevator_door_inactive'
  150 | void elevator_door_inactive()
      |      ^~~~~~~~~~~~~~~~~~~~~~
../Core/Src/STEPMOTOR.c:130:3: note: previous implicit declaration of 'elevator_door_inactive' was here
  130 |   elevator_door_inactive();
      |   ^~~~~~~~~~~~~~~~~~~~~~
../Core/Src/STEPMOTOR.c: In function 'elevator_door_inactive':
../Core/Src/STEPMOTOR.c:160:4: warning: implicit declaration of function 'elevator_door_open'; did you mean 'elevator_motor_down'? [-Wimplicit-function-declaration]
  160 |    elevator_door_open();
      |    ^~~~~~~~~~~~~~~~~~
      |    elevator_motor_down
../Core/Src/STEPMOTOR.c: At top level:
../Core/Src/STEPMOTOR.c:165:6: warning: conflicting types for 'elevator_door_open'
  165 | void elevator_door_open()
      |      ^~~~~~~~~~~~~~~~~~
../Core/Src/STEPMOTOR.c:160:4: note: previous implicit declaration of 'elevator_door_open' was here
  160 |    elevator_door_open();
      |    ^~~~~~~~~~~~~~~~~~
../Core/Src/STEPMOTOR.c:178:6: warning: conflicting types for 'elevator_door_close_for_active'
  178 | void elevator_door_close_for_active()
      |      ^~~~~~~~~~~~~~~~~~~~~~~~~~~~~~
../Core/Src/STEPMOTOR.c:140:4: note: previous implicit declaration of 'elevator_door_close_for_active' was here
  140 |    elevator_door_close_for_active();
      |    ^~~~~~~~~~~~~~~~~~~~~~~~~~~~~~
arm-none-eabi-gcc -o "07.ELEVATOR.elf" @"objects.list"   -mcpu=cortex-m4 -T"C:\Users\kccistc\Desktop\kimjunghoon\07.ELEVATOR\STM32F411RETX_FLASH.ld" --specs=nosys.specs -Wl,-Map="07.ELEVATOR.map" -Wl,--gc-sections -static --specs=nano.specs -mfpu=fpv4-sp-d16 -mfloat-abi=hard -mthumb -Wl,--start-group -lc -lm -Wl,--end-group
Finished building target: 07.ELEVATOR.elf
 
arm-none-eabi-size   07.ELEVATOR.elf 
arm-none-eabi-objdump -h -S  07.ELEVATOR.elf  > "07.ELEVATOR.list"
arm-none-eabi-objcopy  -O binary  07.ELEVATOR.elf  "07.ELEVATOR.bin"
   text	   data	    bss	    dec	    hex	filename
  35272	    136	   3808	  39216	   9930	07.ELEVATOR.elf
Finished building: default.size.stdout
 
Finished building: 07.ELEVATOR.bin
 
Finished building: 07.ELEVATOR.list
 
13:16:53 **** Incremental Build of configuration Debug for project 07.ELEVATOR ****
make -j4 all 
arm-none-eabi-gcc "../Core/Src/STEPMOTOR.c" -mcpu=cortex-m4 -std=gnu11 -g3 -DDEBUG -DUSE_HAL_DRIVER -DSTM32F411xE -c -I../Core/Inc -I../Drivers/STM32F4xx_HAL_Driver/Inc -I../Drivers/STM32F4xx_HAL_Driver/Inc/Legacy -I../Drivers/CMSIS/Device/ST/STM32F4xx/Include -I../Drivers/CMSIS/Include -O0 -ffunction-sections -fdata-sections -Wall -fstack-usage -MMD -MP -MF"Core/Src/STEPMOTOR.d" -MT"Core/Src/STEPMOTOR.o" --specs=nano.specs -mfpu=fpv4-sp-d16 -mfloat-abi=hard -mthumb -o "Core/Src/STEPMOTOR.o"
../Core/Src/STEPMOTOR.c:12:5: warning: built-in function 'floor' declared as non-function [-Wbuiltin-declaration-mismatch]
   12 | int floor = FLOOR1;         // 1Ï∏?(FLOOR1), 2Ï∏?(FLOOR2), 3Ï∏?(FLOOR3), 4Ï∏?(FLOOR4)
      |     ^~~~~
../Core/Src/STEPMOTOR.c: In function 'elevator_activation':
../Core/Src/STEPMOTOR.c:130:3: warning: implicit declaration of function 'elevator_door_inactive'; did you mean 'elevator_motor_inactive'? [-Wimplicit-function-declaration]
  130 |   elevator_door_inactive();
      |   ^~~~~~~~~~~~~~~~~~~~~~
      |   elevator_motor_inactive
../Core/Src/STEPMOTOR.c:140:4: warning: implicit declaration of function 'elevator_door_close_for_active' [-Wimplicit-function-declaration]
  140 |    elevator_door_close_for_active();
      |    ^~~~~~~~~~~~~~~~~~~~~~~~~~~~~~
../Core/Src/STEPMOTOR.c: At top level:
../Core/Src/STEPMOTOR.c:150:6: warning: conflicting types for 'elevator_door_inactive'
  150 | void elevator_door_inactive()
      |      ^~~~~~~~~~~~~~~~~~~~~~
../Core/Src/STEPMOTOR.c:130:3: note: previous implicit declaration of 'elevator_door_inactive' was here
  130 |   elevator_door_inactive();
      |   ^~~~~~~~~~~~~~~~~~~~~~
../Core/Src/STEPMOTOR.c: In function 'elevator_door_inactive':
../Core/Src/STEPMOTOR.c:160:4: warning: implicit declaration of function 'elevator_door_open'; did you mean 'elevator_motor_down'? [-Wimplicit-function-declaration]
  160 |    elevator_door_open();
      |    ^~~~~~~~~~~~~~~~~~
      |    elevator_motor_down
../Core/Src/STEPMOTOR.c: At top level:
../Core/Src/STEPMOTOR.c:165:6: warning: conflicting types for 'elevator_door_open'
  165 | void elevator_door_open()
      |      ^~~~~~~~~~~~~~~~~~
../Core/Src/STEPMOTOR.c:160:4: note: previous implicit declaration of 'elevator_door_open' was here
  160 |    elevator_door_open();
      |    ^~~~~~~~~~~~~~~~~~
../Core/Src/STEPMOTOR.c:178:6: warning: conflicting types for 'elevator_door_close_for_active'
  178 | void elevator_door_close_for_active()
      |      ^~~~~~~~~~~~~~~~~~~~~~~~~~~~~~
../Core/Src/STEPMOTOR.c:140:4: note: previous implicit declaration of 'elevator_door_close_for_active' was here
  140 |    elevator_door_close_for_active();
      |    ^~~~~~~~~~~~~~~~~~~~~~~~~~~~~~
arm-none-eabi-gcc -o "07.ELEVATOR.elf" @"objects.list"   -mcpu=cortex-m4 -T"C:\Users\kccistc\Desktop\kimjunghoon\07.ELEVATOR\STM32F411RETX_FLASH.ld" --specs=nosys.specs -Wl,-Map="07.ELEVATOR.map" -Wl,--gc-sections -static --specs=nano.specs -mfpu=fpv4-sp-d16 -mfloat-abi=hard -mthumb -Wl,--start-group -lc -lm -Wl,--end-group
Finished building target: 07.ELEVATOR.elf
 
arm-none-eabi-size   07.ELEVATOR.elf 
arm-none-eabi-objdump -h -S  07.ELEVATOR.elf  > "07.ELEVATOR.list"
arm-none-eabi-objcopy  -O binary  07.ELEVATOR.elf  "07.ELEVATOR.bin"
   text	   data	    bss	    dec	    hex	filename
  35296	    136	   3808	  39240	   9948	07.ELEVATOR.elf
Finished building: default.size.stdout
 
Finished building: 07.ELEVATOR.bin
 
Finished building: 07.ELEVATOR.list
 
13:22:46 **** Incremental Build of configuration Debug for project 07.ELEVATOR ****
make -j4 all 
arm-none-eabi-gcc "../Core/Src/STEPMOTOR.c" -mcpu=cortex-m4 -std=gnu11 -g3 -DDEBUG -DUSE_HAL_DRIVER -DSTM32F411xE -c -I../Core/Inc -I../Drivers/STM32F4xx_HAL_Driver/Inc -I../Drivers/STM32F4xx_HAL_Driver/Inc/Legacy -I../Drivers/CMSIS/Device/ST/STM32F4xx/Include -I../Drivers/CMSIS/Include -O0 -ffunction-sections -fdata-sections -Wall -fstack-usage -MMD -MP -MF"Core/Src/STEPMOTOR.d" -MT"Core/Src/STEPMOTOR.o" --specs=nano.specs -mfpu=fpv4-sp-d16 -mfloat-abi=hard -mthumb -o "Core/Src/STEPMOTOR.o"
../Core/Src/STEPMOTOR.c:12:5: warning: built-in function 'floor' declared as non-function [-Wbuiltin-declaration-mismatch]
   12 | int floor = FLOOR1;         // 1Ï∏?(FLOOR1), 2Ï∏?(FLOOR2), 3Ï∏?(FLOOR3), 4Ï∏?(FLOOR4)
      |     ^~~~~
../Core/Src/STEPMOTOR.c: In function 'elevator_activation':
../Core/Src/STEPMOTOR.c:130:3: warning: implicit declaration of function 'elevator_door_inactive'; did you mean 'elevator_motor_inactive'? [-Wimplicit-function-declaration]
  130 |   elevator_door_inactive();
      |   ^~~~~~~~~~~~~~~~~~~~~~
      |   elevator_motor_inactive
../Core/Src/STEPMOTOR.c:140:4: warning: implicit declaration of function 'elevator_door_close_for_active' [-Wimplicit-function-declaration]
  140 |    elevator_door_close_for_active();
      |    ^~~~~~~~~~~~~~~~~~~~~~~~~~~~~~
../Core/Src/STEPMOTOR.c: At top level:
../Core/Src/STEPMOTOR.c:150:6: warning: conflicting types for 'elevator_door_inactive'
  150 | void elevator_door_inactive()
      |      ^~~~~~~~~~~~~~~~~~~~~~
../Core/Src/STEPMOTOR.c:130:3: note: previous implicit declaration of 'elevator_door_inactive' was here
  130 |   elevator_door_inactive();
      |   ^~~~~~~~~~~~~~~~~~~~~~
../Core/Src/STEPMOTOR.c: In function 'elevator_door_inactive':
../Core/Src/STEPMOTOR.c:160:4: warning: implicit declaration of function 'elevator_door_open'; did you mean 'elevator_motor_down'? [-Wimplicit-function-declaration]
  160 |    elevator_door_open();
      |    ^~~~~~~~~~~~~~~~~~
      |    elevator_motor_down
../Core/Src/STEPMOTOR.c: At top level:
../Core/Src/STEPMOTOR.c:165:6: warning: conflicting types for 'elevator_door_open'
  165 | void elevator_door_open()
      |      ^~~~~~~~~~~~~~~~~~
../Core/Src/STEPMOTOR.c:160:4: note: previous implicit declaration of 'elevator_door_open' was here
  160 |    elevator_door_open();
      |    ^~~~~~~~~~~~~~~~~~
../Core/Src/STEPMOTOR.c:178:6: warning: conflicting types for 'elevator_door_close_for_active'
  178 | void elevator_door_close_for_active()
      |      ^~~~~~~~~~~~~~~~~~~~~~~~~~~~~~
../Core/Src/STEPMOTOR.c:140:4: note: previous implicit declaration of 'elevator_door_close_for_active' was here
  140 |    elevator_door_close_for_active();
      |    ^~~~~~~~~~~~~~~~~~~~~~~~~~~~~~
arm-none-eabi-gcc -o "07.ELEVATOR.elf" @"objects.list"   -mcpu=cortex-m4 -T"C:\Users\kccistc\Desktop\kimjunghoon\07.ELEVATOR\STM32F411RETX_FLASH.ld" --specs=nosys.specs -Wl,-Map="07.ELEVATOR.map" -Wl,--gc-sections -static --specs=nano.specs -mfpu=fpv4-sp-d16 -mfloat-abi=hard -mthumb -Wl,--start-group -lc -lm -Wl,--end-group
Finished building target: 07.ELEVATOR.elf
 
arm-none-eabi-size   07.ELEVATOR.elf 
arm-none-eabi-objdump -h -S  07.ELEVATOR.elf  > "07.ELEVATOR.list"
arm-none-eabi-objcopy  -O binary  07.ELEVATOR.elf  "07.ELEVATOR.bin"
   text	   data	    bss	    dec	    hex	filename
  35368	    136	   3808	  39312	   9990	07.ELEVATOR.elf
Finished building: default.size.stdout
 
Finished building: 07.ELEVATOR.bin
 
Finished building: 07.ELEVATOR.list
 
14:24:43 **** Incremental Build of configuration Debug for project 07.ELEVATOR ****
make -j4 all 
arm-none-eabi-gcc "../Core/Src/STEPMOTOR.c" -mcpu=cortex-m4 -std=gnu11 -g3 -DDEBUG -DUSE_HAL_DRIVER -DSTM32F411xE -c -I../Core/Inc -I../Drivers/STM32F4xx_HAL_Driver/Inc -I../Drivers/STM32F4xx_HAL_Driver/Inc/Legacy -I../Drivers/CMSIS/Device/ST/STM32F4xx/Include -I../Drivers/CMSIS/Include -O0 -ffunction-sections -fdata-sections -Wall -fstack-usage -MMD -MP -MF"Core/Src/STEPMOTOR.d" -MT"Core/Src/STEPMOTOR.o" --specs=nano.specs -mfpu=fpv4-sp-d16 -mfloat-abi=hard -mthumb -o "Core/Src/STEPMOTOR.o"
arm-none-eabi-gcc "../Core/Src/main.c" -mcpu=cortex-m4 -std=gnu11 -g3 -DDEBUG -DUSE_HAL_DRIVER -DSTM32F411xE -c -I../Core/Inc -I../Drivers/STM32F4xx_HAL_Driver/Inc -I../Drivers/STM32F4xx_HAL_Driver/Inc/Legacy -I../Drivers/CMSIS/Device/ST/STM32F4xx/Include -I../Drivers/CMSIS/Include -O0 -ffunction-sections -fdata-sections -Wall -fstack-usage -MMD -MP -MF"Core/Src/main.d" -MT"Core/Src/main.o" --specs=nano.specs -mfpu=fpv4-sp-d16 -mfloat-abi=hard -mthumb -o "Core/Src/main.o"
../Core/Src/STEPMOTOR.c:12:5: warning: built-in function 'floor' declared as non-function [-Wbuiltin-declaration-mismatch]
   12 | int floor = FLOOR1;         // 1Ï∏?(FLOOR1), 2Ï∏?(FLOOR2), 3Ï∏?(FLOOR3), 4Ï∏?(FLOOR4)
      |     ^~~~~
../Core/Src/STEPMOTOR.c: In function 'elevator_activation':
../Core/Src/STEPMOTOR.c:138:3: warning: implicit declaration of function 'elevator_door_inactive'; did you mean 'elevator_motor_inactive'? [-Wimplicit-function-declaration]
  138 |   elevator_door_inactive();
      |   ^~~~~~~~~~~~~~~~~~~~~~
      |   elevator_motor_inactive
../Core/Src/STEPMOTOR.c:139:3: warning: implicit declaration of function 'elevator_buzzer_inactive'; did you mean 'elevator_led_inactive'? [-Wimplicit-function-declaration]
  139 |   elevator_buzzer_inactive();
      |   ^~~~~~~~~~~~~~~~~~~~~~~~
      |   elevator_led_inactive
../Core/Src/STEPMOTOR.c:149:4: warning: implicit declaration of function 'elevator_door_close_for_active' [-Wimplicit-function-declaration]
  149 |    elevator_door_close_for_active();
      |    ^~~~~~~~~~~~~~~~~~~~~~~~~~~~~~
../Core/Src/STEPMOTOR.c: At top level:
../Core/Src/STEPMOTOR.c:159:6: warning: conflicting types for 'elevator_buzzer_inactive'
  159 | void elevator_buzzer_inactive()
      |      ^~~~~~~~~~~~~~~~~~~~~~~~
../Core/Src/STEPMOTOR.c:139:3: note: previous implicit declaration of 'elevator_buzzer_inactive' was here
  139 |   elevator_buzzer_inactive();
      |   ^~~~~~~~~~~~~~~~~~~~~~~~
../Core/Src/STEPMOTOR.c:173:6: warning: conflicting types for 'elevator_door_inactive'
  173 | void elevator_door_inactive()
      |      ^~~~~~~~~~~~~~~~~~~~~~
../Core/Src/STEPMOTOR.c:138:3: note: previous implicit declaration of 'elevator_door_inactive' was here
  138 |   elevator_door_inactive();
      |   ^~~~~~~~~~~~~~~~~~~~~~
../Core/Src/STEPMOTOR.c: In function 'elevator_door_inactive':
../Core/Src/STEPMOTOR.c:183:4: warning: implicit declaration of function 'elevator_door_open'; did you mean 'elevator_motor_down'? [-Wimplicit-function-declaration]
  183 |    elevator_door_open();
      |    ^~~~~~~~~~~~~~~~~~
      |    elevator_motor_down
../Core/Src/STEPMOTOR.c: At top level:
../Core/Src/STEPMOTOR.c:188:6: warning: conflicting types for 'elevator_door_open'
  188 | void elevator_door_open()
      |      ^~~~~~~~~~~~~~~~~~
../Core/Src/STEPMOTOR.c:183:4: note: previous implicit declaration of 'elevator_door_open' was here
  183 |    elevator_door_open();
      |    ^~~~~~~~~~~~~~~~~~
../Core/Src/STEPMOTOR.c:201:6: warning: conflicting types for 'elevator_door_close_for_active'
  201 | void elevator_door_close_for_active()
      |      ^~~~~~~~~~~~~~~~~~~~~~~~~~~~~~
../Core/Src/STEPMOTOR.c:149:4: note: previous implicit declaration of 'elevator_door_close_for_active' was here
  149 |    elevator_door_close_for_active();
      |    ^~~~~~~~~~~~~~~~~~~~~~~~~~~~~~
[...]
"make -j4 all" terminated with exit code 2. Build might be incomplete.
16:50:22 **** Incremental Build of configuration Debug for project 07.ELEVATOR ****
make -j4 all 
arm-none-eabi-gcc "../Core/Src/UART0.c" -mcpu=cortex-m4 -std=gnu11 -g3 -DDEBUG -DUSE_HAL_DRIVER -DSTM32F411xE -c -I../Core/Inc -I../Drivers/STM32F4xx_HAL_Driver/Inc -I../Drivers/STM32F4xx_HAL_Driver/Inc/Legacy -I../Drivers/CMSIS/Device/ST/STM32F4xx/Include -I../Drivers/CMSIS/Include -O0 -ffunction-sections -fdata-sections -Wall -fstack-usage -MMD -MP -MF"Core/Src/UART0.d" -MT"Core/Src/UART0.o" --specs=nano.specs -mfpu=fpv4-sp-d16 -mfloat-abi=hard -mthumb -o "Core/Src/UART0.o"
../Core/Src/UART0.c: In function 'HAL_UART_RxCpltCallback':
../Core/Src/UART0.c:61:32: warning: passing argument 2 of 'HAL_UART_Receive_IT' discards 'volatile' qualifier from pointer target type [-Wdiscarded-qualifiers]
   61 |   HAL_UART_Receive_IT(&huart2, &rx_data, 1);
      |                                ^~~~~~~~
In file included from ../Core/Inc/stm32f4xx_hal_conf.h:406,
                 from ../Drivers/STM32F4xx_HAL_Driver/Inc/stm32f4xx_hal.h:30,
                 from ../Core/Inc/main.h:31,
                 from ../Core/Src/UART0.c:8:
../Drivers/STM32F4xx_HAL_Driver/Inc/stm32f4xx_hal_uart.h:726:75: note: expected 'uint8_t *' {aka 'unsigned char *'} but argument is of type 'volatile uint8_t *' {aka 'volatile unsigned char *'}
  726 | HAL_StatusTypeDef HAL_UART_Receive_IT(UART_HandleTypeDef *huart, uint8_t *pData, uint16_t Size);
      |                                                                  ~~~~~~~~~^~~~~
../Core/Src/UART0.c:91:32: warning: passing argument 2 of 'HAL_UART_Receive_IT' discards 'volatile' qualifier from pointer target type [-Wdiscarded-qualifiers]
   91 |   HAL_UART_Receive_IT(&huart1, &rx_data, 1);
      |                                ^~~~~~~~
In file included from ../Core/Inc/stm32f4xx_hal_conf.h:406,
                 from ../Drivers/STM32F4xx_HAL_Driver/Inc/stm32f4xx_hal.h:30,
                 from ../Core/Inc/main.h:31,
                 from ../Core/Src/UART0.c:8:
../Drivers/STM32F4xx_HAL_Driver/Inc/stm32f4xx_hal_uart.h:726:75: note: expected 'uint8_t *' {aka 'unsigned char *'} but argument is of type 'volatile uint8_t *' {aka 'volatile unsigned char *'}
  726 | HAL_StatusTypeDef HAL_UART_Receive_IT(UART_HandleTypeDef *huart, uint8_t *pData, uint16_t Size);
      |                                                                  ~~~~~~~~~^~~~~
../Core/Src/UART0.c: In function 'pc_command_processing':
../Core/Src/UART0.c:131:6: warning: implicit declaration of function 'strncmp' [-Wimplicit-function-declaration]
  131 |   if(strncmp((const char *)rx_buff[output_pointer], "1_floor_up", strlen("1_floor_up")) == 0)
      |      ^~~~~~~
../Core/Src/UART0.c:131:67: warning: implicit declaration of function 'strlen' [-Wimplicit-function-declaration]
  131 |   if(strncmp((const char *)rx_buff[output_pointer], "1_floor_up", strlen("1_floor_up")) == 0)
      |                                                                   ^~~~~~
../Core/Src/UART0.c:131:67: warning: incompatible implicit declaration of built-in function 'strlen'
../Core/Src/UART0.c:11:1: note: include '<string.h>' or provide a declaration of 'strlen'
   10 | #include "STEPMOTOR.h"
  +++ |+#include <string.h>
   11 | 
../Core/Src/UART0.c:133:4: error: 'EXT_state' undeclared (first use in this function)
  133 |    EXT_state = EXT_active;
      |    ^~~~~~~~~
../Core/Src/UART0.c:133:4: note: each undeclared identifier is reported only once for each function it appears in
../Core/Src/UART0.c:134:4: error: 'ext_floor' undeclared (first use in this function)
  134 |    ext_floor = FLOOR1;
      |    ^~~~~~~~~
../Core/Src/UART0.c:136:7: error: 'floor_count' undeclared (first use in this function)
  136 |    if(floor_count < STEPS_PER_REV * ext_floor)
      |       ^~~~~~~~~~~
../Core/Src/UART0.c:137:5: error: 'motor_ext_state' undeclared (first use in this function)
  137 |     motor_ext_state = FORWARD;
      |     ^~~~~~~~~~~~~~~
../Core/Src/UART0.c:143:4: error: 'DOOR_state' undeclared (first use in this function)
  143 |    DOOR_state = DOOR_OPEN;
      |    ^~~~~~~~~~
../Core/Src/UART0.c:145:4: error: 'TIM11_10ms_door_counter' undeclared (first use in this function)
  145 |    TIM11_10ms_door_counter = 0;
      |    ^~~~~~~~~~~~~~~~~~~~~~~
../Core/Src/UART0.c:155:4: warning: implicit declaration of function 'printf' [-Wimplicit-function-declaration]
  155 |    printf("Update Clock!!!\n");
      |    ^~~~~~
../Core/Src/UART0.c:155:4: warning: incompatible implicit declaration of built-in function 'printf'
../Core/Src/UART0.c:11:1: note: include '<stdio.h>' or provide a declaration of 'printf'
   10 | #include "STEPMOTOR.h"
  +++ |+#include <stdio.h>
   11 | 
../Core/Src/UART0.c:156:22: warning: passing argument 1 of 'set_rtc_data_time' discards 'volatile' qualifier from pointer target type [-Wdiscarded-qualifiers]
  156 |    set_rtc_data_time(&rx_buff[output_pointer][6]);  //220830111500?ù¥ ?ì§?ñ¥?ûà?äî Ï£ºÏÜåÍ∞íÏùÑ ?ÑòÍ≤? set_rtc_data_time ?ï®?àòÎ•? call
      |                      ^~~~~~~~~~~~~~~~~~~~~~~~~~~
../Core/Src/UART0.c:25:37: note: expected 'char *' but argument is of type 'volatile unsigned char *'
   25 | extern void set_rtc_data_time(char *data_time);
      |                               ~~~~~~^~~~~~~~~
make: *** [Core/Src/subdir.mk:64: Core/Src/UART0.o] Error 1
"make -j4 all" terminated with exit code 2. Build might be incomplete.
16:52:18 **** Incremental Build of configuration Debug for project 07.ELEVATOR ****
make -j4 all 
arm-none-eabi-gcc "../Core/Src/UART0.c" -mcpu=cortex-m4 -std=gnu11 -g3 -DDEBUG -DUSE_HAL_DRIVER -DSTM32F411xE -c -I../Core/Inc -I../Drivers/STM32F4xx_HAL_Driver/Inc -I../Drivers/STM32F4xx_HAL_Driver/Inc/Legacy -I../Drivers/CMSIS/Device/ST/STM32F4xx/Include -I../Drivers/CMSIS/Include -O0 -ffunction-sections -fdata-sections -Wall -fstack-usage -MMD -MP -MF"Core/Src/UART0.d" -MT"Core/Src/UART0.o" --specs=nano.specs -mfpu=fpv4-sp-d16 -mfloat-abi=hard -mthumb -o "Core/Src/UART0.o"
../Core/Src/UART0.c: In function 'HAL_UART_RxCpltCallback':
../Core/Src/UART0.c:68:32: warning: passing argument 2 of 'HAL_UART_Receive_IT' discards 'volatile' qualifier from pointer target type [-Wdiscarded-qualifiers]
   68 |   HAL_UART_Receive_IT(&huart2, &rx_data, 1);
      |                                ^~~~~~~~
In file included from ../Core/Inc/stm32f4xx_hal_conf.h:406,
                 from ../Drivers/STM32F4xx_HAL_Driver/Inc/stm32f4xx_hal.h:30,
                 from ../Core/Inc/main.h:31,
                 from ../Core/Src/UART0.c:8:
../Drivers/STM32F4xx_HAL_Driver/Inc/stm32f4xx_hal_uart.h:726:75: note: expected 'uint8_t *' {aka 'unsigned char *'} but argument is of type 'volatile uint8_t *' {aka 'volatile unsigned char *'}
  726 | HAL_StatusTypeDef HAL_UART_Receive_IT(UART_HandleTypeDef *huart, uint8_t *pData, uint16_t Size);
      |                                                                  ~~~~~~~~~^~~~~
../Core/Src/UART0.c:98:32: warning: passing argument 2 of 'HAL_UART_Receive_IT' discards 'volatile' qualifier from pointer target type [-Wdiscarded-qualifiers]
   98 |   HAL_UART_Receive_IT(&huart1, &rx_data, 1);
      |                                ^~~~~~~~
In file included from ../Core/Inc/stm32f4xx_hal_conf.h:406,
                 from ../Drivers/STM32F4xx_HAL_Driver/Inc/stm32f4xx_hal.h:30,
                 from ../Core/Inc/main.h:31,
                 from ../Core/Src/UART0.c:8:
../Drivers/STM32F4xx_HAL_Driver/Inc/stm32f4xx_hal_uart.h:726:75: note: expected 'uint8_t *' {aka 'unsigned char *'} but argument is of type 'volatile uint8_t *' {aka 'volatile unsigned char *'}
  726 | HAL_StatusTypeDef HAL_UART_Receive_IT(UART_HandleTypeDef *huart, uint8_t *pData, uint16_t Size);
      |                                                                  ~~~~~~~~~^~~~~
../Core/Src/UART0.c: In function 'pc_command_processing':
../Core/Src/UART0.c:138:6: warning: implicit declaration of function 'strncmp' [-Wimplicit-function-declaration]
  138 |   if(strncmp((const char *)rx_buff[output_pointer], "1_floor_up", strlen("1_floor_up")) == 0)
      |      ^~~~~~~
../Core/Src/UART0.c:138:67: warning: implicit declaration of function 'strlen' [-Wimplicit-function-declaration]
  138 |   if(strncmp((const char *)rx_buff[output_pointer], "1_floor_up", strlen("1_floor_up")) == 0)
      |                                                                   ^~~~~~
../Core/Src/UART0.c:138:67: warning: incompatible implicit declaration of built-in function 'strlen'
../Core/Src/UART0.c:11:1: note: include '<string.h>' or provide a declaration of 'strlen'
   10 | #include "STEPMOTOR.h"
  +++ |+#include <string.h>
   11 | 
../Core/Src/UART0.c:143:7: error: 'floor_count' undeclared (first use in this function)
  143 |    if(floor_count < STEPS_PER_REV * ext_floor)
      |       ^~~~~~~~~~~
../Core/Src/UART0.c:143:7: note: each undeclared identifier is reported only once for each function it appears in
../Core/Src/UART0.c:152:4: error: 'TIM11_10ms_door_counter' undeclared (first use in this function)
  152 |    TIM11_10ms_door_counter = 0;
      |    ^~~~~~~~~~~~~~~~~~~~~~~
../Core/Src/UART0.c:162:4: warning: implicit declaration of function 'printf' [-Wimplicit-function-declaration]
  162 |    printf("Update Clock!!!\n");
      |    ^~~~~~
../Core/Src/UART0.c:162:4: warning: incompatible implicit declaration of built-in function 'printf'
../Core/Src/UART0.c:11:1: note: include '<stdio.h>' or provide a declaration of 'printf'
   10 | #include "STEPMOTOR.h"
  +++ |+#include <stdio.h>
   11 | 
../Core/Src/UART0.c:163:22: warning: passing argument 1 of 'set_rtc_data_time' discards 'volatile' qualifier from pointer target type [-Wdiscarded-qualifiers]
  163 |    set_rtc_data_time(&rx_buff[output_pointer][6]);  //220830111500?ù¥ ?ì§?ñ¥?ûà?äî Ï£ºÏÜåÍ∞íÏùÑ ?ÑòÍ≤? set_rtc_data_time ?ï®?àòÎ•? call
      |                      ^~~~~~~~~~~~~~~~~~~~~~~~~~~
../Core/Src/UART0.c:25:37: note: expected 'char *' but argument is of type 'volatile unsigned char *'
   25 | extern void set_rtc_data_time(char *data_time);
      |                               ~~~~~~^~~~~~~~~
make: *** [Core/Src/subdir.mk:64: Core/Src/UART0.o] Error 1
"make -j4 all" terminated with exit code 2. Build might be incomplete.
16:52:40 **** Incremental Build of configuration Debug for project 07.ELEVATOR ****
make -j4 all 
arm-none-eabi-gcc "../Core/Src/UART0.c" -mcpu=cortex-m4 -std=gnu11 -g3 -DDEBUG -DUSE_HAL_DRIVER -DSTM32F411xE -c -I../Core/Inc -I../Drivers/STM32F4xx_HAL_Driver/Inc -I../Drivers/STM32F4xx_HAL_Driver/Inc/Legacy -I../Drivers/CMSIS/Device/ST/STM32F4xx/Include -I../Drivers/CMSIS/Include -O0 -ffunction-sections -fdata-sections -Wall -fstack-usage -MMD -MP -MF"Core/Src/UART0.d" -MT"Core/Src/UART0.o" --specs=nano.specs -mfpu=fpv4-sp-d16 -mfloat-abi=hard -mthumb -o "Core/Src/UART0.o"
../Core/Src/UART0.c: In function 'HAL_UART_RxCpltCallback':
../Core/Src/UART0.c:69:32: warning: passing argument 2 of 'HAL_UART_Receive_IT' discards 'volatile' qualifier from pointer target type [-Wdiscarded-qualifiers]
   69 |   HAL_UART_Receive_IT(&huart2, &rx_data, 1);
      |                                ^~~~~~~~
In file included from ../Core/Inc/stm32f4xx_hal_conf.h:406,
                 from ../Drivers/STM32F4xx_HAL_Driver/Inc/stm32f4xx_hal.h:30,
                 from ../Core/Inc/main.h:31,
                 from ../Core/Src/UART0.c:8:
../Drivers/STM32F4xx_HAL_Driver/Inc/stm32f4xx_hal_uart.h:726:75: note: expected 'uint8_t *' {aka 'unsigned char *'} but argument is of type 'volatile uint8_t *' {aka 'volatile unsigned char *'}
  726 | HAL_StatusTypeDef HAL_UART_Receive_IT(UART_HandleTypeDef *huart, uint8_t *pData, uint16_t Size);
      |                                                                  ~~~~~~~~~^~~~~
../Core/Src/UART0.c:99:32: warning: passing argument 2 of 'HAL_UART_Receive_IT' discards 'volatile' qualifier from pointer target type [-Wdiscarded-qualifiers]
   99 |   HAL_UART_Receive_IT(&huart1, &rx_data, 1);
      |                                ^~~~~~~~
In file included from ../Core/Inc/stm32f4xx_hal_conf.h:406,
                 from ../Drivers/STM32F4xx_HAL_Driver/Inc/stm32f4xx_hal.h:30,
                 from ../Core/Inc/main.h:31,
                 from ../Core/Src/UART0.c:8:
../Drivers/STM32F4xx_HAL_Driver/Inc/stm32f4xx_hal_uart.h:726:75: note: expected 'uint8_t *' {aka 'unsigned char *'} but argument is of type 'volatile uint8_t *' {aka 'volatile unsigned char *'}
  726 | HAL_StatusTypeDef HAL_UART_Receive_IT(UART_HandleTypeDef *huart, uint8_t *pData, uint16_t Size);
      |                                                                  ~~~~~~~~~^~~~~
../Core/Src/UART0.c: In function 'pc_command_processing':
../Core/Src/UART0.c:139:6: warning: implicit declaration of function 'strncmp' [-Wimplicit-function-declaration]
  139 |   if(strncmp((const char *)rx_buff[output_pointer], "1_floor_up", strlen("1_floor_up")) == 0)
      |      ^~~~~~~
../Core/Src/UART0.c:139:67: warning: implicit declaration of function 'strlen' [-Wimplicit-function-declaration]
  139 |   if(strncmp((const char *)rx_buff[output_pointer], "1_floor_up", strlen("1_floor_up")) == 0)
      |                                                                   ^~~~~~
../Core/Src/UART0.c:139:67: warning: incompatible implicit declaration of built-in function 'strlen'
../Core/Src/UART0.c:11:1: note: include '<string.h>' or provide a declaration of 'strlen'
   10 | #include "STEPMOTOR.h"
  +++ |+#include <string.h>
   11 | 
../Core/Src/UART0.c:144:7: error: 'floor_count' undeclared (first use in this function)
  144 |    if(floor_count < STEPS_PER_REV * ext_floor)
      |       ^~~~~~~~~~~
../Core/Src/UART0.c:144:7: note: each undeclared identifier is reported only once for each function it appears in
../Core/Src/UART0.c:163:4: warning: implicit declaration of function 'printf' [-Wimplicit-function-declaration]
  163 |    printf("Update Clock!!!\n");
      |    ^~~~~~
../Core/Src/UART0.c:163:4: warning: incompatible implicit declaration of built-in function 'printf'
../Core/Src/UART0.c:11:1: note: include '<stdio.h>' or provide a declaration of 'printf'
   10 | #include "STEPMOTOR.h"
  +++ |+#include <stdio.h>
   11 | 
../Core/Src/UART0.c:164:22: warning: passing argument 1 of 'set_rtc_data_time' discards 'volatile' qualifier from pointer target type [-Wdiscarded-qualifiers]
  164 |    set_rtc_data_time(&rx_buff[output_pointer][6]);  //220830111500?ù¥ ?ì§?ñ¥?ûà?äî Ï£ºÏÜåÍ∞íÏùÑ ?ÑòÍ≤? set_rtc_data_time ?ï®?àòÎ•? call
      |                      ^~~~~~~~~~~~~~~~~~~~~~~~~~~
../Core/Src/UART0.c:25:37: note: expected 'char *' but argument is of type 'volatile unsigned char *'
   25 | extern void set_rtc_data_time(char *data_time);
      |                               ~~~~~~^~~~~~~~~
make: *** [Core/Src/subdir.mk:64: Core/Src/UART0.o] Error 1
"make -j4 all" terminated with exit code 2. Build might be incomplete.
16:53:18 **** Incremental Build of configuration Debug for project 07.ELEVATOR ****
make -j4 all 
arm-none-eabi-gcc "../Core/Src/UART0.c" -mcpu=cortex-m4 -std=gnu11 -g3 -DDEBUG -DUSE_HAL_DRIVER -DSTM32F411xE -c -I../Core/Inc -I../Drivers/STM32F4xx_HAL_Driver/Inc -I../Drivers/STM32F4xx_HAL_Driver/Inc/Legacy -I../Drivers/CMSIS/Device/ST/STM32F4xx/Include -I../Drivers/CMSIS/Include -O0 -ffunction-sections -fdata-sections -Wall -fstack-usage -MMD -MP -MF"Core/Src/UART0.d" -MT"Core/Src/UART0.o" --specs=nano.specs -mfpu=fpv4-sp-d16 -mfloat-abi=hard -mthumb -o "Core/Src/UART0.o"
../Core/Src/UART0.c: In function 'HAL_UART_RxCpltCallback':
../Core/Src/UART0.c:70:32: warning: passing argument 2 of 'HAL_UART_Receive_IT' discards 'volatile' qualifier from pointer target type [-Wdiscarded-qualifiers]
   70 |   HAL_UART_Receive_IT(&huart2, &rx_data, 1);
      |                                ^~~~~~~~
In file included from ../Core/Inc/stm32f4xx_hal_conf.h:406,
                 from ../Drivers/STM32F4xx_HAL_Driver/Inc/stm32f4xx_hal.h:30,
                 from ../Core/Inc/main.h:31,
                 from ../Core/Src/UART0.c:8:
../Drivers/STM32F4xx_HAL_Driver/Inc/stm32f4xx_hal_uart.h:726:75: note: expected 'uint8_t *' {aka 'unsigned char *'} but argument is of type 'volatile uint8_t *' {aka 'volatile unsigned char *'}
  726 | HAL_StatusTypeDef HAL_UART_Receive_IT(UART_HandleTypeDef *huart, uint8_t *pData, uint16_t Size);
      |                                                                  ~~~~~~~~~^~~~~
../Core/Src/UART0.c:100:32: warning: passing argument 2 of 'HAL_UART_Receive_IT' discards 'volatile' qualifier from pointer target type [-Wdiscarded-qualifiers]
  100 |   HAL_UART_Receive_IT(&huart1, &rx_data, 1);
      |                                ^~~~~~~~
In file included from ../Core/Inc/stm32f4xx_hal_conf.h:406,
                 from ../Drivers/STM32F4xx_HAL_Driver/Inc/stm32f4xx_hal.h:30,
                 from ../Core/Inc/main.h:31,
                 from ../Core/Src/UART0.c:8:
../Drivers/STM32F4xx_HAL_Driver/Inc/stm32f4xx_hal_uart.h:726:75: note: expected 'uint8_t *' {aka 'unsigned char *'} but argument is of type 'volatile uint8_t *' {aka 'volatile unsigned char *'}
  726 | HAL_StatusTypeDef HAL_UART_Receive_IT(UART_HandleTypeDef *huart, uint8_t *pData, uint16_t Size);
      |                                                                  ~~~~~~~~~^~~~~
../Core/Src/UART0.c: In function 'pc_command_processing':
../Core/Src/UART0.c:140:6: warning: implicit declaration of function 'strncmp' [-Wimplicit-function-declaration]
  140 |   if(strncmp((const char *)rx_buff[output_pointer], "1_floor_up", strlen("1_floor_up")) == 0)
      |      ^~~~~~~
../Core/Src/UART0.c:140:67: warning: implicit declaration of function 'strlen' [-Wimplicit-function-declaration]
  140 |   if(strncmp((const char *)rx_buff[output_pointer], "1_floor_up", strlen("1_floor_up")) == 0)
      |                                                                   ^~~~~~
../Core/Src/UART0.c:140:67: warning: incompatible implicit declaration of built-in function 'strlen'
../Core/Src/UART0.c:11:1: note: include '<string.h>' or provide a declaration of 'strlen'
   10 | #include "STEPMOTOR.h"
  +++ |+#include <string.h>
   11 | 
../Core/Src/UART0.c:164:4: warning: implicit declaration of function 'printf' [-Wimplicit-function-declaration]
  164 |    printf("Update Clock!!!\n");
      |    ^~~~~~
../Core/Src/UART0.c:164:4: warning: incompatible implicit declaration of built-in function 'printf'
../Core/Src/UART0.c:11:1: note: include '<stdio.h>' or provide a declaration of 'printf'
   10 | #include "STEPMOTOR.h"
  +++ |+#include <stdio.h>
   11 | 
../Core/Src/UART0.c:165:22: warning: passing argument 1 of 'set_rtc_data_time' discards 'volatile' qualifier from pointer target type [-Wdiscarded-qualifiers]
  165 |    set_rtc_data_time(&rx_buff[output_pointer][6]);  //220830111500?ù¥ ?ì§?ñ¥?ûà?äî Ï£ºÏÜåÍ∞íÏùÑ ?ÑòÍ≤? set_rtc_data_time ?ï®?àòÎ•? call
      |                      ^~~~~~~~~~~~~~~~~~~~~~~~~~~
../Core/Src/UART0.c:25:37: note: expected 'char *' but argument is of type 'volatile unsigned char *'
   25 | extern void set_rtc_data_time(char *data_time);
      |                               ~~~~~~^~~~~~~~~
arm-none-eabi-gcc -o "07.ELEVATOR.elf" @"objects.list"   -mcpu=cortex-m4 -T"C:\Users\kccistc\Desktop\kimjunghoon\07.ELEVATOR\STM32F411RETX_FLASH.ld" --specs=nosys.specs -Wl,-Map="07.ELEVATOR.map" -Wl,--gc-sections -static --specs=nano.specs -mfpu=fpv4-sp-d16 -mfloat-abi=hard -mthumb -Wl,--start-group -lc -lm -Wl,--end-group
Finished building target: 07.ELEVATOR.elf
 
arm-none-eabi-size   07.ELEVATOR.elf 
arm-none-eabi-objdump -h -S  07.ELEVATOR.elf  > "07.ELEVATOR.list"
arm-none-eabi-objcopy  -O binary  07.ELEVATOR.elf  "07.ELEVATOR.bin"
   text	   data	    bss	    dec	    hex	filename
  38112	    140	   3828	  42080	   a460	07.ELEVATOR.elf
Finished building: default.size.stdout
 
Finished building: 07.ELEVATOR.bin
 
Finished building: 07.ELEVATOR.list
 
